ARM GAS  C:\Users\Jerry\AppData\Local\Temp\ccfbbsr7.s 			page 1


   1              		.cpu cortex-m0plus
   2              		.fpu softvfp
   3              		.eabi_attribute 20, 1
   4              		.eabi_attribute 21, 1
   5              		.eabi_attribute 23, 3
   6              		.eabi_attribute 24, 1
   7              		.eabi_attribute 25, 1
   8              		.eabi_attribute 26, 1
   9              		.eabi_attribute 30, 4
  10              		.eabi_attribute 34, 0
  11              		.eabi_attribute 18, 4
  12              		.code	16
  13              		.file	"cyfitter_cfg.c"
  14              		.text
  15              	.Ltext0:
  16              		.cfi_sections	.debug_frame
  17              		.section	.text.SetAnalogRoutingPumps,"ax",%progbits
  18              		.align	1
  19              		.global	SetAnalogRoutingPumps
  20              		.code	16
  21              		.thumb_func
  22              		.type	SetAnalogRoutingPumps, %function
  23              	SetAnalogRoutingPumps:
  24              	.LFB6:
  25              		.file 1 "Generated_Source\\PSoC4\\cyfitter_cfg.c"
   1:Generated_Source\PSoC4/cyfitter_cfg.c **** /*******************************************************************************
   2:Generated_Source\PSoC4/cyfitter_cfg.c **** * File Name: cyfitter_cfg.c
   3:Generated_Source\PSoC4/cyfitter_cfg.c **** * 
   4:Generated_Source\PSoC4/cyfitter_cfg.c **** * PSoC Creator  4.0 Update 1
   5:Generated_Source\PSoC4/cyfitter_cfg.c **** *
   6:Generated_Source\PSoC4/cyfitter_cfg.c **** * Description:
   7:Generated_Source\PSoC4/cyfitter_cfg.c **** * This file contains device initialization code.
   8:Generated_Source\PSoC4/cyfitter_cfg.c **** * Except for the user defined sections in CyClockStartupError(), this file should not be modified.
   9:Generated_Source\PSoC4/cyfitter_cfg.c **** * This file is automatically generated by PSoC Creator.
  10:Generated_Source\PSoC4/cyfitter_cfg.c **** *
  11:Generated_Source\PSoC4/cyfitter_cfg.c **** ********************************************************************************
  12:Generated_Source\PSoC4/cyfitter_cfg.c **** * Copyright (c) 2007-2016 Cypress Semiconductor.  All rights reserved.
  13:Generated_Source\PSoC4/cyfitter_cfg.c **** * You may use this file only in accordance with the license, terms, conditions, 
  14:Generated_Source\PSoC4/cyfitter_cfg.c **** * disclaimers, and limitations in the end user license agreement accompanying 
  15:Generated_Source\PSoC4/cyfitter_cfg.c **** * the software package with which this file was provided.
  16:Generated_Source\PSoC4/cyfitter_cfg.c **** ********************************************************************************/
  17:Generated_Source\PSoC4/cyfitter_cfg.c **** 
  18:Generated_Source\PSoC4/cyfitter_cfg.c **** #include <string.h>
  19:Generated_Source\PSoC4/cyfitter_cfg.c **** #include "cytypes.h"
  20:Generated_Source\PSoC4/cyfitter_cfg.c **** #include "cydevice_trm.h"
  21:Generated_Source\PSoC4/cyfitter_cfg.c **** #include "cyfitter.h"
  22:Generated_Source\PSoC4/cyfitter_cfg.c **** #include "CyLib.h"
  23:Generated_Source\PSoC4/cyfitter_cfg.c **** #include "CyLFClk.h"
  24:Generated_Source\PSoC4/cyfitter_cfg.c **** #include "cyfitter_cfg.h"
  25:Generated_Source\PSoC4/cyfitter_cfg.c **** #include "cyapicallbacks.h"
  26:Generated_Source\PSoC4/cyfitter_cfg.c **** 
  27:Generated_Source\PSoC4/cyfitter_cfg.c **** 
  28:Generated_Source\PSoC4/cyfitter_cfg.c **** #if defined(__GNUC__) || defined(__ARMCC_VERSION)
  29:Generated_Source\PSoC4/cyfitter_cfg.c ****     #define CYPACKED 
  30:Generated_Source\PSoC4/cyfitter_cfg.c ****     #define CYPACKED_ATTR __attribute__ ((packed))
  31:Generated_Source\PSoC4/cyfitter_cfg.c ****     #define CYALIGNED __attribute__ ((aligned))
  32:Generated_Source\PSoC4/cyfitter_cfg.c ****     #define CY_CFG_UNUSED __attribute__ ((unused))
ARM GAS  C:\Users\Jerry\AppData\Local\Temp\ccfbbsr7.s 			page 2


  33:Generated_Source\PSoC4/cyfitter_cfg.c ****     #ifndef CY_CFG_SECTION
  34:Generated_Source\PSoC4/cyfitter_cfg.c ****         #define CY_CFG_SECTION __attribute__ ((section(".psocinit")))
  35:Generated_Source\PSoC4/cyfitter_cfg.c ****     #endif
  36:Generated_Source\PSoC4/cyfitter_cfg.c ****     
  37:Generated_Source\PSoC4/cyfitter_cfg.c ****     #if defined(__ARMCC_VERSION)
  38:Generated_Source\PSoC4/cyfitter_cfg.c ****         #define CY_CFG_MEMORY_BARRIER() __memory_changed()
  39:Generated_Source\PSoC4/cyfitter_cfg.c ****     #else
  40:Generated_Source\PSoC4/cyfitter_cfg.c ****         #define CY_CFG_MEMORY_BARRIER() __sync_synchronize()
  41:Generated_Source\PSoC4/cyfitter_cfg.c ****     #endif
  42:Generated_Source\PSoC4/cyfitter_cfg.c ****     
  43:Generated_Source\PSoC4/cyfitter_cfg.c **** #elif defined(__ICCARM__)
  44:Generated_Source\PSoC4/cyfitter_cfg.c ****     #include <intrinsics.h>
  45:Generated_Source\PSoC4/cyfitter_cfg.c **** 
  46:Generated_Source\PSoC4/cyfitter_cfg.c ****     #define CYPACKED __packed
  47:Generated_Source\PSoC4/cyfitter_cfg.c ****     #define CYPACKED_ATTR 
  48:Generated_Source\PSoC4/cyfitter_cfg.c ****     #define CYALIGNED _Pragma("data_alignment=4")
  49:Generated_Source\PSoC4/cyfitter_cfg.c ****     #define CY_CFG_UNUSED _Pragma("diag_suppress=Pe177")
  50:Generated_Source\PSoC4/cyfitter_cfg.c ****     #define CY_CFG_SECTION _Pragma("location=\".psocinit\"")
  51:Generated_Source\PSoC4/cyfitter_cfg.c ****     
  52:Generated_Source\PSoC4/cyfitter_cfg.c ****     #define CY_CFG_MEMORY_BARRIER() __DMB()
  53:Generated_Source\PSoC4/cyfitter_cfg.c ****     
  54:Generated_Source\PSoC4/cyfitter_cfg.c **** #else
  55:Generated_Source\PSoC4/cyfitter_cfg.c ****     #error Unsupported toolchain
  56:Generated_Source\PSoC4/cyfitter_cfg.c **** #endif
  57:Generated_Source\PSoC4/cyfitter_cfg.c **** 
  58:Generated_Source\PSoC4/cyfitter_cfg.c **** 
  59:Generated_Source\PSoC4/cyfitter_cfg.c **** CY_CFG_UNUSED
  60:Generated_Source\PSoC4/cyfitter_cfg.c **** static void CYMEMZERO(void *s, size_t n);
  61:Generated_Source\PSoC4/cyfitter_cfg.c **** CY_CFG_UNUSED
  62:Generated_Source\PSoC4/cyfitter_cfg.c **** static void CYMEMZERO(void *s, size_t n)
  63:Generated_Source\PSoC4/cyfitter_cfg.c **** {
  64:Generated_Source\PSoC4/cyfitter_cfg.c **** 	(void)memset(s, 0, n);
  65:Generated_Source\PSoC4/cyfitter_cfg.c **** }
  66:Generated_Source\PSoC4/cyfitter_cfg.c **** CY_CFG_UNUSED
  67:Generated_Source\PSoC4/cyfitter_cfg.c **** static void CYCONFIGCPY(void *dest, const void *src, size_t n);
  68:Generated_Source\PSoC4/cyfitter_cfg.c **** CY_CFG_UNUSED
  69:Generated_Source\PSoC4/cyfitter_cfg.c **** static void CYCONFIGCPY(void *dest, const void *src, size_t n)
  70:Generated_Source\PSoC4/cyfitter_cfg.c **** {
  71:Generated_Source\PSoC4/cyfitter_cfg.c **** 	(void)memcpy(dest, src, n);
  72:Generated_Source\PSoC4/cyfitter_cfg.c **** }
  73:Generated_Source\PSoC4/cyfitter_cfg.c **** CY_CFG_UNUSED
  74:Generated_Source\PSoC4/cyfitter_cfg.c **** static void CYCONFIGCPYCODE(void *dest, const void *src, size_t n);
  75:Generated_Source\PSoC4/cyfitter_cfg.c **** CY_CFG_UNUSED
  76:Generated_Source\PSoC4/cyfitter_cfg.c **** static void CYCONFIGCPYCODE(void *dest, const void *src, size_t n)
  77:Generated_Source\PSoC4/cyfitter_cfg.c **** {
  78:Generated_Source\PSoC4/cyfitter_cfg.c **** 	(void)memcpy(dest, src, n);
  79:Generated_Source\PSoC4/cyfitter_cfg.c **** }
  80:Generated_Source\PSoC4/cyfitter_cfg.c **** 
  81:Generated_Source\PSoC4/cyfitter_cfg.c **** 
  82:Generated_Source\PSoC4/cyfitter_cfg.c **** 
  83:Generated_Source\PSoC4/cyfitter_cfg.c **** 
  84:Generated_Source\PSoC4/cyfitter_cfg.c **** /* Clock startup error codes                                                   */
  85:Generated_Source\PSoC4/cyfitter_cfg.c **** #define CYCLOCKSTART_NO_ERROR    0u
  86:Generated_Source\PSoC4/cyfitter_cfg.c **** #define CYCLOCKSTART_XTAL_ERROR  1u
  87:Generated_Source\PSoC4/cyfitter_cfg.c **** #define CYCLOCKSTART_32KHZ_ERROR 2u
  88:Generated_Source\PSoC4/cyfitter_cfg.c **** #define CYCLOCKSTART_PLL_ERROR   3u
  89:Generated_Source\PSoC4/cyfitter_cfg.c **** 
ARM GAS  C:\Users\Jerry\AppData\Local\Temp\ccfbbsr7.s 			page 3


  90:Generated_Source\PSoC4/cyfitter_cfg.c **** 
  91:Generated_Source\PSoC4/cyfitter_cfg.c **** #ifdef CY_NEED_CYCLOCKSTARTUPERROR
  92:Generated_Source\PSoC4/cyfitter_cfg.c **** /*******************************************************************************
  93:Generated_Source\PSoC4/cyfitter_cfg.c **** * Function Name: CyClockStartupError
  94:Generated_Source\PSoC4/cyfitter_cfg.c **** ********************************************************************************
  95:Generated_Source\PSoC4/cyfitter_cfg.c **** * Summary:
  96:Generated_Source\PSoC4/cyfitter_cfg.c **** *  If an error is encountered during clock configuration (crystal startup error,
  97:Generated_Source\PSoC4/cyfitter_cfg.c **** *  PLL lock error, etc.), the system will end up here.  Unless reimplemented by
  98:Generated_Source\PSoC4/cyfitter_cfg.c **** *  the customer, this function will stop in an infinite loop.
  99:Generated_Source\PSoC4/cyfitter_cfg.c **** *
 100:Generated_Source\PSoC4/cyfitter_cfg.c **** * Parameters:
 101:Generated_Source\PSoC4/cyfitter_cfg.c **** *   void
 102:Generated_Source\PSoC4/cyfitter_cfg.c **** *
 103:Generated_Source\PSoC4/cyfitter_cfg.c **** * Return:
 104:Generated_Source\PSoC4/cyfitter_cfg.c **** *   void
 105:Generated_Source\PSoC4/cyfitter_cfg.c **** *
 106:Generated_Source\PSoC4/cyfitter_cfg.c **** *******************************************************************************/
 107:Generated_Source\PSoC4/cyfitter_cfg.c **** CY_CFG_UNUSED
 108:Generated_Source\PSoC4/cyfitter_cfg.c **** static void CyClockStartupError(uint8 errorCode);
 109:Generated_Source\PSoC4/cyfitter_cfg.c **** CY_CFG_UNUSED
 110:Generated_Source\PSoC4/cyfitter_cfg.c **** static void CyClockStartupError(uint8 errorCode)
 111:Generated_Source\PSoC4/cyfitter_cfg.c **** {
 112:Generated_Source\PSoC4/cyfitter_cfg.c ****     /* To remove the compiler warning if errorCode not used.                */
 113:Generated_Source\PSoC4/cyfitter_cfg.c ****     errorCode = errorCode;
 114:Generated_Source\PSoC4/cyfitter_cfg.c **** 
 115:Generated_Source\PSoC4/cyfitter_cfg.c ****     /* If we have a clock startup error (bad MHz crystal, PLL lock, etc.),  */
 116:Generated_Source\PSoC4/cyfitter_cfg.c ****     /* we will end up here to allow the customer to implement something to  */
 117:Generated_Source\PSoC4/cyfitter_cfg.c ****     /* deal with the clock condition.                                       */
 118:Generated_Source\PSoC4/cyfitter_cfg.c **** 
 119:Generated_Source\PSoC4/cyfitter_cfg.c **** #ifdef CY_CFG_CLOCK_STARTUP_ERROR_CALLBACK
 120:Generated_Source\PSoC4/cyfitter_cfg.c **** 	CY_CFG_Clock_Startup_ErrorCallback();
 121:Generated_Source\PSoC4/cyfitter_cfg.c **** #else
 122:Generated_Source\PSoC4/cyfitter_cfg.c **** 	/*  If not using CY_CFG_CLOCK_STARTUP_ERROR_CALLBACK, place your clock startup code here. */
 123:Generated_Source\PSoC4/cyfitter_cfg.c ****     /* `#START CyClockStartupError` */
 124:Generated_Source\PSoC4/cyfitter_cfg.c **** 
 125:Generated_Source\PSoC4/cyfitter_cfg.c **** 
 126:Generated_Source\PSoC4/cyfitter_cfg.c **** 
 127:Generated_Source\PSoC4/cyfitter_cfg.c ****     /* `#END` */
 128:Generated_Source\PSoC4/cyfitter_cfg.c **** 
 129:Generated_Source\PSoC4/cyfitter_cfg.c ****     /* If nothing else, stop here since the clocks have not started         */
 130:Generated_Source\PSoC4/cyfitter_cfg.c ****     /* correctly.                                                           */
 131:Generated_Source\PSoC4/cyfitter_cfg.c ****     while(1) {}
 132:Generated_Source\PSoC4/cyfitter_cfg.c **** #endif /* CY_CFG_CLOCK_STARTUP_ERROR_CALLBACK */ 
 133:Generated_Source\PSoC4/cyfitter_cfg.c **** }
 134:Generated_Source\PSoC4/cyfitter_cfg.c **** #endif
 135:Generated_Source\PSoC4/cyfitter_cfg.c **** 
 136:Generated_Source\PSoC4/cyfitter_cfg.c **** 
 137:Generated_Source\PSoC4/cyfitter_cfg.c **** 
 138:Generated_Source\PSoC4/cyfitter_cfg.c **** /*******************************************************************************
 139:Generated_Source\PSoC4/cyfitter_cfg.c **** * Function Name: ClockSetup
 140:Generated_Source\PSoC4/cyfitter_cfg.c **** ********************************************************************************
 141:Generated_Source\PSoC4/cyfitter_cfg.c **** *
 142:Generated_Source\PSoC4/cyfitter_cfg.c **** * Summary:
 143:Generated_Source\PSoC4/cyfitter_cfg.c **** *   Performs the initialization of all of the clocks in the device based on the
 144:Generated_Source\PSoC4/cyfitter_cfg.c **** *   settings in the Clock tab of the DWR.  This includes enabling the requested
 145:Generated_Source\PSoC4/cyfitter_cfg.c **** *   clocks and setting the necessary dividers to produce the desired frequency. 
 146:Generated_Source\PSoC4/cyfitter_cfg.c **** *
ARM GAS  C:\Users\Jerry\AppData\Local\Temp\ccfbbsr7.s 			page 4


 147:Generated_Source\PSoC4/cyfitter_cfg.c **** * Parameters:
 148:Generated_Source\PSoC4/cyfitter_cfg.c **** *   void
 149:Generated_Source\PSoC4/cyfitter_cfg.c **** *
 150:Generated_Source\PSoC4/cyfitter_cfg.c **** * Return:
 151:Generated_Source\PSoC4/cyfitter_cfg.c **** *   void
 152:Generated_Source\PSoC4/cyfitter_cfg.c **** *
 153:Generated_Source\PSoC4/cyfitter_cfg.c **** *******************************************************************************/
 154:Generated_Source\PSoC4/cyfitter_cfg.c **** static void ClockSetup(void);
 155:Generated_Source\PSoC4/cyfitter_cfg.c **** CY_CFG_SECTION
 156:Generated_Source\PSoC4/cyfitter_cfg.c **** static void ClockSetup(void)
 157:Generated_Source\PSoC4/cyfitter_cfg.c **** {
 158:Generated_Source\PSoC4/cyfitter_cfg.c **** 
 159:Generated_Source\PSoC4/cyfitter_cfg.c **** 	/* Set Flash Cycles based on max possible frequency in case a glitch occurs during ClockSetup(). *
 160:Generated_Source\PSoC4/cyfitter_cfg.c **** 	CY_SET_REG32((void CYXDATA *)(CYREG_CPUSS_FLASH_CTL), (0x0012u));
 161:Generated_Source\PSoC4/cyfitter_cfg.c **** 	/* Update IMO to new clock speed. */
 162:Generated_Source\PSoC4/cyfitter_cfg.c **** 	CySysClkWriteImoFreq(24u);
 163:Generated_Source\PSoC4/cyfitter_cfg.c **** 
 164:Generated_Source\PSoC4/cyfitter_cfg.c **** 	/* Setup phase aligned clocks */
 165:Generated_Source\PSoC4/cyfitter_cfg.c **** 	CY_SET_REG32((void *)CYREG_PERI_DIV_16_CTL0, 0x00000100u);
 166:Generated_Source\PSoC4/cyfitter_cfg.c **** 	CY_SET_REG32((void *)CYREG_PERI_DIV_CMD, 0x8000FF40u);
 167:Generated_Source\PSoC4/cyfitter_cfg.c **** 	CY_SET_REG32((void *)CYREG_PERI_DIV_16_CTL5, 0x00005F00u);
 168:Generated_Source\PSoC4/cyfitter_cfg.c **** 	CY_SET_REG32((void *)CYREG_PERI_DIV_CMD, 0x8000FF45u);
 169:Generated_Source\PSoC4/cyfitter_cfg.c **** 	CY_SET_REG32((void *)CYREG_PERI_DIV_16_CTL2, 0x00000100u);
 170:Generated_Source\PSoC4/cyfitter_cfg.c **** 	CY_SET_REG32((void *)CYREG_PERI_DIV_CMD, 0x8000FF42u);
 171:Generated_Source\PSoC4/cyfitter_cfg.c **** 	CY_SET_REG32((void *)CYREG_PERI_DIV_16_CTL4, 0x00001700u);
 172:Generated_Source\PSoC4/cyfitter_cfg.c **** 	CY_SET_REG32((void *)CYREG_PERI_DIV_CMD, 0x8000FF44u);
 173:Generated_Source\PSoC4/cyfitter_cfg.c **** 	CY_SET_REG32((void *)CYREG_PERI_DIV_16_CTL1, 0x0000FE00u);
 174:Generated_Source\PSoC4/cyfitter_cfg.c **** 	CY_SET_REG32((void *)CYREG_PERI_DIV_CMD, 0x8000FF41u);
 175:Generated_Source\PSoC4/cyfitter_cfg.c **** 	CY_SET_REG32((void *)CYREG_PERI_DIV_16_CTL3, 0x00001200u);
 176:Generated_Source\PSoC4/cyfitter_cfg.c **** 	CY_SET_REG32((void *)CYREG_PERI_DIV_CMD, 0x8000FF43u);
 177:Generated_Source\PSoC4/cyfitter_cfg.c **** 
 178:Generated_Source\PSoC4/cyfitter_cfg.c **** 	/* CYDEV_CLK_SELECT Starting address: CYDEV_CLK_SELECT */
 179:Generated_Source\PSoC4/cyfitter_cfg.c **** 	CY_SET_XTND_REG32((void CYFAR *)(CYREG_CLK_SELECT), 0x00000020u);
 180:Generated_Source\PSoC4/cyfitter_cfg.c **** 
 181:Generated_Source\PSoC4/cyfitter_cfg.c **** 	/* CYDEV_PERI_PCLK_CTL14 Starting address: CYDEV_PERI_PCLK_CTL14 */
 182:Generated_Source\PSoC4/cyfitter_cfg.c **** 	CY_SET_XTND_REG32((void CYFAR *)(CYREG_PERI_PCLK_CTL14), 0x00000045u);
 183:Generated_Source\PSoC4/cyfitter_cfg.c **** 
 184:Generated_Source\PSoC4/cyfitter_cfg.c **** 	/* CYDEV_PERI_PCLK_CTL12 Starting address: CYDEV_PERI_PCLK_CTL12 */
 185:Generated_Source\PSoC4/cyfitter_cfg.c **** 	CY_SET_XTND_REG32((void CYFAR *)(CYREG_PERI_PCLK_CTL12), 0x00000042u);
 186:Generated_Source\PSoC4/cyfitter_cfg.c **** 
 187:Generated_Source\PSoC4/cyfitter_cfg.c **** 	/* CYDEV_PERI_PCLK_CTL4 Starting address: CYDEV_PERI_PCLK_CTL4 */
 188:Generated_Source\PSoC4/cyfitter_cfg.c **** 	CY_SET_XTND_REG32((void CYFAR *)(CYREG_PERI_PCLK_CTL4), 0x00000044u);
 189:Generated_Source\PSoC4/cyfitter_cfg.c **** 
 190:Generated_Source\PSoC4/cyfitter_cfg.c **** 	/* CYDEV_PERI_PCLK_CTL3 Starting address: CYDEV_PERI_PCLK_CTL3 */
 191:Generated_Source\PSoC4/cyfitter_cfg.c **** 	CY_SET_XTND_REG32((void CYFAR *)(CYREG_PERI_PCLK_CTL3), 0x00000041u);
 192:Generated_Source\PSoC4/cyfitter_cfg.c **** 
 193:Generated_Source\PSoC4/cyfitter_cfg.c **** 	/* CYDEV_PERI_PCLK_CTL1 Starting address: CYDEV_PERI_PCLK_CTL1 */
 194:Generated_Source\PSoC4/cyfitter_cfg.c **** 	CY_SET_XTND_REG32((void CYFAR *)(CYREG_PERI_PCLK_CTL1), 0x00000043u);
 195:Generated_Source\PSoC4/cyfitter_cfg.c **** 
 196:Generated_Source\PSoC4/cyfitter_cfg.c **** 	(void)CyIntSetVector(11u, &CySysTimerIsr);
 197:Generated_Source\PSoC4/cyfitter_cfg.c **** 	CyIntEnable(11u);
 198:Generated_Source\PSoC4/cyfitter_cfg.c **** 	CY_SET_XTND_REG32((void CYFAR *)(CYREG_WCO_WDT_MATCH), 0x00009C3Fu);
 199:Generated_Source\PSoC4/cyfitter_cfg.c **** 	CY_SET_XTND_REG32((void CYFAR *)(CYREG_WCO_WDT_CONFIG), 0x00000005u);
 200:Generated_Source\PSoC4/cyfitter_cfg.c **** 	CySysClkSetTimerSource(CY_SYS_CLK_TIMER_SRC_ILO);
 201:Generated_Source\PSoC4/cyfitter_cfg.c **** 	CY_SET_XTND_REG32((void CYFAR *)(CYREG_WCO_WDT_CONTROL), 0x00000008u);
 202:Generated_Source\PSoC4/cyfitter_cfg.c **** 	while ((CY_GET_XTND_REG32((void CYFAR *)(CYREG_WCO_WDT_CONTROL)) & 0x00000008u) != 0u) { }
 203:Generated_Source\PSoC4/cyfitter_cfg.c **** 	CY_SET_XTND_REG32((void CYFAR *)(CYREG_WCO_WDT_CONTROL), 0x00000001u);
ARM GAS  C:\Users\Jerry\AppData\Local\Temp\ccfbbsr7.s 			page 5


 204:Generated_Source\PSoC4/cyfitter_cfg.c **** 	/* Set Flash Cycles based on newly configured 24.00MHz HFCLK. */
 205:Generated_Source\PSoC4/cyfitter_cfg.c **** 	CY_SET_REG32((void CYXDATA *)(CYREG_CPUSS_FLASH_CTL), (0x0011u));
 206:Generated_Source\PSoC4/cyfitter_cfg.c **** }
 207:Generated_Source\PSoC4/cyfitter_cfg.c **** 
 208:Generated_Source\PSoC4/cyfitter_cfg.c **** 
 209:Generated_Source\PSoC4/cyfitter_cfg.c **** /* Analog API Functions */
 210:Generated_Source\PSoC4/cyfitter_cfg.c **** 
 211:Generated_Source\PSoC4/cyfitter_cfg.c **** 
 212:Generated_Source\PSoC4/cyfitter_cfg.c **** /*******************************************************************************
 213:Generated_Source\PSoC4/cyfitter_cfg.c **** * Function Name: AnalogSetDefault
 214:Generated_Source\PSoC4/cyfitter_cfg.c **** ********************************************************************************
 215:Generated_Source\PSoC4/cyfitter_cfg.c **** *
 216:Generated_Source\PSoC4/cyfitter_cfg.c **** * Summary:
 217:Generated_Source\PSoC4/cyfitter_cfg.c **** *  Sets up the analog portions of the chip to default values based on chip
 218:Generated_Source\PSoC4/cyfitter_cfg.c **** *  configuration options from the project.
 219:Generated_Source\PSoC4/cyfitter_cfg.c **** *
 220:Generated_Source\PSoC4/cyfitter_cfg.c **** * Parameters:
 221:Generated_Source\PSoC4/cyfitter_cfg.c **** *  void
 222:Generated_Source\PSoC4/cyfitter_cfg.c **** *
 223:Generated_Source\PSoC4/cyfitter_cfg.c **** * Return:
 224:Generated_Source\PSoC4/cyfitter_cfg.c **** *  void
 225:Generated_Source\PSoC4/cyfitter_cfg.c **** *
 226:Generated_Source\PSoC4/cyfitter_cfg.c **** *******************************************************************************/
 227:Generated_Source\PSoC4/cyfitter_cfg.c **** static void AnalogSetDefault(void);
 228:Generated_Source\PSoC4/cyfitter_cfg.c **** static void AnalogSetDefault(void)
 229:Generated_Source\PSoC4/cyfitter_cfg.c **** {
 230:Generated_Source\PSoC4/cyfitter_cfg.c **** 	CY_SET_XTND_REG32((void CYFAR *)CYREG_CTB0_CTB_CTRL, 0x80000000u);
 231:Generated_Source\PSoC4/cyfitter_cfg.c **** 	CY_SET_XTND_REG32((void CYFAR *)CYREG_CTB0_OA0_SW, 0x00080200u);
 232:Generated_Source\PSoC4/cyfitter_cfg.c **** 	CY_SET_XTND_REG32((void CYFAR *)CYREG_CTB1_CTB_CTRL, 0x80000000u);
 233:Generated_Source\PSoC4/cyfitter_cfg.c **** 	CY_SET_XTND_REG32((void CYFAR *)CYREG_CTB1_OA1_SW, 0x00080080u);
 234:Generated_Source\PSoC4/cyfitter_cfg.c **** 	CY_SET_XTND_REG32((void CYFAR *)CYREG_ART_CTRL, 0x80000000u);
 235:Generated_Source\PSoC4/cyfitter_cfg.c **** 	CY_SET_XTND_REG32((void CYFAR *)CYREG_ART_SARMUXVPLUS_SW, 0x01000000u);
 236:Generated_Source\PSoC4/cyfitter_cfg.c **** 	CY_SET_XTND_REG32((void CYFAR *)CYREG_ART_SARMUXVMINUS_SW, 0x02000000u);
 237:Generated_Source\PSoC4/cyfitter_cfg.c **** 	CY_SET_XTND_REG32((void CYFAR *)CYREG_ART_UAB0VREF_SW, 0x01010000u);
 238:Generated_Source\PSoC4/cyfitter_cfg.c **** 	CY_SET_XTND_REG32((void CYFAR *)CYREG_ART_CTB1VREF_SW, 0x00020000u);
 239:Generated_Source\PSoC4/cyfitter_cfg.c **** 	CY_SET_XTND_REG32((void CYFAR *)CYREG_SAR_CTRL, 0x80000000u);
 240:Generated_Source\PSoC4/cyfitter_cfg.c **** 	CY_SET_XTND_REG32((void CYFAR *)CYREG_SAR_MUX_SWITCH0, 0x000060A0u);
 241:Generated_Source\PSoC4/cyfitter_cfg.c **** 	CY_SET_XTND_REG32((void CYFAR *)CYREG_SAR_MUX_SWITCH_HW_CTRL, 0x000000E0u);
 242:Generated_Source\PSoC4/cyfitter_cfg.c **** 	CY_SET_XTND_REG32((void CYFAR *)CYREG_PASS_PASS_CTRL, 0x00000003u);
 243:Generated_Source\PSoC4/cyfitter_cfg.c **** 	CY_SET_XTND_REG32((void CYFAR *)CYREG_PASS_PRB_CTRL, 0x80000001u);
 244:Generated_Source\PSoC4/cyfitter_cfg.c **** 	CY_SET_XTND_REG32((void CYFAR *)CYREG_PASS_PRB_REF0, 0x000000F1u);
 245:Generated_Source\PSoC4/cyfitter_cfg.c **** 	CY_SET_XTND_REG32((void CYFAR *)CYREG_PASS_DSAB_DSAB_CTRL, 0x00000000u);
 246:Generated_Source\PSoC4/cyfitter_cfg.c **** 	SetAnalogRoutingPumps(1);
 247:Generated_Source\PSoC4/cyfitter_cfg.c **** }
 248:Generated_Source\PSoC4/cyfitter_cfg.c **** 
 249:Generated_Source\PSoC4/cyfitter_cfg.c **** 
 250:Generated_Source\PSoC4/cyfitter_cfg.c **** /*******************************************************************************
 251:Generated_Source\PSoC4/cyfitter_cfg.c **** * Function Name: SetAnalogRoutingPumps
 252:Generated_Source\PSoC4/cyfitter_cfg.c **** ********************************************************************************
 253:Generated_Source\PSoC4/cyfitter_cfg.c **** *
 254:Generated_Source\PSoC4/cyfitter_cfg.c **** * Summary:
 255:Generated_Source\PSoC4/cyfitter_cfg.c **** * Enables or disables the analog pumps feeding analog routing switches.
 256:Generated_Source\PSoC4/cyfitter_cfg.c **** * Intended to be called at startup, based on the Vdda system configuration;
 257:Generated_Source\PSoC4/cyfitter_cfg.c **** * may be called during operation when the user informs us that the Vdda voltage crossed the pump th
 258:Generated_Source\PSoC4/cyfitter_cfg.c **** *
 259:Generated_Source\PSoC4/cyfitter_cfg.c **** * Parameters:
 260:Generated_Source\PSoC4/cyfitter_cfg.c **** *  enabled - 1 to enable the pumps, 0 to disable the pumps
ARM GAS  C:\Users\Jerry\AppData\Local\Temp\ccfbbsr7.s 			page 6


 261:Generated_Source\PSoC4/cyfitter_cfg.c **** *
 262:Generated_Source\PSoC4/cyfitter_cfg.c **** * Return:
 263:Generated_Source\PSoC4/cyfitter_cfg.c **** *  void
 264:Generated_Source\PSoC4/cyfitter_cfg.c **** *
 265:Generated_Source\PSoC4/cyfitter_cfg.c **** *******************************************************************************/
 266:Generated_Source\PSoC4/cyfitter_cfg.c **** void SetAnalogRoutingPumps(uint8 enabled)
 267:Generated_Source\PSoC4/cyfitter_cfg.c **** {
  26              		.loc 1 267 0
  27              		.cfi_startproc
  28              	.LVL0:
 268:Generated_Source\PSoC4/cyfitter_cfg.c **** 	uint32 regValue = CY_GET_XTND_REG32((void *)(CYREG_SAR_PUMP_CTRL));
  29              		.loc 1 268 0
  30 0000 054A     		ldr	r2, .L5
  31 0002 1368     		ldr	r3, [r2]
  32              	.LVL1:
 269:Generated_Source\PSoC4/cyfitter_cfg.c **** 	if (enabled != 0u)
  33              		.loc 1 269 0
  34 0004 0028     		cmp	r0, #0
  35 0006 03D0     		beq	.L2
 270:Generated_Source\PSoC4/cyfitter_cfg.c **** 	{
 271:Generated_Source\PSoC4/cyfitter_cfg.c **** 		regValue |= 0x80000000u;
  36              		.loc 1 271 0
  37 0008 8021     		mov	r1, #128
  38 000a 0906     		lsl	r1, r1, #24
  39 000c 0B43     		orr	r3, r1
  40              	.LVL2:
  41 000e 01E0     		b	.L3
  42              	.L2:
 272:Generated_Source\PSoC4/cyfitter_cfg.c **** 	}
 273:Generated_Source\PSoC4/cyfitter_cfg.c **** 	else
 274:Generated_Source\PSoC4/cyfitter_cfg.c **** 	{
 275:Generated_Source\PSoC4/cyfitter_cfg.c **** 		regValue &= ~0x80000000u;
  43              		.loc 1 275 0
  44 0010 5B00     		lsl	r3, r3, #1
  45              	.LVL3:
  46 0012 5B08     		lsr	r3, r3, #1
  47              	.LVL4:
  48              	.L3:
 276:Generated_Source\PSoC4/cyfitter_cfg.c **** 	}
 277:Generated_Source\PSoC4/cyfitter_cfg.c **** 	CY_SET_XTND_REG32((void *)(CYREG_SAR_PUMP_CTRL), regValue);
  49              		.loc 1 277 0
  50 0014 1360     		str	r3, [r2]
 278:Generated_Source\PSoC4/cyfitter_cfg.c **** }
  51              		.loc 1 278 0
  52              		@ sp needed
  53 0016 7047     		bx	lr
  54              	.L6:
  55              		.align	2
  56              	.L5:
  57 0018 80033A40 		.word	1077543808
  58              		.cfi_endproc
  59              	.LFE6:
  60              		.size	SetAnalogRoutingPumps, .-SetAnalogRoutingPumps
  61              		.section	.psocinit,"ax",%progbits
  62              		.align	1
  63              		.global	cyfitter_cfg
  64              		.code	16
ARM GAS  C:\Users\Jerry\AppData\Local\Temp\ccfbbsr7.s 			page 7


  65              		.thumb_func
  66              		.type	cyfitter_cfg, %function
  67              	cyfitter_cfg:
  68              	.LFB7:
 279:Generated_Source\PSoC4/cyfitter_cfg.c **** 
 280:Generated_Source\PSoC4/cyfitter_cfg.c **** #define CY_AMUX_UNUSED CYREG_CM0P_ROM_DWT
 281:Generated_Source\PSoC4/cyfitter_cfg.c **** 
 282:Generated_Source\PSoC4/cyfitter_cfg.c **** 
 283:Generated_Source\PSoC4/cyfitter_cfg.c **** /*******************************************************************************
 284:Generated_Source\PSoC4/cyfitter_cfg.c **** * Function Name: cyfitter_cfg
 285:Generated_Source\PSoC4/cyfitter_cfg.c **** ********************************************************************************
 286:Generated_Source\PSoC4/cyfitter_cfg.c **** * Summary:
 287:Generated_Source\PSoC4/cyfitter_cfg.c **** *  This function is called by the start-up code for the selected device. It
 288:Generated_Source\PSoC4/cyfitter_cfg.c **** *  performs all of the necessary device configuration based on the design
 289:Generated_Source\PSoC4/cyfitter_cfg.c **** *  settings.  This includes settings from the Design Wide Resources (DWR) such
 290:Generated_Source\PSoC4/cyfitter_cfg.c **** *  as Clocks and Pins as well as any component configuration that is necessary.
 291:Generated_Source\PSoC4/cyfitter_cfg.c **** *
 292:Generated_Source\PSoC4/cyfitter_cfg.c **** * Parameters:  
 293:Generated_Source\PSoC4/cyfitter_cfg.c **** *   void
 294:Generated_Source\PSoC4/cyfitter_cfg.c **** *
 295:Generated_Source\PSoC4/cyfitter_cfg.c **** * Return:
 296:Generated_Source\PSoC4/cyfitter_cfg.c **** *   void
 297:Generated_Source\PSoC4/cyfitter_cfg.c **** *
 298:Generated_Source\PSoC4/cyfitter_cfg.c **** *******************************************************************************/
 299:Generated_Source\PSoC4/cyfitter_cfg.c **** CY_CFG_SECTION
 300:Generated_Source\PSoC4/cyfitter_cfg.c **** void cyfitter_cfg(void)
 301:Generated_Source\PSoC4/cyfitter_cfg.c **** {
  69              		.loc 1 301 0
  70              		.cfi_startproc
  71 0000 F8B5     		push	{r3, r4, r5, r6, r7, lr}
  72              		.cfi_def_cfa_offset 24
  73              		.cfi_offset 3, -24
  74              		.cfi_offset 4, -20
  75              		.cfi_offset 5, -16
  76              		.cfi_offset 6, -12
  77              		.cfi_offset 7, -8
  78              		.cfi_offset 14, -4
 302:Generated_Source\PSoC4/cyfitter_cfg.c **** 	/* Disable interrupts by default. Let user enable if/when they want. */
 303:Generated_Source\PSoC4/cyfitter_cfg.c **** 	CyGlobalIntDisable;
  79              		.loc 1 303 0
  80              	@ 303 "Generated_Source\PSoC4\cyfitter_cfg.c" 1
  81 0002 72B6     		CPSID   i
  82              	@ 0 "" 2
 304:Generated_Source\PSoC4/cyfitter_cfg.c **** 
 305:Generated_Source\PSoC4/cyfitter_cfg.c **** 	{
 306:Generated_Source\PSoC4/cyfitter_cfg.c **** 		/* HSIOM Starting address: CYDEV_HSIOM_BASE */
 307:Generated_Source\PSoC4/cyfitter_cfg.c **** 		CY_SET_XTND_REG32((void CYFAR *)(CYDEV_HSIOM_BASE), 0x009900EEu);
 308:Generated_Source\PSoC4/cyfitter_cfg.c **** 
 309:Generated_Source\PSoC4/cyfitter_cfg.c **** 		/* PASS_SAR_TRIG_SEL Starting address: CYDEV_PASS_SAR_TRIG_SEL */
 310:Generated_Source\PSoC4/cyfitter_cfg.c **** 		CY_SET_XTND_REG32((void CYFAR *)(CYREG_PASS_SAR_TRIG_SEL), 0x00000000u);
  83              		.loc 1 310 0
  84              		.code	16
  85 0004 0026     		mov	r6, #0
 307:Generated_Source\PSoC4/cyfitter_cfg.c **** 
  86              		.loc 1 307 0
  87 0006 564A     		ldr	r2, .L9
  88 0008 564B     		ldr	r3, .L9+4
ARM GAS  C:\Users\Jerry\AppData\Local\Temp\ccfbbsr7.s 			page 8


 311:Generated_Source\PSoC4/cyfitter_cfg.c **** 
 312:Generated_Source\PSoC4/cyfitter_cfg.c **** 		/* TR_GROUP0 Starting address: CYDEV_PERI_TR_GROUP0_TR_OUT_CTL0 */
 313:Generated_Source\PSoC4/cyfitter_cfg.c **** 		CY_SET_XTND_REG32((void CYFAR *)(CYREG_PERI_TR_GROUP0_TR_OUT_CTL0), 0x00000001u);
 314:Generated_Source\PSoC4/cyfitter_cfg.c **** 
 315:Generated_Source\PSoC4/cyfitter_cfg.c **** 	}
 316:Generated_Source\PSoC4/cyfitter_cfg.c **** 
 317:Generated_Source\PSoC4/cyfitter_cfg.c **** 	/* Perform second pass device configuration. These items must be configured in specific order afte
 318:Generated_Source\PSoC4/cyfitter_cfg.c **** 	/* IOPINS0_0 Starting address: CYDEV_GPIO_PRT0_BASE */
 319:Generated_Source\PSoC4/cyfitter_cfg.c **** 	CY_SET_XTND_REG32((void CYFAR *)(CYDEV_GPIO_PRT0_BASE), 0x00000020u);
  89              		.loc 1 319 0
  90 000a 2027     		mov	r7, #32
 307:Generated_Source\PSoC4/cyfitter_cfg.c **** 
  91              		.loc 1 307 0
  92 000c 1A60     		str	r2, [r3]
 310:Generated_Source\PSoC4/cyfitter_cfg.c **** 
  93              		.loc 1 310 0
  94 000e 564B     		ldr	r3, .L9+8
 313:Generated_Source\PSoC4/cyfitter_cfg.c **** 
  95              		.loc 1 313 0
  96 0010 564A     		ldr	r2, .L9+12
 310:Generated_Source\PSoC4/cyfitter_cfg.c **** 
  97              		.loc 1 310 0
  98 0012 1E60     		str	r6, [r3]
 313:Generated_Source\PSoC4/cyfitter_cfg.c **** 
  99              		.loc 1 313 0
 100 0014 0123     		mov	r3, #1
 101 0016 1360     		str	r3, [r2]
 102              		.loc 1 319 0
 103 0018 554A     		ldr	r2, .L9+16
 320:Generated_Source\PSoC4/cyfitter_cfg.c **** 	CY_SET_XTND_REG32((void CYFAR *)(CYREG_GPIO_PRT0_PC), 0x00031036u);
 104              		.loc 1 320 0
 105 001a 5649     		ldr	r1, .L9+20
 319:Generated_Source\PSoC4/cyfitter_cfg.c **** 	CY_SET_XTND_REG32((void CYFAR *)(CYREG_GPIO_PRT0_PC), 0x00031036u);
 106              		.loc 1 319 0
 107 001c 1760     		str	r7, [r2]
 108              		.loc 1 320 0
 109 001e 564A     		ldr	r2, .L9+24
 321:Generated_Source\PSoC4/cyfitter_cfg.c **** 	CY_SET_XTND_REG32((void CYFAR *)(CYREG_GPIO_PRT0_PC2), 0x00000028u);
 322:Generated_Source\PSoC4/cyfitter_cfg.c **** 
 323:Generated_Source\PSoC4/cyfitter_cfg.c **** 	/* IOPINS0_1 Starting address: CYDEV_GPIO_PRT1_BASE */
 324:Generated_Source\PSoC4/cyfitter_cfg.c **** 	CY_SET_XTND_REG32((void CYFAR *)(CYDEV_GPIO_PRT1_BASE), 0x00000008u);
 110              		.loc 1 324 0
 111 0020 0825     		mov	r5, #8
 320:Generated_Source\PSoC4/cyfitter_cfg.c **** 	CY_SET_XTND_REG32((void CYFAR *)(CYREG_GPIO_PRT0_PC2), 0x00000028u);
 112              		.loc 1 320 0
 113 0022 1160     		str	r1, [r2]
 321:Generated_Source\PSoC4/cyfitter_cfg.c **** 	CY_SET_XTND_REG32((void CYFAR *)(CYREG_GPIO_PRT0_PC2), 0x00000028u);
 114              		.loc 1 321 0
 115 0024 2821     		mov	r1, #40
 116 0026 554A     		ldr	r2, .L9+28
 117              	.LBB6:
 118              	.LBB7:
 160:Generated_Source\PSoC4/cyfitter_cfg.c **** 	/* Update IMO to new clock speed. */
 119              		.loc 1 160 0
 120 0028 554C     		ldr	r4, .L9+32
 121              	.LBE7:
 122              	.LBE6:
ARM GAS  C:\Users\Jerry\AppData\Local\Temp\ccfbbsr7.s 			page 9


 321:Generated_Source\PSoC4/cyfitter_cfg.c **** 	CY_SET_XTND_REG32((void CYFAR *)(CYREG_GPIO_PRT0_PC2), 0x00000028u);
 123              		.loc 1 321 0
 124 002a 1160     		str	r1, [r2]
 125              		.loc 1 324 0
 126 002c 554A     		ldr	r2, .L9+36
 325:Generated_Source\PSoC4/cyfitter_cfg.c **** 	CY_SET_XTND_REG32((void CYFAR *)(CYREG_GPIO_PRT1_PC2), 0x00000008u);
 326:Generated_Source\PSoC4/cyfitter_cfg.c **** 
 327:Generated_Source\PSoC4/cyfitter_cfg.c **** 	/* IOPINS0_2 Starting address: CYDEV_GPIO_PRT2_BASE */
 328:Generated_Source\PSoC4/cyfitter_cfg.c **** 	CY_SET_XTND_REG32((void CYFAR *)(CYDEV_GPIO_PRT2_BASE), 0x00000004u);
 127              		.loc 1 328 0
 128 002e 5649     		ldr	r1, .L9+40
 324:Generated_Source\PSoC4/cyfitter_cfg.c **** 	CY_SET_XTND_REG32((void CYFAR *)(CYREG_GPIO_PRT1_PC2), 0x00000008u);
 129              		.loc 1 324 0
 130 0030 1560     		str	r5, [r2]
 325:Generated_Source\PSoC4/cyfitter_cfg.c **** 	CY_SET_XTND_REG32((void CYFAR *)(CYREG_GPIO_PRT1_PC2), 0x00000008u);
 131              		.loc 1 325 0
 132 0032 564A     		ldr	r2, .L9+44
 133              	.LBB11:
 134              	.LBB8:
 162:Generated_Source\PSoC4/cyfitter_cfg.c **** 
 135              		.loc 1 162 0
 136 0034 1820     		mov	r0, #24
 137              	.LBE8:
 138              	.LBE11:
 325:Generated_Source\PSoC4/cyfitter_cfg.c **** 	CY_SET_XTND_REG32((void CYFAR *)(CYREG_GPIO_PRT1_PC2), 0x00000008u);
 139              		.loc 1 325 0
 140 0036 1560     		str	r5, [r2]
 141              		.loc 1 328 0
 142 0038 0422     		mov	r2, #4
 143 003a 0A60     		str	r2, [r1]
 329:Generated_Source\PSoC4/cyfitter_cfg.c **** 	CY_SET_XTND_REG32((void CYFAR *)(CYREG_GPIO_PRT2_PC2), 0x00000004u);
 144              		.loc 1 329 0
 145 003c 5449     		ldr	r1, .L9+48
 146 003e 0A60     		str	r2, [r1]
 330:Generated_Source\PSoC4/cyfitter_cfg.c **** 
 331:Generated_Source\PSoC4/cyfitter_cfg.c **** 	/* IOPINS0_3 Starting address: CYDEV_GPIO_PRT3_BASE */
 332:Generated_Source\PSoC4/cyfitter_cfg.c **** 	CY_SET_XTND_REG32((void CYFAR *)(CYDEV_GPIO_PRT3_BASE), 0x000000E0u);
 147              		.loc 1 332 0
 148 0040 5449     		ldr	r1, .L9+52
 149 0042 DC32     		add	r2, r2, #220
 150 0044 0A60     		str	r2, [r1]
 333:Generated_Source\PSoC4/cyfitter_cfg.c **** 	CY_SET_XTND_REG32((void CYFAR *)(CYREG_GPIO_PRT3_PC2), 0x000000E0u);
 151              		.loc 1 333 0
 152 0046 5449     		ldr	r1, .L9+56
 153 0048 0A60     		str	r2, [r1]
 334:Generated_Source\PSoC4/cyfitter_cfg.c **** 
 335:Generated_Source\PSoC4/cyfitter_cfg.c **** 	/* IOPINS0_5 Starting address: CYDEV_GPIO_PRT5_BASE */
 336:Generated_Source\PSoC4/cyfitter_cfg.c **** 	CY_SET_XTND_REG32((void CYFAR *)(CYREG_GPIO_PRT5_PC2), 0x00000001u);
 154              		.loc 1 336 0
 155 004a 544A     		ldr	r2, .L9+60
 156 004c 1360     		str	r3, [r2]
 157              	.LBB12:
 158              	.LBB9:
 160:Generated_Source\PSoC4/cyfitter_cfg.c **** 	/* Update IMO to new clock speed. */
 159              		.loc 1 160 0
 160 004e 1133     		add	r3, r3, #17
 161 0050 2360     		str	r3, [r4]
ARM GAS  C:\Users\Jerry\AppData\Local\Temp\ccfbbsr7.s 			page 10


 162:Generated_Source\PSoC4/cyfitter_cfg.c **** 
 162              		.loc 1 162 0
 163 0052 FFF7FEFF 		bl	CySysClkWriteImoFreq
 164              	.LVL5:
 165:Generated_Source\PSoC4/cyfitter_cfg.c **** 	CY_SET_REG32((void *)CYREG_PERI_DIV_CMD, 0x8000FF40u);
 165              		.loc 1 165 0
 166 0056 8022     		mov	r2, #128
 167 0058 514B     		ldr	r3, .L9+64
 168 005a 5200     		lsl	r2, r2, #1
 169 005c 1A60     		str	r2, [r3]
 166:Generated_Source\PSoC4/cyfitter_cfg.c **** 	CY_SET_REG32((void *)CYREG_PERI_DIV_16_CTL5, 0x00005F00u);
 170              		.loc 1 166 0
 171 005e 8023     		mov	r3, #128
 167:Generated_Source\PSoC4/cyfitter_cfg.c **** 	CY_SET_REG32((void *)CYREG_PERI_DIV_CMD, 0x8000FF45u);
 172              		.loc 1 167 0
 173 0060 BE20     		mov	r0, #190
 166:Generated_Source\PSoC4/cyfitter_cfg.c **** 	CY_SET_REG32((void *)CYREG_PERI_DIV_16_CTL5, 0x00005F00u);
 174              		.loc 1 166 0
 175 0062 5049     		ldr	r1, .L9+68
 176 0064 DB05     		lsl	r3, r3, #23
 177 0066 1960     		str	r1, [r3]
 167:Generated_Source\PSoC4/cyfitter_cfg.c **** 	CY_SET_REG32((void *)CYREG_PERI_DIV_CMD, 0x8000FF45u);
 178              		.loc 1 167 0
 179 0068 4F49     		ldr	r1, .L9+72
 180 006a C001     		lsl	r0, r0, #7
 181 006c 0860     		str	r0, [r1]
 168:Generated_Source\PSoC4/cyfitter_cfg.c **** 	CY_SET_REG32((void *)CYREG_PERI_DIV_16_CTL2, 0x00000100u);
 182              		.loc 1 168 0
 183 006e 4F49     		ldr	r1, .L9+76
 196:Generated_Source\PSoC4/cyfitter_cfg.c **** 	CyIntEnable(11u);
 184              		.loc 1 196 0
 185 0070 0B20     		mov	r0, #11
 168:Generated_Source\PSoC4/cyfitter_cfg.c **** 	CY_SET_REG32((void *)CYREG_PERI_DIV_16_CTL2, 0x00000100u);
 186              		.loc 1 168 0
 187 0072 1960     		str	r1, [r3]
 169:Generated_Source\PSoC4/cyfitter_cfg.c **** 	CY_SET_REG32((void *)CYREG_PERI_DIV_CMD, 0x8000FF42u);
 188              		.loc 1 169 0
 189 0074 4E49     		ldr	r1, .L9+80
 190 0076 0A60     		str	r2, [r1]
 171:Generated_Source\PSoC4/cyfitter_cfg.c **** 	CY_SET_REG32((void *)CYREG_PERI_DIV_CMD, 0x8000FF44u);
 191              		.loc 1 171 0
 192 0078 B821     		mov	r1, #184
 170:Generated_Source\PSoC4/cyfitter_cfg.c **** 	CY_SET_REG32((void *)CYREG_PERI_DIV_16_CTL4, 0x00001700u);
 193              		.loc 1 170 0
 194 007a 4E4A     		ldr	r2, .L9+84
 171:Generated_Source\PSoC4/cyfitter_cfg.c **** 	CY_SET_REG32((void *)CYREG_PERI_DIV_CMD, 0x8000FF44u);
 195              		.loc 1 171 0
 196 007c 4901     		lsl	r1, r1, #5
 170:Generated_Source\PSoC4/cyfitter_cfg.c **** 	CY_SET_REG32((void *)CYREG_PERI_DIV_16_CTL4, 0x00001700u);
 197              		.loc 1 170 0
 198 007e 1A60     		str	r2, [r3]
 171:Generated_Source\PSoC4/cyfitter_cfg.c **** 	CY_SET_REG32((void *)CYREG_PERI_DIV_CMD, 0x8000FF44u);
 199              		.loc 1 171 0
 200 0080 4D4A     		ldr	r2, .L9+88
 201 0082 1160     		str	r1, [r2]
 173:Generated_Source\PSoC4/cyfitter_cfg.c **** 	CY_SET_REG32((void *)CYREG_PERI_DIV_CMD, 0x8000FF41u);
 202              		.loc 1 173 0
ARM GAS  C:\Users\Jerry\AppData\Local\Temp\ccfbbsr7.s 			page 11


 203 0084 FE21     		mov	r1, #254
 172:Generated_Source\PSoC4/cyfitter_cfg.c **** 	CY_SET_REG32((void *)CYREG_PERI_DIV_16_CTL1, 0x0000FE00u);
 204              		.loc 1 172 0
 205 0086 4D4A     		ldr	r2, .L9+92
 173:Generated_Source\PSoC4/cyfitter_cfg.c **** 	CY_SET_REG32((void *)CYREG_PERI_DIV_CMD, 0x8000FF41u);
 206              		.loc 1 173 0
 207 0088 0902     		lsl	r1, r1, #8
 172:Generated_Source\PSoC4/cyfitter_cfg.c **** 	CY_SET_REG32((void *)CYREG_PERI_DIV_16_CTL1, 0x0000FE00u);
 208              		.loc 1 172 0
 209 008a 1A60     		str	r2, [r3]
 173:Generated_Source\PSoC4/cyfitter_cfg.c **** 	CY_SET_REG32((void *)CYREG_PERI_DIV_CMD, 0x8000FF41u);
 210              		.loc 1 173 0
 211 008c 4C4A     		ldr	r2, .L9+96
 212 008e 1160     		str	r1, [r2]
 175:Generated_Source\PSoC4/cyfitter_cfg.c **** 	CY_SET_REG32((void *)CYREG_PERI_DIV_CMD, 0x8000FF43u);
 213              		.loc 1 175 0
 214 0090 9021     		mov	r1, #144
 174:Generated_Source\PSoC4/cyfitter_cfg.c **** 	CY_SET_REG32((void *)CYREG_PERI_DIV_16_CTL3, 0x00001200u);
 215              		.loc 1 174 0
 216 0092 4C4A     		ldr	r2, .L9+100
 175:Generated_Source\PSoC4/cyfitter_cfg.c **** 	CY_SET_REG32((void *)CYREG_PERI_DIV_CMD, 0x8000FF43u);
 217              		.loc 1 175 0
 218 0094 4901     		lsl	r1, r1, #5
 174:Generated_Source\PSoC4/cyfitter_cfg.c **** 	CY_SET_REG32((void *)CYREG_PERI_DIV_16_CTL3, 0x00001200u);
 219              		.loc 1 174 0
 220 0096 1A60     		str	r2, [r3]
 175:Generated_Source\PSoC4/cyfitter_cfg.c **** 	CY_SET_REG32((void *)CYREG_PERI_DIV_CMD, 0x8000FF43u);
 221              		.loc 1 175 0
 222 0098 4B4A     		ldr	r2, .L9+104
 223 009a 1160     		str	r1, [r2]
 176:Generated_Source\PSoC4/cyfitter_cfg.c **** 
 224              		.loc 1 176 0
 225 009c 4B4A     		ldr	r2, .L9+108
 196:Generated_Source\PSoC4/cyfitter_cfg.c **** 	CyIntEnable(11u);
 226              		.loc 1 196 0
 227 009e 4C49     		ldr	r1, .L9+112
 176:Generated_Source\PSoC4/cyfitter_cfg.c **** 
 228              		.loc 1 176 0
 229 00a0 1A60     		str	r2, [r3]
 182:Generated_Source\PSoC4/cyfitter_cfg.c **** 
 230              		.loc 1 182 0
 231 00a2 4522     		mov	r2, #69
 179:Generated_Source\PSoC4/cyfitter_cfg.c **** 
 232              		.loc 1 179 0
 233 00a4 4B4B     		ldr	r3, .L9+116
 234 00a6 1F60     		str	r7, [r3]
 182:Generated_Source\PSoC4/cyfitter_cfg.c **** 
 235              		.loc 1 182 0
 236 00a8 4B4B     		ldr	r3, .L9+120
 237 00aa 1A60     		str	r2, [r3]
 185:Generated_Source\PSoC4/cyfitter_cfg.c **** 
 238              		.loc 1 185 0
 239 00ac 4B4B     		ldr	r3, .L9+124
 240 00ae 033A     		sub	r2, r2, #3
 241 00b0 1A60     		str	r2, [r3]
 188:Generated_Source\PSoC4/cyfitter_cfg.c **** 
 242              		.loc 1 188 0
ARM GAS  C:\Users\Jerry\AppData\Local\Temp\ccfbbsr7.s 			page 12


 243 00b2 4B4B     		ldr	r3, .L9+128
 244 00b4 0232     		add	r2, r2, #2
 245 00b6 1A60     		str	r2, [r3]
 191:Generated_Source\PSoC4/cyfitter_cfg.c **** 
 246              		.loc 1 191 0
 247 00b8 4A4B     		ldr	r3, .L9+132
 248 00ba 033A     		sub	r2, r2, #3
 249 00bc 1A60     		str	r2, [r3]
 194:Generated_Source\PSoC4/cyfitter_cfg.c **** 
 250              		.loc 1 194 0
 251 00be 4A4B     		ldr	r3, .L9+136
 252 00c0 0232     		add	r2, r2, #2
 253 00c2 1A60     		str	r2, [r3]
 196:Generated_Source\PSoC4/cyfitter_cfg.c **** 	CyIntEnable(11u);
 254              		.loc 1 196 0
 255 00c4 FFF7FEFF 		bl	CyIntSetVector
 256              	.LVL6:
 197:Generated_Source\PSoC4/cyfitter_cfg.c **** 	CY_SET_XTND_REG32((void CYFAR *)(CYREG_WCO_WDT_MATCH), 0x00009C3Fu);
 257              		.loc 1 197 0
 258 00c8 0B20     		mov	r0, #11
 259 00ca FFF7FEFF 		bl	CyIntEnable
 260              	.LVL7:
 198:Generated_Source\PSoC4/cyfitter_cfg.c **** 	CY_SET_XTND_REG32((void CYFAR *)(CYREG_WCO_WDT_CONFIG), 0x00000005u);
 261              		.loc 1 198 0
 262 00ce 474A     		ldr	r2, .L9+140
 263 00d0 474B     		ldr	r3, .L9+144
 200:Generated_Source\PSoC4/cyfitter_cfg.c **** 	CY_SET_XTND_REG32((void CYFAR *)(CYREG_WCO_WDT_CONTROL), 0x00000008u);
 264              		.loc 1 200 0
 265 00d2 301C     		mov	r0, r6
 198:Generated_Source\PSoC4/cyfitter_cfg.c **** 	CY_SET_XTND_REG32((void CYFAR *)(CYREG_WCO_WDT_CONFIG), 0x00000005u);
 266              		.loc 1 198 0
 267 00d4 1A60     		str	r2, [r3]
 199:Generated_Source\PSoC4/cyfitter_cfg.c **** 	CySysClkSetTimerSource(CY_SYS_CLK_TIMER_SRC_ILO);
 268              		.loc 1 199 0
 269 00d6 0522     		mov	r2, #5
 270 00d8 464B     		ldr	r3, .L9+148
 271 00da 1A60     		str	r2, [r3]
 200:Generated_Source\PSoC4/cyfitter_cfg.c **** 	CY_SET_XTND_REG32((void CYFAR *)(CYREG_WCO_WDT_CONTROL), 0x00000008u);
 272              		.loc 1 200 0
 273 00dc FFF7FEFF 		bl	CySysClkSetTimerSource
 274              	.LVL8:
 201:Generated_Source\PSoC4/cyfitter_cfg.c **** 	while ((CY_GET_XTND_REG32((void CYFAR *)(CYREG_WCO_WDT_CONTROL)) & 0x00000008u) != 0u) { }
 275              		.loc 1 201 0
 276 00e0 454B     		ldr	r3, .L9+152
 277 00e2 1A1C     		mov	r2, r3
 278 00e4 1D60     		str	r5, [r3]
 279              	.L8:
 202:Generated_Source\PSoC4/cyfitter_cfg.c **** 	CY_SET_XTND_REG32((void CYFAR *)(CYREG_WCO_WDT_CONTROL), 0x00000001u);
 280              		.loc 1 202 0
 281 00e6 0823     		mov	r3, #8
 282 00e8 1168     		ldr	r1, [r2]
 283 00ea 0B40     		and	r3, r1
 284 00ec FBD1     		bne	.L8
 203:Generated_Source\PSoC4/cyfitter_cfg.c **** 	/* Set Flash Cycles based on newly configured 24.00MHz HFCLK. */
 285              		.loc 1 203 0
 286 00ee 0120     		mov	r0, #1
 287 00f0 414A     		ldr	r2, .L9+152
ARM GAS  C:\Users\Jerry\AppData\Local\Temp\ccfbbsr7.s 			page 13


 288              	.LBE9:
 289              	.LBE12:
 290              	.LBB13:
 291              	.LBB14:
 230:Generated_Source\PSoC4/cyfitter_cfg.c **** 	CY_SET_XTND_REG32((void CYFAR *)CYREG_CTB0_OA0_SW, 0x00080200u);
 292              		.loc 1 230 0
 293 00f2 4249     		ldr	r1, .L9+156
 294              	.LBE14:
 295              	.LBE13:
 296              	.LBB17:
 297              	.LBB10:
 203:Generated_Source\PSoC4/cyfitter_cfg.c **** 	/* Set Flash Cycles based on newly configured 24.00MHz HFCLK. */
 298              		.loc 1 203 0
 299 00f4 1060     		str	r0, [r2]
 205:Generated_Source\PSoC4/cyfitter_cfg.c **** }
 300              		.loc 1 205 0
 301 00f6 1122     		mov	r2, #17
 302 00f8 2260     		str	r2, [r4]
 303              	.LBE10:
 304              	.LBE17:
 305              	.LBB18:
 306              	.LBB15:
 230:Generated_Source\PSoC4/cyfitter_cfg.c **** 	CY_SET_XTND_REG32((void CYFAR *)CYREG_CTB0_OA0_SW, 0x00080200u);
 307              		.loc 1 230 0
 308 00fa 8022     		mov	r2, #128
 309 00fc 1206     		lsl	r2, r2, #24
 310 00fe 0A60     		str	r2, [r1]
 231:Generated_Source\PSoC4/cyfitter_cfg.c **** 	CY_SET_XTND_REG32((void CYFAR *)CYREG_CTB1_CTB_CTRL, 0x80000000u);
 311              		.loc 1 231 0
 312 0100 3F4C     		ldr	r4, .L9+160
 313 0102 4049     		ldr	r1, .L9+164
 314              	.LBE15:
 315              	.LBE18:
 337:Generated_Source\PSoC4/cyfitter_cfg.c **** 
 338:Generated_Source\PSoC4/cyfitter_cfg.c **** 
 339:Generated_Source\PSoC4/cyfitter_cfg.c **** 	/* Setup clocks based on selections from Clock DWR */
 340:Generated_Source\PSoC4/cyfitter_cfg.c **** 	ClockSetup();
 341:Generated_Source\PSoC4/cyfitter_cfg.c **** 
 342:Generated_Source\PSoC4/cyfitter_cfg.c **** 	/* Perform basic analog initialization to defaults */
 343:Generated_Source\PSoC4/cyfitter_cfg.c **** 	AnalogSetDefault();
 344:Generated_Source\PSoC4/cyfitter_cfg.c **** 
 345:Generated_Source\PSoC4/cyfitter_cfg.c **** }
 316              		.loc 1 345 0
 317              		@ sp needed
 318              	.LBB19:
 319              	.LBB16:
 231:Generated_Source\PSoC4/cyfitter_cfg.c **** 	CY_SET_XTND_REG32((void CYFAR *)CYREG_CTB1_CTB_CTRL, 0x80000000u);
 320              		.loc 1 231 0
 321 0104 0C60     		str	r4, [r1]
 232:Generated_Source\PSoC4/cyfitter_cfg.c **** 	CY_SET_XTND_REG32((void CYFAR *)CYREG_CTB1_OA1_SW, 0x00080080u);
 322              		.loc 1 232 0
 323 0106 4049     		ldr	r1, .L9+168
 233:Generated_Source\PSoC4/cyfitter_cfg.c **** 	CY_SET_XTND_REG32((void CYFAR *)CYREG_ART_CTRL, 0x80000000u);
 324              		.loc 1 233 0
 325 0108 404C     		ldr	r4, .L9+172
 232:Generated_Source\PSoC4/cyfitter_cfg.c **** 	CY_SET_XTND_REG32((void CYFAR *)CYREG_CTB1_OA1_SW, 0x00080080u);
 326              		.loc 1 232 0
ARM GAS  C:\Users\Jerry\AppData\Local\Temp\ccfbbsr7.s 			page 14


 327 010a 0A60     		str	r2, [r1]
 233:Generated_Source\PSoC4/cyfitter_cfg.c **** 	CY_SET_XTND_REG32((void CYFAR *)CYREG_ART_CTRL, 0x80000000u);
 328              		.loc 1 233 0
 329 010c 4049     		ldr	r1, .L9+176
 330 010e 0C60     		str	r4, [r1]
 235:Generated_Source\PSoC4/cyfitter_cfg.c **** 	CY_SET_XTND_REG32((void CYFAR *)CYREG_ART_SARMUXVMINUS_SW, 0x02000000u);
 331              		.loc 1 235 0
 332 0110 8024     		mov	r4, #128
 234:Generated_Source\PSoC4/cyfitter_cfg.c **** 	CY_SET_XTND_REG32((void CYFAR *)CYREG_ART_SARMUXVPLUS_SW, 0x01000000u);
 333              		.loc 1 234 0
 334 0112 4049     		ldr	r1, .L9+180
 235:Generated_Source\PSoC4/cyfitter_cfg.c **** 	CY_SET_XTND_REG32((void CYFAR *)CYREG_ART_SARMUXVMINUS_SW, 0x02000000u);
 335              		.loc 1 235 0
 336 0114 6404     		lsl	r4, r4, #17
 234:Generated_Source\PSoC4/cyfitter_cfg.c **** 	CY_SET_XTND_REG32((void CYFAR *)CYREG_ART_SARMUXVPLUS_SW, 0x01000000u);
 337              		.loc 1 234 0
 338 0116 0A60     		str	r2, [r1]
 235:Generated_Source\PSoC4/cyfitter_cfg.c **** 	CY_SET_XTND_REG32((void CYFAR *)CYREG_ART_SARMUXVMINUS_SW, 0x02000000u);
 339              		.loc 1 235 0
 340 0118 3F49     		ldr	r1, .L9+184
 341 011a 0C60     		str	r4, [r1]
 236:Generated_Source\PSoC4/cyfitter_cfg.c **** 	CY_SET_XTND_REG32((void CYFAR *)CYREG_ART_UAB0VREF_SW, 0x01010000u);
 342              		.loc 1 236 0
 343 011c 8024     		mov	r4, #128
 344 011e 3F49     		ldr	r1, .L9+188
 345 0120 A404     		lsl	r4, r4, #18
 346 0122 0C60     		str	r4, [r1]
 237:Generated_Source\PSoC4/cyfitter_cfg.c **** 	CY_SET_XTND_REG32((void CYFAR *)CYREG_ART_CTB1VREF_SW, 0x00020000u);
 347              		.loc 1 237 0
 348 0124 3E4C     		ldr	r4, .L9+192
 349 0126 3F49     		ldr	r1, .L9+196
 350 0128 0C60     		str	r4, [r1]
 238:Generated_Source\PSoC4/cyfitter_cfg.c **** 	CY_SET_XTND_REG32((void CYFAR *)CYREG_SAR_CTRL, 0x80000000u);
 351              		.loc 1 238 0
 352 012a 8024     		mov	r4, #128
 353 012c 3E49     		ldr	r1, .L9+200
 354 012e A402     		lsl	r4, r4, #10
 355 0130 0C60     		str	r4, [r1]
 239:Generated_Source\PSoC4/cyfitter_cfg.c **** 	CY_SET_XTND_REG32((void CYFAR *)CYREG_SAR_MUX_SWITCH0, 0x000060A0u);
 356              		.loc 1 239 0
 357 0132 3E49     		ldr	r1, .L9+204
 358 0134 0A60     		str	r2, [r1]
 240:Generated_Source\PSoC4/cyfitter_cfg.c **** 	CY_SET_XTND_REG32((void CYFAR *)CYREG_SAR_MUX_SWITCH_HW_CTRL, 0x000000E0u);
 359              		.loc 1 240 0
 360 0136 3E49     		ldr	r1, .L9+208
 361 0138 3E4A     		ldr	r2, .L9+212
 362 013a 1160     		str	r1, [r2]
 241:Generated_Source\PSoC4/cyfitter_cfg.c **** 	CY_SET_XTND_REG32((void CYFAR *)CYREG_PASS_PASS_CTRL, 0x00000003u);
 363              		.loc 1 241 0
 364 013c E021     		mov	r1, #224
 365 013e 3E4A     		ldr	r2, .L9+216
 366 0140 1160     		str	r1, [r2]
 242:Generated_Source\PSoC4/cyfitter_cfg.c **** 	CY_SET_XTND_REG32((void CYFAR *)CYREG_PASS_PRB_CTRL, 0x80000001u);
 367              		.loc 1 242 0
 368 0142 3E4A     		ldr	r2, .L9+220
 369 0144 DD39     		sub	r1, r1, #221
 370 0146 1160     		str	r1, [r2]
ARM GAS  C:\Users\Jerry\AppData\Local\Temp\ccfbbsr7.s 			page 15


 243:Generated_Source\PSoC4/cyfitter_cfg.c **** 	CY_SET_XTND_REG32((void CYFAR *)CYREG_PASS_PRB_REF0, 0x000000F1u);
 371              		.loc 1 243 0
 372 0148 3D49     		ldr	r1, .L9+224
 373 014a 3E4A     		ldr	r2, .L9+228
 374 014c 1160     		str	r1, [r2]
 244:Generated_Source\PSoC4/cyfitter_cfg.c **** 	CY_SET_XTND_REG32((void CYFAR *)CYREG_PASS_DSAB_DSAB_CTRL, 0x00000000u);
 375              		.loc 1 244 0
 376 014e F121     		mov	r1, #241
 377 0150 3D4A     		ldr	r2, .L9+232
 378 0152 1160     		str	r1, [r2]
 245:Generated_Source\PSoC4/cyfitter_cfg.c **** 	SetAnalogRoutingPumps(1);
 379              		.loc 1 245 0
 380 0154 3D4A     		ldr	r2, .L9+236
 381 0156 1360     		str	r3, [r2]
 246:Generated_Source\PSoC4/cyfitter_cfg.c **** }
 382              		.loc 1 246 0
 383 0158 FFF7FEFF 		bl	SetAnalogRoutingPumps
 384              	.LVL9:
 385              	.LBE16:
 386              	.LBE19:
 387              		.loc 1 345 0
 388 015c F8BD     		pop	{r3, r4, r5, r6, r7, pc}
 389              	.L10:
 390 015e C046     		.align	2
 391              	.L9:
 392 0160 EE009900 		.word	10027246
 393 0164 00000240 		.word	1073872896
 394 0168 04013F40 		.word	1077870852
 395 016c 00200040 		.word	1073750016
 396 0170 00000440 		.word	1074003968
 397 0174 36100300 		.word	200758
 398 0178 08000440 		.word	1074003976
 399 017c 18000440 		.word	1074003992
 400 0180 30001040 		.word	1074790448
 401 0184 00010440 		.word	1074004224
 402 0188 00020440 		.word	1074004480
 403 018c 18010440 		.word	1074004248
 404 0190 18020440 		.word	1074004504
 405 0194 00030440 		.word	1074004736
 406 0198 18030440 		.word	1074004760
 407 019c 18050440 		.word	1074005272
 408 01a0 00030040 		.word	1073742592
 409 01a4 40FF0080 		.word	-2147418304
 410 01a8 14030040 		.word	1073742612
 411 01ac 45FF0080 		.word	-2147418299
 412 01b0 08030040 		.word	1073742600
 413 01b4 42FF0080 		.word	-2147418302
 414 01b8 10030040 		.word	1073742608
 415 01bc 44FF0080 		.word	-2147418300
 416 01c0 04030040 		.word	1073742596
 417 01c4 41FF0080 		.word	-2147418303
 418 01c8 0C030040 		.word	1073742604
 419 01cc 43FF0080 		.word	-2147418301
 420 01d0 00000000 		.word	CySysTimerIsr
 421 01d4 28000340 		.word	1073938472
 422 01d8 38010040 		.word	1073742136
 423 01dc 30010040 		.word	1073742128
ARM GAS  C:\Users\Jerry\AppData\Local\Temp\ccfbbsr7.s 			page 16


 424 01e0 10010040 		.word	1073742096
 425 01e4 0C010040 		.word	1073742092
 426 01e8 04010040 		.word	1073742084
 427 01ec 3F9C0000 		.word	39999
 428 01f0 08020640 		.word	1074135560
 429 01f4 0C020640 		.word	1074135564
 430 01f8 10020640 		.word	1074135568
 431 01fc 00003040 		.word	1076887552
 432 0200 00020800 		.word	524800
 433 0204 80003040 		.word	1076887680
 434 0208 00003140 		.word	1076953088
 435 020c 80000800 		.word	524416
 436 0210 88003140 		.word	1076953224
 437 0214 00003840 		.word	1077411840
 438 0218 10003840 		.word	1077411856
 439 021c 18003840 		.word	1077411864
 440 0220 00000101 		.word	16842752
 441 0224 48013840 		.word	1077412168
 442 0228 C0013840 		.word	1077412288
 443 022c 00003A40 		.word	1077542912
 444 0230 A0600000 		.word	24736
 445 0234 00033A40 		.word	1077543680
 446 0238 40033A40 		.word	1077543744
 447 023c 08013F40 		.word	1077870856
 448 0240 01000080 		.word	-2147483647
 449 0244 00023F40 		.word	1077871104
 450 0248 04023F40 		.word	1077871108
 451 024c 000E3F40 		.word	1077874176
 452              		.cfi_endproc
 453              	.LFE7:
 454              		.size	cyfitter_cfg, .-cyfitter_cfg
 455              		.text
 456              	.Letext0:
 457              		.file 2 "Generated_Source\\PSoC4\\cytypes.h"
 458              		.file 3 "Generated_Source\\PSoC4\\CyLib.h"
 459              		.file 4 "Generated_Source\\PSoC4\\CyLFClk.h"
 460              		.section	.debug_info,"",%progbits
 461              	.Ldebug_info0:
 462 0000 E3010000 		.4byte	0x1e3
 463 0004 0400     		.2byte	0x4
 464 0006 00000000 		.4byte	.Ldebug_abbrev0
 465 000a 04       		.byte	0x4
 466 000b 01       		.uleb128 0x1
 467 000c 5B000000 		.4byte	.LASF23
 468 0010 01       		.byte	0x1
 469 0011 DF010000 		.4byte	.LASF24
 470 0015 0E020000 		.4byte	.LASF25
 471 0019 48000000 		.4byte	.Ldebug_ranges0+0x48
 472 001d 00000000 		.4byte	0
 473 0021 00000000 		.4byte	.Ldebug_line0
 474 0025 02       		.uleb128 0x2
 475 0026 04       		.byte	0x4
 476 0027 05       		.byte	0x5
 477 0028 696E7400 		.ascii	"int\000"
 478 002c 03       		.uleb128 0x3
 479 002d 04       		.byte	0x4
 480 002e 07       		.byte	0x7
ARM GAS  C:\Users\Jerry\AppData\Local\Temp\ccfbbsr7.s 			page 17


 481 002f 56010000 		.4byte	.LASF0
 482 0033 03       		.uleb128 0x3
 483 0034 01       		.byte	0x1
 484 0035 06       		.byte	0x6
 485 0036 D3010000 		.4byte	.LASF1
 486 003a 03       		.uleb128 0x3
 487 003b 01       		.byte	0x1
 488 003c 08       		.byte	0x8
 489 003d F3000000 		.4byte	.LASF2
 490 0041 03       		.uleb128 0x3
 491 0042 02       		.byte	0x2
 492 0043 05       		.byte	0x5
 493 0044 AB010000 		.4byte	.LASF3
 494 0048 03       		.uleb128 0x3
 495 0049 02       		.byte	0x2
 496 004a 07       		.byte	0x7
 497 004b 48000000 		.4byte	.LASF4
 498 004f 03       		.uleb128 0x3
 499 0050 04       		.byte	0x4
 500 0051 05       		.byte	0x5
 501 0052 CA010000 		.4byte	.LASF5
 502 0056 03       		.uleb128 0x3
 503 0057 04       		.byte	0x4
 504 0058 07       		.byte	0x7
 505 0059 01010000 		.4byte	.LASF6
 506 005d 03       		.uleb128 0x3
 507 005e 08       		.byte	0x8
 508 005f 05       		.byte	0x5
 509 0060 90010000 		.4byte	.LASF7
 510 0064 03       		.uleb128 0x3
 511 0065 08       		.byte	0x8
 512 0066 07       		.byte	0x7
 513 0067 63010000 		.4byte	.LASF8
 514 006b 03       		.uleb128 0x3
 515 006c 04       		.byte	0x4
 516 006d 07       		.byte	0x7
 517 006e 87010000 		.4byte	.LASF9
 518 0072 04       		.uleb128 0x4
 519 0073 04       		.byte	0x4
 520 0074 78000000 		.4byte	0x78
 521 0078 05       		.uleb128 0x5
 522 0079 03       		.uleb128 0x3
 523 007a 01       		.byte	0x1
 524 007b 08       		.byte	0x8
 525 007c 9E010000 		.4byte	.LASF10
 526 0080 06       		.uleb128 0x6
 527 0081 13010000 		.4byte	.LASF11
 528 0085 02       		.byte	0x2
 529 0086 B901     		.2byte	0x1b9
 530 0088 3A000000 		.4byte	0x3a
 531 008c 06       		.uleb128 0x6
 532 008d 4F010000 		.4byte	.LASF12
 533 0091 02       		.byte	0x2
 534 0092 BB01     		.2byte	0x1bb
 535 0094 56000000 		.4byte	0x56
 536 0098 03       		.uleb128 0x3
 537 0099 04       		.byte	0x4
ARM GAS  C:\Users\Jerry\AppData\Local\Temp\ccfbbsr7.s 			page 18


 538 009a 04       		.byte	0x4
 539 009b ED000000 		.4byte	.LASF13
 540 009f 03       		.uleb128 0x3
 541 00a0 08       		.byte	0x8
 542 00a1 04       		.byte	0x4
 543 00a2 3C010000 		.4byte	.LASF14
 544 00a6 06       		.uleb128 0x6
 545 00a7 00000000 		.4byte	.LASF15
 546 00ab 02       		.byte	0x2
 547 00ac 6502     		.2byte	0x265
 548 00ae B2000000 		.4byte	0xb2
 549 00b2 07       		.uleb128 0x7
 550 00b3 8C000000 		.4byte	0x8c
 551 00b7 06       		.uleb128 0x6
 552 00b8 7A010000 		.4byte	.LASF16
 553 00bc 02       		.byte	0x2
 554 00bd 7502     		.2byte	0x275
 555 00bf 72000000 		.4byte	0x72
 556 00c3 08       		.uleb128 0x8
 557 00c4 26010000 		.4byte	.LASF19
 558 00c8 01       		.byte	0x1
 559 00c9 0A01     		.2byte	0x10a
 560 00cb 00000000 		.4byte	.LFB6
 561 00cf 1C000000 		.4byte	.LFE6-.LFB6
 562 00d3 01       		.uleb128 0x1
 563 00d4 9C       		.byte	0x9c
 564 00d5 F8000000 		.4byte	0xf8
 565 00d9 09       		.uleb128 0x9
 566 00da A3010000 		.4byte	.LASF26
 567 00de 01       		.byte	0x1
 568 00df 0A01     		.2byte	0x10a
 569 00e1 80000000 		.4byte	0x80
 570 00e5 01       		.uleb128 0x1
 571 00e6 50       		.byte	0x50
 572 00e7 0A       		.uleb128 0xa
 573 00e8 05020000 		.4byte	.LASF27
 574 00ec 01       		.byte	0x1
 575 00ed 0C01     		.2byte	0x10c
 576 00ef 8C000000 		.4byte	0x8c
 577 00f3 00000000 		.4byte	.LLST0
 578 00f7 00       		.byte	0
 579 00f8 0B       		.uleb128 0xb
 580 00f9 3D000000 		.4byte	.LASF17
 581 00fd 01       		.byte	0x1
 582 00fe 9C       		.byte	0x9c
 583 00ff 01       		.byte	0x1
 584 0100 0B       		.uleb128 0xb
 585 0101 06000000 		.4byte	.LASF18
 586 0105 01       		.byte	0x1
 587 0106 E4       		.byte	0xe4
 588 0107 01       		.byte	0x1
 589 0108 08       		.uleb128 0x8
 590 0109 19010000 		.4byte	.LASF20
 591 010d 01       		.byte	0x1
 592 010e 2C01     		.2byte	0x12c
 593 0110 00000000 		.4byte	.LFB7
 594 0114 50020000 		.4byte	.LFE7-.LFB7
ARM GAS  C:\Users\Jerry\AppData\Local\Temp\ccfbbsr7.s 			page 19


 595 0118 01       		.uleb128 0x1
 596 0119 9C       		.byte	0x9c
 597 011a 9D010000 		.4byte	0x19d
 598 011e 0C       		.uleb128 0xc
 599 011f F8000000 		.4byte	0xf8
 600 0123 28000000 		.4byte	.LBB6
 601 0127 00000000 		.4byte	.Ldebug_ranges0+0
 602 012b 01       		.byte	0x1
 603 012c 5401     		.2byte	0x154
 604 012e 7C010000 		.4byte	0x17c
 605 0132 0D       		.uleb128 0xd
 606 0133 56000000 		.4byte	.LVL5
 607 0137 9D010000 		.4byte	0x19d
 608 013b 45010000 		.4byte	0x145
 609 013f 0E       		.uleb128 0xe
 610 0140 01       		.uleb128 0x1
 611 0141 50       		.byte	0x50
 612 0142 01       		.uleb128 0x1
 613 0143 48       		.byte	0x48
 614 0144 00       		.byte	0
 615 0145 0D       		.uleb128 0xd
 616 0146 C8000000 		.4byte	.LVL6
 617 014a AE010000 		.4byte	0x1ae
 618 014e 58010000 		.4byte	0x158
 619 0152 0E       		.uleb128 0xe
 620 0153 01       		.uleb128 0x1
 621 0154 50       		.byte	0x50
 622 0155 01       		.uleb128 0x1
 623 0156 3B       		.byte	0x3b
 624 0157 00       		.byte	0
 625 0158 0D       		.uleb128 0xd
 626 0159 CE000000 		.4byte	.LVL7
 627 015d C8010000 		.4byte	0x1c8
 628 0161 6B010000 		.4byte	0x16b
 629 0165 0E       		.uleb128 0xe
 630 0166 01       		.uleb128 0x1
 631 0167 50       		.byte	0x50
 632 0168 01       		.uleb128 0x1
 633 0169 3B       		.byte	0x3b
 634 016a 00       		.byte	0
 635 016b 0F       		.uleb128 0xf
 636 016c E0000000 		.4byte	.LVL8
 637 0170 D9010000 		.4byte	0x1d9
 638 0174 0E       		.uleb128 0xe
 639 0175 01       		.uleb128 0x1
 640 0176 50       		.byte	0x50
 641 0177 02       		.uleb128 0x2
 642 0178 76       		.byte	0x76
 643 0179 00       		.sleb128 0
 644 017a 00       		.byte	0
 645 017b 00       		.byte	0
 646 017c 10       		.uleb128 0x10
 647 017d 00010000 		.4byte	0x100
 648 0181 F2000000 		.4byte	.LBB13
 649 0185 28000000 		.4byte	.Ldebug_ranges0+0x28
 650 0189 01       		.byte	0x1
 651 018a 5701     		.2byte	0x157
ARM GAS  C:\Users\Jerry\AppData\Local\Temp\ccfbbsr7.s 			page 20


 652 018c 0F       		.uleb128 0xf
 653 018d 5C010000 		.4byte	.LVL9
 654 0191 C3000000 		.4byte	0xc3
 655 0195 0E       		.uleb128 0xe
 656 0196 01       		.uleb128 0x1
 657 0197 50       		.byte	0x50
 658 0198 01       		.uleb128 0x1
 659 0199 31       		.byte	0x31
 660 019a 00       		.byte	0
 661 019b 00       		.byte	0
 662 019c 00       		.byte	0
 663 019d 11       		.uleb128 0x11
 664 019e B5010000 		.4byte	.LASF21
 665 01a2 03       		.byte	0x3
 666 01a3 6C       		.byte	0x6c
 667 01a4 AE010000 		.4byte	0x1ae
 668 01a8 12       		.uleb128 0x12
 669 01a9 8C000000 		.4byte	0x8c
 670 01ad 00       		.byte	0
 671 01ae 13       		.uleb128 0x13
 672 01af 2E000000 		.4byte	.LASF28
 673 01b3 03       		.byte	0x3
 674 01b4 BD       		.byte	0xbd
 675 01b5 B7000000 		.4byte	0xb7
 676 01b9 C8010000 		.4byte	0x1c8
 677 01bd 12       		.uleb128 0x12
 678 01be 80000000 		.4byte	0x80
 679 01c2 12       		.uleb128 0x12
 680 01c3 B7000000 		.4byte	0xb7
 681 01c7 00       		.byte	0
 682 01c8 11       		.uleb128 0x11
 683 01c9 43010000 		.4byte	.LASF22
 684 01cd 03       		.byte	0x3
 685 01ce C3       		.byte	0xc3
 686 01cf D9010000 		.4byte	0x1d9
 687 01d3 12       		.uleb128 0x12
 688 01d4 80000000 		.4byte	0x80
 689 01d8 00       		.byte	0
 690 01d9 14       		.uleb128 0x14
 691 01da 17000000 		.4byte	.LASF29
 692 01de 04       		.byte	0x4
 693 01df 9F       		.byte	0x9f
 694 01e0 12       		.uleb128 0x12
 695 01e1 8C000000 		.4byte	0x8c
 696 01e5 00       		.byte	0
 697 01e6 00       		.byte	0
 698              		.section	.debug_abbrev,"",%progbits
 699              	.Ldebug_abbrev0:
 700 0000 01       		.uleb128 0x1
 701 0001 11       		.uleb128 0x11
 702 0002 01       		.byte	0x1
 703 0003 25       		.uleb128 0x25
 704 0004 0E       		.uleb128 0xe
 705 0005 13       		.uleb128 0x13
 706 0006 0B       		.uleb128 0xb
 707 0007 03       		.uleb128 0x3
 708 0008 0E       		.uleb128 0xe
ARM GAS  C:\Users\Jerry\AppData\Local\Temp\ccfbbsr7.s 			page 21


 709 0009 1B       		.uleb128 0x1b
 710 000a 0E       		.uleb128 0xe
 711 000b 55       		.uleb128 0x55
 712 000c 17       		.uleb128 0x17
 713 000d 11       		.uleb128 0x11
 714 000e 01       		.uleb128 0x1
 715 000f 10       		.uleb128 0x10
 716 0010 17       		.uleb128 0x17
 717 0011 00       		.byte	0
 718 0012 00       		.byte	0
 719 0013 02       		.uleb128 0x2
 720 0014 24       		.uleb128 0x24
 721 0015 00       		.byte	0
 722 0016 0B       		.uleb128 0xb
 723 0017 0B       		.uleb128 0xb
 724 0018 3E       		.uleb128 0x3e
 725 0019 0B       		.uleb128 0xb
 726 001a 03       		.uleb128 0x3
 727 001b 08       		.uleb128 0x8
 728 001c 00       		.byte	0
 729 001d 00       		.byte	0
 730 001e 03       		.uleb128 0x3
 731 001f 24       		.uleb128 0x24
 732 0020 00       		.byte	0
 733 0021 0B       		.uleb128 0xb
 734 0022 0B       		.uleb128 0xb
 735 0023 3E       		.uleb128 0x3e
 736 0024 0B       		.uleb128 0xb
 737 0025 03       		.uleb128 0x3
 738 0026 0E       		.uleb128 0xe
 739 0027 00       		.byte	0
 740 0028 00       		.byte	0
 741 0029 04       		.uleb128 0x4
 742 002a 0F       		.uleb128 0xf
 743 002b 00       		.byte	0
 744 002c 0B       		.uleb128 0xb
 745 002d 0B       		.uleb128 0xb
 746 002e 49       		.uleb128 0x49
 747 002f 13       		.uleb128 0x13
 748 0030 00       		.byte	0
 749 0031 00       		.byte	0
 750 0032 05       		.uleb128 0x5
 751 0033 15       		.uleb128 0x15
 752 0034 00       		.byte	0
 753 0035 27       		.uleb128 0x27
 754 0036 19       		.uleb128 0x19
 755 0037 00       		.byte	0
 756 0038 00       		.byte	0
 757 0039 06       		.uleb128 0x6
 758 003a 16       		.uleb128 0x16
 759 003b 00       		.byte	0
 760 003c 03       		.uleb128 0x3
 761 003d 0E       		.uleb128 0xe
 762 003e 3A       		.uleb128 0x3a
 763 003f 0B       		.uleb128 0xb
 764 0040 3B       		.uleb128 0x3b
 765 0041 05       		.uleb128 0x5
ARM GAS  C:\Users\Jerry\AppData\Local\Temp\ccfbbsr7.s 			page 22


 766 0042 49       		.uleb128 0x49
 767 0043 13       		.uleb128 0x13
 768 0044 00       		.byte	0
 769 0045 00       		.byte	0
 770 0046 07       		.uleb128 0x7
 771 0047 35       		.uleb128 0x35
 772 0048 00       		.byte	0
 773 0049 49       		.uleb128 0x49
 774 004a 13       		.uleb128 0x13
 775 004b 00       		.byte	0
 776 004c 00       		.byte	0
 777 004d 08       		.uleb128 0x8
 778 004e 2E       		.uleb128 0x2e
 779 004f 01       		.byte	0x1
 780 0050 3F       		.uleb128 0x3f
 781 0051 19       		.uleb128 0x19
 782 0052 03       		.uleb128 0x3
 783 0053 0E       		.uleb128 0xe
 784 0054 3A       		.uleb128 0x3a
 785 0055 0B       		.uleb128 0xb
 786 0056 3B       		.uleb128 0x3b
 787 0057 05       		.uleb128 0x5
 788 0058 27       		.uleb128 0x27
 789 0059 19       		.uleb128 0x19
 790 005a 11       		.uleb128 0x11
 791 005b 01       		.uleb128 0x1
 792 005c 12       		.uleb128 0x12
 793 005d 06       		.uleb128 0x6
 794 005e 40       		.uleb128 0x40
 795 005f 18       		.uleb128 0x18
 796 0060 9742     		.uleb128 0x2117
 797 0062 19       		.uleb128 0x19
 798 0063 01       		.uleb128 0x1
 799 0064 13       		.uleb128 0x13
 800 0065 00       		.byte	0
 801 0066 00       		.byte	0
 802 0067 09       		.uleb128 0x9
 803 0068 05       		.uleb128 0x5
 804 0069 00       		.byte	0
 805 006a 03       		.uleb128 0x3
 806 006b 0E       		.uleb128 0xe
 807 006c 3A       		.uleb128 0x3a
 808 006d 0B       		.uleb128 0xb
 809 006e 3B       		.uleb128 0x3b
 810 006f 05       		.uleb128 0x5
 811 0070 49       		.uleb128 0x49
 812 0071 13       		.uleb128 0x13
 813 0072 02       		.uleb128 0x2
 814 0073 18       		.uleb128 0x18
 815 0074 00       		.byte	0
 816 0075 00       		.byte	0
 817 0076 0A       		.uleb128 0xa
 818 0077 34       		.uleb128 0x34
 819 0078 00       		.byte	0
 820 0079 03       		.uleb128 0x3
 821 007a 0E       		.uleb128 0xe
 822 007b 3A       		.uleb128 0x3a
ARM GAS  C:\Users\Jerry\AppData\Local\Temp\ccfbbsr7.s 			page 23


 823 007c 0B       		.uleb128 0xb
 824 007d 3B       		.uleb128 0x3b
 825 007e 05       		.uleb128 0x5
 826 007f 49       		.uleb128 0x49
 827 0080 13       		.uleb128 0x13
 828 0081 02       		.uleb128 0x2
 829 0082 17       		.uleb128 0x17
 830 0083 00       		.byte	0
 831 0084 00       		.byte	0
 832 0085 0B       		.uleb128 0xb
 833 0086 2E       		.uleb128 0x2e
 834 0087 00       		.byte	0
 835 0088 03       		.uleb128 0x3
 836 0089 0E       		.uleb128 0xe
 837 008a 3A       		.uleb128 0x3a
 838 008b 0B       		.uleb128 0xb
 839 008c 3B       		.uleb128 0x3b
 840 008d 0B       		.uleb128 0xb
 841 008e 27       		.uleb128 0x27
 842 008f 19       		.uleb128 0x19
 843 0090 20       		.uleb128 0x20
 844 0091 0B       		.uleb128 0xb
 845 0092 00       		.byte	0
 846 0093 00       		.byte	0
 847 0094 0C       		.uleb128 0xc
 848 0095 1D       		.uleb128 0x1d
 849 0096 01       		.byte	0x1
 850 0097 31       		.uleb128 0x31
 851 0098 13       		.uleb128 0x13
 852 0099 52       		.uleb128 0x52
 853 009a 01       		.uleb128 0x1
 854 009b 55       		.uleb128 0x55
 855 009c 17       		.uleb128 0x17
 856 009d 58       		.uleb128 0x58
 857 009e 0B       		.uleb128 0xb
 858 009f 59       		.uleb128 0x59
 859 00a0 05       		.uleb128 0x5
 860 00a1 01       		.uleb128 0x1
 861 00a2 13       		.uleb128 0x13
 862 00a3 00       		.byte	0
 863 00a4 00       		.byte	0
 864 00a5 0D       		.uleb128 0xd
 865 00a6 898201   		.uleb128 0x4109
 866 00a9 01       		.byte	0x1
 867 00aa 11       		.uleb128 0x11
 868 00ab 01       		.uleb128 0x1
 869 00ac 31       		.uleb128 0x31
 870 00ad 13       		.uleb128 0x13
 871 00ae 01       		.uleb128 0x1
 872 00af 13       		.uleb128 0x13
 873 00b0 00       		.byte	0
 874 00b1 00       		.byte	0
 875 00b2 0E       		.uleb128 0xe
 876 00b3 8A8201   		.uleb128 0x410a
 877 00b6 00       		.byte	0
 878 00b7 02       		.uleb128 0x2
 879 00b8 18       		.uleb128 0x18
ARM GAS  C:\Users\Jerry\AppData\Local\Temp\ccfbbsr7.s 			page 24


 880 00b9 9142     		.uleb128 0x2111
 881 00bb 18       		.uleb128 0x18
 882 00bc 00       		.byte	0
 883 00bd 00       		.byte	0
 884 00be 0F       		.uleb128 0xf
 885 00bf 898201   		.uleb128 0x4109
 886 00c2 01       		.byte	0x1
 887 00c3 11       		.uleb128 0x11
 888 00c4 01       		.uleb128 0x1
 889 00c5 31       		.uleb128 0x31
 890 00c6 13       		.uleb128 0x13
 891 00c7 00       		.byte	0
 892 00c8 00       		.byte	0
 893 00c9 10       		.uleb128 0x10
 894 00ca 1D       		.uleb128 0x1d
 895 00cb 01       		.byte	0x1
 896 00cc 31       		.uleb128 0x31
 897 00cd 13       		.uleb128 0x13
 898 00ce 52       		.uleb128 0x52
 899 00cf 01       		.uleb128 0x1
 900 00d0 55       		.uleb128 0x55
 901 00d1 17       		.uleb128 0x17
 902 00d2 58       		.uleb128 0x58
 903 00d3 0B       		.uleb128 0xb
 904 00d4 59       		.uleb128 0x59
 905 00d5 05       		.uleb128 0x5
 906 00d6 00       		.byte	0
 907 00d7 00       		.byte	0
 908 00d8 11       		.uleb128 0x11
 909 00d9 2E       		.uleb128 0x2e
 910 00da 01       		.byte	0x1
 911 00db 3F       		.uleb128 0x3f
 912 00dc 19       		.uleb128 0x19
 913 00dd 03       		.uleb128 0x3
 914 00de 0E       		.uleb128 0xe
 915 00df 3A       		.uleb128 0x3a
 916 00e0 0B       		.uleb128 0xb
 917 00e1 3B       		.uleb128 0x3b
 918 00e2 0B       		.uleb128 0xb
 919 00e3 27       		.uleb128 0x27
 920 00e4 19       		.uleb128 0x19
 921 00e5 3C       		.uleb128 0x3c
 922 00e6 19       		.uleb128 0x19
 923 00e7 01       		.uleb128 0x1
 924 00e8 13       		.uleb128 0x13
 925 00e9 00       		.byte	0
 926 00ea 00       		.byte	0
 927 00eb 12       		.uleb128 0x12
 928 00ec 05       		.uleb128 0x5
 929 00ed 00       		.byte	0
 930 00ee 49       		.uleb128 0x49
 931 00ef 13       		.uleb128 0x13
 932 00f0 00       		.byte	0
 933 00f1 00       		.byte	0
 934 00f2 13       		.uleb128 0x13
 935 00f3 2E       		.uleb128 0x2e
 936 00f4 01       		.byte	0x1
ARM GAS  C:\Users\Jerry\AppData\Local\Temp\ccfbbsr7.s 			page 25


 937 00f5 3F       		.uleb128 0x3f
 938 00f6 19       		.uleb128 0x19
 939 00f7 03       		.uleb128 0x3
 940 00f8 0E       		.uleb128 0xe
 941 00f9 3A       		.uleb128 0x3a
 942 00fa 0B       		.uleb128 0xb
 943 00fb 3B       		.uleb128 0x3b
 944 00fc 0B       		.uleb128 0xb
 945 00fd 27       		.uleb128 0x27
 946 00fe 19       		.uleb128 0x19
 947 00ff 49       		.uleb128 0x49
 948 0100 13       		.uleb128 0x13
 949 0101 3C       		.uleb128 0x3c
 950 0102 19       		.uleb128 0x19
 951 0103 01       		.uleb128 0x1
 952 0104 13       		.uleb128 0x13
 953 0105 00       		.byte	0
 954 0106 00       		.byte	0
 955 0107 14       		.uleb128 0x14
 956 0108 2E       		.uleb128 0x2e
 957 0109 01       		.byte	0x1
 958 010a 3F       		.uleb128 0x3f
 959 010b 19       		.uleb128 0x19
 960 010c 03       		.uleb128 0x3
 961 010d 0E       		.uleb128 0xe
 962 010e 3A       		.uleb128 0x3a
 963 010f 0B       		.uleb128 0xb
 964 0110 3B       		.uleb128 0x3b
 965 0111 0B       		.uleb128 0xb
 966 0112 27       		.uleb128 0x27
 967 0113 19       		.uleb128 0x19
 968 0114 3C       		.uleb128 0x3c
 969 0115 19       		.uleb128 0x19
 970 0116 00       		.byte	0
 971 0117 00       		.byte	0
 972 0118 00       		.byte	0
 973              		.section	.debug_loc,"",%progbits
 974              	.Ldebug_loc0:
 975              	.LLST0:
 976 0000 04000000 		.4byte	.LVL1
 977 0004 12000000 		.4byte	.LVL3
 978 0008 0100     		.2byte	0x1
 979 000a 53       		.byte	0x53
 980 000b 14000000 		.4byte	.LVL4
 981 000f 1C000000 		.4byte	.LFE6
 982 0013 0100     		.2byte	0x1
 983 0015 53       		.byte	0x53
 984 0016 00000000 		.4byte	0
 985 001a 00000000 		.4byte	0
 986              		.section	.debug_aranges,"",%progbits
 987 0000 24000000 		.4byte	0x24
 988 0004 0200     		.2byte	0x2
 989 0006 00000000 		.4byte	.Ldebug_info0
 990 000a 04       		.byte	0x4
 991 000b 00       		.byte	0
 992 000c 0000     		.2byte	0
 993 000e 0000     		.2byte	0
ARM GAS  C:\Users\Jerry\AppData\Local\Temp\ccfbbsr7.s 			page 26


 994 0010 00000000 		.4byte	.LFB6
 995 0014 1C000000 		.4byte	.LFE6-.LFB6
 996 0018 00000000 		.4byte	.LFB7
 997 001c 50020000 		.4byte	.LFE7-.LFB7
 998 0020 00000000 		.4byte	0
 999 0024 00000000 		.4byte	0
 1000              		.section	.debug_ranges,"",%progbits
 1001              	.Ldebug_ranges0:
 1002 0000 28000000 		.4byte	.LBB6
 1003 0004 2A000000 		.4byte	.LBE6
 1004 0008 34000000 		.4byte	.LBB11
 1005 000c 36000000 		.4byte	.LBE11
 1006 0010 4E000000 		.4byte	.LBB12
 1007 0014 F2000000 		.4byte	.LBE12
 1008 0018 F4000000 		.4byte	.LBB17
 1009 001c FA000000 		.4byte	.LBE17
 1010 0020 00000000 		.4byte	0
 1011 0024 00000000 		.4byte	0
 1012 0028 F2000000 		.4byte	.LBB13
 1013 002c F4000000 		.4byte	.LBE13
 1014 0030 FA000000 		.4byte	.LBB18
 1015 0034 04010000 		.4byte	.LBE18
 1016 0038 04010000 		.4byte	.LBB19
 1017 003c 5C010000 		.4byte	.LBE19
 1018 0040 00000000 		.4byte	0
 1019 0044 00000000 		.4byte	0
 1020 0048 00000000 		.4byte	.LFB6
 1021 004c 1C000000 		.4byte	.LFE6
 1022 0050 00000000 		.4byte	.LFB7
 1023 0054 50020000 		.4byte	.LFE7
 1024 0058 00000000 		.4byte	0
 1025 005c 00000000 		.4byte	0
 1026              		.section	.debug_line,"",%progbits
 1027              	.Ldebug_line0:
 1028 0000 1E010000 		.section	.debug_str,"MS",%progbits,1
 1028      02006100 
 1028      00000201 
 1028      FB0E0D00 
 1028      01010101 
 1029              	.LASF15:
 1030 0000 72656733 		.ascii	"reg32\000"
 1030      3200
 1031              	.LASF18:
 1032 0006 416E616C 		.ascii	"AnalogSetDefault\000"
 1032      6F675365 
 1032      74446566 
 1032      61756C74 
 1032      00
 1033              	.LASF29:
 1034 0017 43795379 		.ascii	"CySysClkSetTimerSource\000"
 1034      73436C6B 
 1034      53657454 
 1034      696D6572 
 1034      536F7572 
 1035              	.LASF28:
 1036 002e 4379496E 		.ascii	"CyIntSetVector\000"
 1036      74536574 
ARM GAS  C:\Users\Jerry\AppData\Local\Temp\ccfbbsr7.s 			page 27


 1036      56656374 
 1036      6F7200
 1037              	.LASF17:
 1038 003d 436C6F63 		.ascii	"ClockSetup\000"
 1038      6B536574 
 1038      757000
 1039              	.LASF4:
 1040 0048 73686F72 		.ascii	"short unsigned int\000"
 1040      7420756E 
 1040      7369676E 
 1040      65642069 
 1040      6E7400
 1041              	.LASF23:
 1042 005b 474E5520 		.ascii	"GNU C 4.9.3 20150303 (release) [ARM/embedded-4_9-br"
 1042      4320342E 
 1042      392E3320 
 1042      32303135 
 1042      30333033 
 1043 008e 616E6368 		.ascii	"anch revision 221220] -mcpu=cortex-m0plus -mthumb -"
 1043      20726576 
 1043      6973696F 
 1043      6E203232 
 1043      31323230 
 1044 00c1 67202D4F 		.ascii	"g -Os -ffunction-sections -ffat-lto-objects\000"
 1044      73202D66 
 1044      66756E63 
 1044      74696F6E 
 1044      2D736563 
 1045              	.LASF13:
 1046 00ed 666C6F61 		.ascii	"float\000"
 1046      7400
 1047              	.LASF2:
 1048 00f3 756E7369 		.ascii	"unsigned char\000"
 1048      676E6564 
 1048      20636861 
 1048      7200
 1049              	.LASF6:
 1050 0101 6C6F6E67 		.ascii	"long unsigned int\000"
 1050      20756E73 
 1050      69676E65 
 1050      6420696E 
 1050      7400
 1051              	.LASF11:
 1052 0113 75696E74 		.ascii	"uint8\000"
 1052      3800
 1053              	.LASF20:
 1054 0119 63796669 		.ascii	"cyfitter_cfg\000"
 1054      74746572 
 1054      5F636667 
 1054      00
 1055              	.LASF19:
 1056 0126 53657441 		.ascii	"SetAnalogRoutingPumps\000"
 1056      6E616C6F 
 1056      67526F75 
 1056      74696E67 
 1056      50756D70 
 1057              	.LASF14:
ARM GAS  C:\Users\Jerry\AppData\Local\Temp\ccfbbsr7.s 			page 28


 1058 013c 646F7562 		.ascii	"double\000"
 1058      6C6500
 1059              	.LASF22:
 1060 0143 4379496E 		.ascii	"CyIntEnable\000"
 1060      74456E61 
 1060      626C6500 
 1061              	.LASF12:
 1062 014f 75696E74 		.ascii	"uint32\000"
 1062      333200
 1063              	.LASF0:
 1064 0156 756E7369 		.ascii	"unsigned int\000"
 1064      676E6564 
 1064      20696E74 
 1064      00
 1065              	.LASF8:
 1066 0163 6C6F6E67 		.ascii	"long long unsigned int\000"
 1066      206C6F6E 
 1066      6720756E 
 1066      7369676E 
 1066      65642069 
 1067              	.LASF16:
 1068 017a 63796973 		.ascii	"cyisraddress\000"
 1068      72616464 
 1068      72657373 
 1068      00
 1069              	.LASF9:
 1070 0187 73697A65 		.ascii	"sizetype\000"
 1070      74797065 
 1070      00
 1071              	.LASF7:
 1072 0190 6C6F6E67 		.ascii	"long long int\000"
 1072      206C6F6E 
 1072      6720696E 
 1072      7400
 1073              	.LASF10:
 1074 019e 63686172 		.ascii	"char\000"
 1074      00
 1075              	.LASF26:
 1076 01a3 656E6162 		.ascii	"enabled\000"
 1076      6C656400 
 1077              	.LASF3:
 1078 01ab 73686F72 		.ascii	"short int\000"
 1078      7420696E 
 1078      7400
 1079              	.LASF21:
 1080 01b5 43795379 		.ascii	"CySysClkWriteImoFreq\000"
 1080      73436C6B 
 1080      57726974 
 1080      65496D6F 
 1080      46726571 
 1081              	.LASF5:
 1082 01ca 6C6F6E67 		.ascii	"long int\000"
 1082      20696E74 
 1082      00
 1083              	.LASF1:
 1084 01d3 7369676E 		.ascii	"signed char\000"
 1084      65642063 
ARM GAS  C:\Users\Jerry\AppData\Local\Temp\ccfbbsr7.s 			page 29


 1084      68617200 
 1085              	.LASF24:
 1086 01df 47656E65 		.ascii	"Generated_Source\\PSoC4\\cyfitter_cfg.c\000"
 1086      72617465 
 1086      645F536F 
 1086      75726365 
 1086      5C50536F 
 1087              	.LASF27:
 1088 0205 72656756 		.ascii	"regValue\000"
 1088      616C7565 
 1088      00
 1089              	.LASF25:
 1090 020e 433A5C63 		.ascii	"C:\\cypress\\TalkingClock\\Talking_Clock.cydsn\000"
 1090      79707265 
 1090      73735C54 
 1090      616C6B69 
 1090      6E67436C 
 1091              		.ident	"GCC: (GNU Tools for ARM Embedded Processors) 4.9.3 20150303 (release) [ARM/embedded-4_9-br
