Archive member included because of file (symbol)

.\CortexM0p\ARM_GCC_493\Release\Talking_Clock.a(cyfitter_cfg.o)
                              .\CortexM0p\ARM_GCC_493\Release\Cm0plusStart.o (cyfitter_cfg)
.\CortexM0p\ARM_GCC_493\Release\Talking_Clock.a(CyLib.o)
                              .\CortexM0p\ARM_GCC_493\Release\Talking_Clock.a(cyfitter_cfg.o) (CyIntSetVector)
.\CortexM0p\ARM_GCC_493\Release\Talking_Clock.a(CyDMA.o)
                              .\CortexM0p\ARM_GCC_493\Release\lpc_synth.o (CyDmaSetInterruptCallback)
.\CortexM0p\ARM_GCC_493\Release\Talking_Clock.a(CyLFClk.o)
                              .\CortexM0p\ARM_GCC_493\Release\Talking_Clock.a(CyLib.o) (CySysClkWcoEnabled)
.\CortexM0p\ARM_GCC_493\Release\Talking_Clock.a(UART.o)
                              .\CortexM0p\ARM_GCC_493\Release\main.o (UART_Start)
.\CortexM0p\ARM_GCC_493\Release\Talking_Clock.a(UART_SPI_UART.o)
                              .\CortexM0p\ARM_GCC_493\Release\main.o (UART_SpiUartWriteTxData)
.\CortexM0p\ARM_GCC_493\Release\Talking_Clock.a(UART_UART.o)
                              .\CortexM0p\ARM_GCC_493\Release\Talking_Clock.a(UART.o) (UART_UartInit)
.\CortexM0p\ARM_GCC_493\Release\Talking_Clock.a(DMA_Synth.o)
                              .\CortexM0p\ARM_GCC_493\Release\lpc_synth.o (DMA_Synth_Start)
.\CortexM0p\ARM_GCC_493\Release\Talking_Clock.a(Timer_Synth.o)
                              .\CortexM0p\ARM_GCC_493\Release\lpc_synth.o (Timer_Synth_Init)
.\CortexM0p\ARM_GCC_493\Release\Talking_Clock.a(VDAC_Synth.o)
                              .\CortexM0p\ARM_GCC_493\Release\lpc_synth.o (VDAC_Synth_SaturateTwosComp)
.\CortexM0p\ARM_GCC_493\Release\Talking_Clock.a(VDAC_Synth_UAB.o)
                              .\CortexM0p\ARM_GCC_493\Release\Talking_Clock.a(VDAC_Synth.o) (VDAC_Synth_UAB_Init)
.\CortexM0p\ARM_GCC_493\Release\Talking_Clock.a(VDAC_Synth_UAB_CyUAB.o)
                              .\CortexM0p\ARM_GCC_493\Release\Talking_Clock.a(VDAC_Synth_UAB.o) (CyUAB_SetNSteps)
.\CortexM0p\ARM_GCC_493\Release\Talking_Clock.a(VDAC_Synth_OUTBUFFER.o)
                              .\CortexM0p\ARM_GCC_493\Release\Talking_Clock.a(VDAC_Synth.o) (VDAC_Synth_OUTBUFFER_Init)
.\CortexM0p\ARM_GCC_493\Release\Talking_Clock.a(RTC.o)
                              .\CortexM0p\ARM_GCC_493\Release\main.o (RTC_SetDateAndTime)
.\CortexM0p\ARM_GCC_493\Release\Talking_Clock.a(CapSense_Control.o)
                              .\CortexM0p\ARM_GCC_493\Release\main.o (CapSense_Start)
.\CortexM0p\ARM_GCC_493\Release\Talking_Clock.a(CapSense_Processing.o)
                              .\CortexM0p\ARM_GCC_493\Release\Talking_Clock.a(CapSense_Control.o) (CapSense_DpInitialize)
.\CortexM0p\ARM_GCC_493\Release\Talking_Clock.a(CapSense_Structure.o)
                              .\CortexM0p\ARM_GCC_493\Release\Talking_Clock.a(CapSense_Control.o) (CapSense_DsInitialize)
.\CortexM0p\ARM_GCC_493\Release\Talking_Clock.a(CapSense_Tuner.o)
                              .\CortexM0p\ARM_GCC_493\Release\Talking_Clock.a(CapSense_Control.o) (CapSense_TuInitialize)
.\CortexM0p\ARM_GCC_493\Release\Talking_Clock.a(CapSense_Filter.o)
                              .\CortexM0p\ARM_GCC_493\Release\Talking_Clock.a(CapSense_Control.o) (CapSense_FtInitialize)
.\CortexM0p\ARM_GCC_493\Release\Talking_Clock.a(CapSense_Sensing.o)
                              .\CortexM0p\ARM_GCC_493\Release\main.o (CapSense_IsBusy)
.\CortexM0p\ARM_GCC_493\Release\Talking_Clock.a(CapSense_SensingCSD_LL.o)
                              .\CortexM0p\ARM_GCC_493\Release\Talking_Clock.a(CapSense_Sensing.o) (CapSense_SsCSDInitialize)
.\CortexM0p\ARM_GCC_493\Release\Talking_Clock.a(CapSense_ISR.o)
                              .\CortexM0p\ARM_GCC_493\Release\Talking_Clock.a(CapSense_Sensing.o) (CapSense_ISR_StartEx)
.\CortexM0p\ARM_GCC_493\Release\Talking_Clock.a(Thermistor.o)
                              .\CortexM0p\ARM_GCC_493\Release\temperature.o (Thermistor_GetResistance)
.\CortexM0p\ARM_GCC_493\Release\Talking_Clock.a(PVref.o)
                              .\CortexM0p\ARM_GCC_493\Release\temperature.o (PVref_Enable)
.\CortexM0p\ARM_GCC_493\Release\Talking_Clock.a(VrefBuffer.o)
                              .\CortexM0p\ARM_GCC_493\Release\temperature.o (VrefBuffer_Start)
.\CortexM0p\ARM_GCC_493\Release\Talking_Clock.a(ADC.o)
                              .\CortexM0p\ARM_GCC_493\Release\temperature.o (ADC_StartConvert)
.\CortexM0p\ARM_GCC_493\Release\Talking_Clock.a(ADC_INIT.o)
                              .\CortexM0p\ARM_GCC_493\Release\Talking_Clock.a(ADC.o) (ADC_InputsPlacement)
.\CortexM0p\ARM_GCC_493\Release\Talking_Clock.a(ADC_INT.o)
                              .\CortexM0p\ARM_GCC_493\Release\Talking_Clock.a(ADC.o) (ADC_ISR)
.\CortexM0p\ARM_GCC_493\Release\Talking_Clock.a(ADC_intSarClock.o)
                              .\CortexM0p\ARM_GCC_493\Release\Talking_Clock.a(ADC.o) (ADC_intSarClock_SetFractionalDividerRegister)
.\CortexM0p\ARM_GCC_493\Release\Talking_Clock.a(ADC_IRQ.o)
[...]
Memory Configuration

Name             Origin             Length             Attributes
rom              0x00000000         0x00008000         xr
ram              0x20000000         0x00001000         xrw
*default*        0x00000000         0xffffffff

Linker script and memory map

LOAD c:/program files (x86)/cypress/psoc creator/4.0/psoc creator/import/gnu/arm/4.9.3/bin/../lib/gcc/arm-none-eabi/4.9.3/armv6-m/crti.o
LOAD c:/program files (x86)/cypress/psoc creator/4.0/psoc creator/import/gnu/arm/4.9.3/bin/../lib/gcc/arm-none-eabi/4.9.3/armv6-m/crtbegin.o
LOAD c:/program files (x86)/cypress/psoc creator/4.0/psoc creator/import/gnu/arm/4.9.3/bin/../lib/gcc/arm-none-eabi/4.9.3/../../../../arm-none-eabi/lib/armv6-m/crt0.o
START GROUP
LOAD .\CortexM0p\ARM_GCC_493\Release\main.o
LOAD .\CortexM0p\ARM_GCC_493\Release\lpc_synth.o
LOAD .\CortexM0p\ARM_GCC_493\Release\iprintf.o
LOAD .\CortexM0p\ARM_GCC_493\Release\temperature.o
LOAD .\CortexM0p\ARM_GCC_493\Release\custom_synth.o
LOAD .\CortexM0p\ARM_GCC_493\Release\cymetadata.o
LOAD .\CortexM0p\ARM_GCC_493\Release\Cm0plusStart.o
LOAD .\CortexM0p\ARM_GCC_493\Release\Talking_Clock.a
LOAD C:\Program Files (x86)\Cypress\PSoC Creator\4.0\PSoC Creator\psoc\content\cycomponentlibrary\CyComponentLibrary.cylib\CapSense_P4_v3_10\PSoC4\Library\Capsense_P4Library_GCCp.a
END GROUP
START GROUP
LOAD c:/program files (x86)/cypress/psoc creator/4.0/psoc creator/import/gnu/arm/4.9.3/bin/../lib/gcc/arm-none-eabi/4.9.3/armv6-m\libgcc.a
LOAD c:/program files (x86)/cypress/psoc creator/4.0/psoc creator/import/gnu/arm/4.9.3/bin/../lib/gcc/arm-none-eabi/4.9.3/../../../../arm-none-eabi/lib/armv6-m\libg_nano.a
LOAD c:/program files (x86)/cypress/psoc creator/4.0/psoc creator/import/gnu/arm/4.9.3/bin/../lib/gcc/arm-none-eabi/4.9.3/../../../../arm-none-eabi/lib/armv6-m\libc_nano.a
END GROUP
START GROUP
LOAD c:/program files (x86)/cypress/psoc creator/4.0/psoc creator/import/gnu/arm/4.9.3/bin/../lib/gcc/arm-none-eabi/4.9.3/armv6-m\libgcc.a
LOAD c:/program files (x86)/cypress/psoc creator/4.0/psoc creator/import/gnu/arm/4.9.3/bin/../lib/gcc/arm-none-eabi/4.9.3/../../../../arm-none-eabi/lib/armv6-m\libc_nano.a
END GROUP
LOAD c:/program files (x86)/cypress/psoc creator/4.0/psoc creator/import/gnu/arm/4.9.3/bin/../lib/gcc/arm-none-eabi/4.9.3/armv6-m/crtend.o
LOAD c:/program files (x86)/cypress/psoc creator/4.0/psoc creator/import/gnu/arm/4.9.3/bin/../lib/gcc/arm-none-eabi/4.9.3/armv6-m/crtn.o
START GROUP
LOAD c:/program files (x86)/cypress/psoc creator/4.0/psoc creator/import/gnu/arm/4.9.3/bin/../lib/gcc/arm-none-eabi/4.9.3/armv6-m\libgcc.a
LOAD c:/program files (x86)/cypress/psoc creator/4.0/psoc creator/import/gnu/arm/4.9.3/bin/../lib/gcc/arm-none-eabi/4.9.3/../../../../arm-none-eabi/lib/armv6-m\libc.a
LOAD c:/program files (x86)/cypress/psoc creator/4.0/psoc creator/import/gnu/arm/4.9.3/bin/../lib/gcc/arm-none-eabi/4.9.3/../../../../arm-none-eabi/lib/armv6-m\libnosys.a
END GROUP
                0x00000000                CY_APPL_ORIGIN = 0x0
                0x00000080                CY_FLASH_ROW_SIZE = 0x80
                0x00000001                CY_APPL_NUM = 0x1
                0x00000001                CY_APPL_MAX = 0x1
                0x00000040                CY_METADATA_SIZE = 0x40
                0x00000000                CY_APPL_LOADABLE = 0x0
                0x00000000                CY_CHECKSUM_EXCLUDE_SIZE = ALIGN (0x0, CY_FLASH_ROW_SIZE)
                0x00000000                CY_APP_FOR_STACK_AND_COPIER = 0x0
                0x200004a0                PROVIDE (__cy_heap_start, _end)
                0x00000001                PROVIDE (__cy_region_num, ((__cy_regions_end - __cy_regions) / 0x10))
                0x20001000                PROVIDE (__cy_stack, (ORIGIN (ram) + 0x1000))
                0x20000c00                PROVIDE (__cy_heap_end, (__cy_stack - 0x400))

.cybootloader   0x00000000        0x0
 *(.cybootloader)
                0x00000000                appl1_start = CY_APPL_ORIGIN?CY_APPL_ORIGIN:ALIGN (CY_FLASH_ROW_SIZE)
                0x00003f80                appl2_start = (appl1_start + ALIGN ((((0x8000 - appl1_start) - (0x2 * CY_FLASH_ROW_SIZE)) / 0x2), CY_FLASH_ROW_SIZE))
                0x00000000                appl_start = (CY_APPL_NUM == 0x1)?appl1_start:appl2_start
                0x00000001                cy_project_type_bootloader = (appl_start == 0x0)?0x1:0x0
                0x00000000                cy_project_type_app_for_stack_and_copier = (CY_APP_FOR_STACK_AND_COPIER == 0x1)?0x1:0x0

.text           0x00000000     0x4056
 CREATE_OBJECT_SYMBOLS
                0x00000000                PROVIDE (__cy_interrupt_vector, RomVectors)
 *(.romvectors)
 .romvectors    0x00000000       0x10 .\CortexM0p\ARM_GCC_493\Release\Cm0plusStart.o
                0x00000000                RomVectors
                0x00000001                ASSERT ((. != __cy_interrupt_vector), No interrupt vector)
                0x00000001                ASSERT (CY_APPL_ORIGIN?(SIZEOF (.cybootloader) <= CY_APPL_ORIGIN):0x1, Wrong image location)
                0x00000010                PROVIDE (__cy_reset, Reset)
 *(.text.Reset)
 .text.Reset    0x00000010        0xa .\CortexM0p\ARM_GCC_493\Release\Cm0plusStart.o
                0x00000010                Reset
                0x00000001                ASSERT ((. != __cy_reset), No reset code)
 *(.psocinit)
 *fill*         0x0000001a        0x2 
 .psocinit      0x0000001c      0x250 .\CortexM0p\ARM_GCC_493\Release\Talking_Clock.a(cyfitter_cfg.o)
                0x0000001c                cyfitter_cfg
                0x0000026c                . = MAX (., 0x100)
 *(.text .text.* .gnu.linkonce.t.*)
 .text          0x0000026c       0x60 c:/program files (x86)/cypress/psoc creator/4.0/psoc creator/import/gnu/arm/4.9.3/bin/../lib/gcc/arm-none-eabi/4.9.3/armv6-m/crtbegin.o
 .text.uart_output_time.isra.0
                0x000002cc       0x90 .\CortexM0p\ARM_GCC_493\Release\main.o
 .text.startup.main
                0x0000035c      0x444 .\CortexM0p\ARM_GCC_493\Release\main.o
                0x0000035c                main
 .text.reverse_bit_order
                0x000007a0       0x26 .\CortexM0p\ARM_GCC_493\Release\lpc_synth.o
 *fill*         0x000007c6        0x2 
 .text.generate_sample
                0x000007c8      0x1e8 .\CortexM0p\ARM_GCC_493\Release\lpc_synth.o
 .text.synth_dma_isr
                0x000009b0       0x50 .\CortexM0p\ARM_GCC_493\Release\lpc_synth.o
 .text.get_bits
                0x00000a00       0x5c .\CortexM0p\ARM_GCC_493\Release\lpc_synth.o
 .text.synth_hw_init
                0x00000a5c       0x5c .\CortexM0p\ARM_GCC_493\Release\lpc_synth.o
                0x00000a5c                synth_hw_init
 .text.synth_say
                0x00000ab8      0x1c8 .\CortexM0p\ARM_GCC_493\Release\lpc_synth.o
                0x00000ab8                synth_say
 .text.iprintf  0x00000c80       0xfc .\CortexM0p\ARM_GCC_493\Release\iprintf.o
                0x00000c80                iprintf
 .text.temperature_hw_init
                0x00000d7c       0x18 .\CortexM0p\ARM_GCC_493\Release\temperature.o
                0x00000d7c                temperature_hw_init
 .text.get_temperature
                0x00000d94       0x54 .\CortexM0p\ARM_GCC_493\Release\temperature.o
                0x00000d94                get_temperature
 .text.say_number
                0x00000de8      0x178 .\CortexM0p\ARM_GCC_493\Release\custom_synth.o
                0x00000de8                say_number
 .text.say_time
                0x00000f60       0xcc .\CortexM0p\ARM_GCC_493\Release\custom_synth.o
                0x00000f60                say_time
 .text.say_temperature
                0x0000102c       0x74 .\CortexM0p\ARM_GCC_493\Release\custom_synth.o
                0x0000102c                say_temperature
 .text.IntDefaultHandler
                0x000010a0       0x10 .\CortexM0p\ARM_GCC_493\Release\Cm0plusStart.o
                0x000010a0                IntDefaultHandler
 .text.Start_c  0x000010b0       0x4c .\CortexM0p\ARM_GCC_493\Release\Cm0plusStart.o
                0x000010b0                Start_c
 .text.startup.initialize_psoc
                0x000010fc       0x44 .\CortexM0p\ARM_GCC_493\Release\Cm0plusStart.o
                0x000010fc                initialize_psoc
 .text.SetAnalogRoutingPumps
                0x00001140       0x1c .\CortexM0p\ARM_GCC_493\Release\Talking_Clock.a(cyfitter_cfg.o)
                0x00001140                SetAnalogRoutingPumps
 .text.CySysClkImoDisableWcoLock
                0x0000115c       0x14 .\CortexM0p\ARM_GCC_493\Release\Talking_Clock.a(CyLib.o)
                0x0000115c                CySysClkImoDisableWcoLock
 .text.CySysClkImoGetWcoLock
                0x00001170       0x10 .\CortexM0p\ARM_GCC_493\Release\Talking_Clock.a(CyLib.o)
                0x00001170                CySysClkImoGetWcoLock
 .text.CyIntSetVector
                0x00001180       0x10 .\CortexM0p\ARM_GCC_493\Release\Talking_Clock.a(CyLib.o)
                0x00001180                CyIntSetVector
 .text.CyIntSetPriority
                0x00001190       0x30 .\CortexM0p\ARM_GCC_493\Release\Talking_Clock.a(CyLib.o)
                0x00001190                CyIntSetPriority
 .text.CyIntEnable
                0x000011c0       0x14 .\CortexM0p\ARM_GCC_493\Release\Talking_Clock.a(CyLib.o)
                0x000011c0                CyIntEnable
 .text.CyIntDisable
                0x000011d4       0x14 .\CortexM0p\ARM_GCC_493\Release\Talking_Clock.a(CyLib.o)
                0x000011d4                CyIntDisable
 .text.CyIntClearPending
                0x000011e8       0x14 .\CortexM0p\ARM_GCC_493\Release\Talking_Clock.a(CyLib.o)
                0x000011e8                CyIntClearPending
 .text.CyDelay  0x000011fc       0x2c .\CortexM0p\ARM_GCC_493\Release\Talking_Clock.a(CyLib.o)
                0x000011fc                CyDelay
 .text.CySysClkImoEnableWcoLock
                0x00001228       0xc4 .\CortexM0p\ARM_GCC_493\Release\Talking_Clock.a(CyLib.o)
                0x00001228                CySysClkImoEnableWcoLock
 .text.CySysClkWriteImoFreq
                0x000012ec       0xbc .\CortexM0p\ARM_GCC_493\Release\Talking_Clock.a(CyLib.o)
                0x000012ec                CySysClkWriteImoFreq
 .text.CyDelayUs
                0x000013a8       0x14 .\CortexM0p\ARM_GCC_493\Release\Talking_Clock.a(CyLib.o)
                0x000013a8                CyDelayUs
 .text.CyDmaInterrupt
                0x000013bc       0x30 .\CortexM0p\ARM_GCC_493\Release\Talking_Clock.a(CyDMA.o)
                0x000013bc                CyDmaInterrupt
 .text.CyDmaDefaultInterruptCallback
                0x000013ec        0x2 .\CortexM0p\ARM_GCC_493\Release\Talking_Clock.a(CyDMA.o)
 .text.CyDmaSetInterruptVector
                0x000013ee        0xc .\CortexM0p\ARM_GCC_493\Release\Talking_Clock.a(CyDMA.o)
                0x000013ee                CyDmaSetInterruptVector
 *fill*         0x000013fa        0x2 
 .text.CyDmaEnable
                0x000013fc       0x34 .\CortexM0p\ARM_GCC_493\Release\Talking_Clock.a(CyDMA.o)
                0x000013fc                CyDmaEnable
 .text.CyDmaSetInterruptCallback
                0x00001430       0x10 .\CortexM0p\ARM_GCC_493\Release\Talking_Clock.a(CyDMA.o)
                0x00001430                CyDmaSetInterruptCallback
 .text.CyDmaChEnable
                0x00001440       0x18 .\CortexM0p\ARM_GCC_493\Release\Talking_Clock.a(CyDMA.o)
                0x00001440                CyDmaChEnable
 .text.CyDmaChDisable
                0x00001458       0x14 .\CortexM0p\ARM_GCC_493\Release\Talking_Clock.a(CyDMA.o)
                0x00001458                CyDmaChDisable
 .text.CyDmaValidateDescriptor
                0x0000146c       0x18 .\CortexM0p\ARM_GCC_493\Release\Talking_Clock.a(CyDMA.o)
                0x0000146c                CyDmaValidateDescriptor
 .text.CyDmaSetSrcAddress
                0x00001484       0x10 .\CortexM0p\ARM_GCC_493\Release\Talking_Clock.a(CyDMA.o)
                0x00001484                CyDmaSetSrcAddress
 .text.CyDmaSetDstAddress
                0x00001494       0x14 .\CortexM0p\ARM_GCC_493\Release\Talking_Clock.a(CyDMA.o)
                0x00001494                CyDmaSetDstAddress
 .text.CySysClkWcoEnabled
                0x000014a8        0xc .\CortexM0p\ARM_GCC_493\Release\Talking_Clock.a(CyLFClk.o)
                0x000014a8                CySysClkWcoEnabled
 .text.CySysWdtDisable
                0x000014b4       0x10 .\CortexM0p\ARM_GCC_493\Release\Talking_Clock.a(CyLFClk.o)
                0x000014b4                CySysWdtDisable
 .text.CySysClkSetTimerSource
                0x000014c4       0x60 .\CortexM0p\ARM_GCC_493\Release\Talking_Clock.a(CyLFClk.o)
                0x000014c4                CySysClkSetTimerSource
 .text.CySysTimerClearInterrupt
                0x00001524       0x2c .\CortexM0p\ARM_GCC_493\Release\Talking_Clock.a(CyLFClk.o)
                0x00001524                CySysTimerClearInterrupt
 .text.CySysTimerSetInterruptCallback
                0x00001550       0x18 .\CortexM0p\ARM_GCC_493\Release\Talking_Clock.a(CyLFClk.o)
                0x00001550                CySysTimerSetInterruptCallback
 .text.CySysTimerIsr
                0x00001568       0xa0 .\CortexM0p\ARM_GCC_493\Release\Talking_Clock.a(CyLFClk.o)
                0x00001568                CySysTimerIsr
 .text.UART_Enable
                0x00001608       0x20 .\CortexM0p\ARM_GCC_493\Release\Talking_Clock.a(UART.o)
                0x00001608                UART_Enable
 .text.UART_Start
                0x00001628       0x1c .\CortexM0p\ARM_GCC_493\Release\Talking_Clock.a(UART.o)
                0x00001628                UART_Start
 .text.UART_SpiUartReadRxData
                0x00001644       0x34 .\CortexM0p\ARM_GCC_493\Release\Talking_Clock.a(UART_SPI_UART.o)
                0x00001644                UART_SpiUartReadRxData
 .text.UART_SpiUartGetRxBufferSize
                0x00001678       0x1c .\CortexM0p\ARM_GCC_493\Release\Talking_Clock.a(UART_SPI_UART.o)
                0x00001678                UART_SpiUartGetRxBufferSize
 .text.UART_SpiUartWriteTxData
                0x00001694       0x70 .\CortexM0p\ARM_GCC_493\Release\Talking_Clock.a(UART_SPI_UART.o)
                0x00001694                UART_SpiUartWriteTxData
 .text.UART_UartInit
                0x00001704       0xe4 .\CortexM0p\ARM_GCC_493\Release\Talking_Clock.a(UART_UART.o)
                0x00001704                UART_UartInit
 .text.UART_UartPostEnable
                0x000017e8       0x2c .\CortexM0p\ARM_GCC_493\Release\Talking_Clock.a(UART_UART.o)
                0x000017e8                UART_UartPostEnable
 .text.UART_UartGetChar
                0x00001814       0x28 .\CortexM0p\ARM_GCC_493\Release\Talking_Clock.a(UART_UART.o)
                0x00001814                UART_UartGetChar
 .text.UART_UartPutString
                0x0000183c       0x16 .\CortexM0p\ARM_GCC_493\Release\Talking_Clock.a(UART_UART.o)
                0x0000183c                UART_UartPutString
 *fill*         0x00001852        0x2 
 .text.DMA_Synth_Init
                0x00001854       0x2c .\CortexM0p\ARM_GCC_493\Release\Talking_Clock.a(DMA_Synth.o)
                0x00001854                DMA_Synth_Init
 .text.DMA_Synth_Start
                0x00001880       0x44 .\CortexM0p\ARM_GCC_493\Release\Talking_Clock.a(DMA_Synth.o)
                0x00001880                DMA_Synth_Start
 .text.Timer_Synth_Init
                0x000018c4       0x38 .\CortexM0p\ARM_GCC_493\Release\Talking_Clock.a(Timer_Synth.o)
                0x000018c4                Timer_Synth_Init
 .text.Timer_Synth_Stop
                0x000018fc       0x1c .\CortexM0p\ARM_GCC_493\Release\Talking_Clock.a(Timer_Synth.o)
                0x000018fc                Timer_Synth_Stop
 .text.Timer_Synth_WritePeriod
                0x00001918        0xc .\CortexM0p\ARM_GCC_493\Release\Talking_Clock.a(Timer_Synth.o)
                0x00001918                Timer_Synth_WritePeriod
 .text.Timer_Synth_TriggerCommand
                0x00001924       0x1c .\CortexM0p\ARM_GCC_493\Release\Talking_Clock.a(Timer_Synth.o)
                0x00001924                Timer_Synth_TriggerCommand
 .text.Timer_Synth_Enable
                0x00001940       0x24 .\CortexM0p\ARM_GCC_493\Release\Talking_Clock.a(Timer_Synth.o)
                0x00001940                Timer_Synth_Enable
 .text.Timer_Synth_Start
                0x00001964       0x1c .\CortexM0p\ARM_GCC_493\Release\Talking_Clock.a(Timer_Synth.o)
                0x00001964                Timer_Synth_Start
 .text.VDAC_Synth_SaturateTwosComp
                0x00001980       0x1c .\CortexM0p\ARM_GCC_493\Release\Talking_Clock.a(VDAC_Synth.o)
                0x00001980                VDAC_Synth_SaturateTwosComp
 .text.VDAC_Synth_Init
                0x0000199c       0x38 .\CortexM0p\ARM_GCC_493\Release\Talking_Clock.a(VDAC_Synth.o)
                0x0000199c                VDAC_Synth_Init
 .text.VDAC_Synth_Enable
                0x000019d4        0xe .\CortexM0p\ARM_GCC_493\Release\Talking_Clock.a(VDAC_Synth.o)
                0x000019d4                VDAC_Synth_Enable
 *fill*         0x000019e2        0x2 
 .text.VDAC_Synth_Start
                0x000019e4       0x1c .\CortexM0p\ARM_GCC_493\Release\Talking_Clock.a(VDAC_Synth.o)
                0x000019e4                VDAC_Synth_Start
 .text.VDAC_Synth_UAB_WriteInitPairs
                0x00001a00       0x16 .\CortexM0p\ARM_GCC_493\Release\Talking_Clock.a(VDAC_Synth_UAB.o)
                0x00001a00                VDAC_Synth_UAB_WriteInitPairs
 *fill*         0x00001a16        0x2 
 .text.VDAC_Synth_UAB_Enable
                0x00001a18       0x14 .\CortexM0p\ARM_GCC_493\Release\Talking_Clock.a(VDAC_Synth_UAB.o)
                0x00001a18                VDAC_Synth_UAB_Enable
 .text.VDAC_Synth_UAB_Init
                0x00001a2c       0x38 .\CortexM0p\ARM_GCC_493\Release\Talking_Clock.a(VDAC_Synth_UAB.o)
                0x00001a2c                VDAC_Synth_UAB_Init
 .text.VDAC_Synth_UAB_SetRefPower
                0x00001a64       0x24 .\CortexM0p\ARM_GCC_493\Release\Talking_Clock.a(VDAC_Synth_UAB.o)
                0x00001a64                VDAC_Synth_UAB_SetRefPower
 .text.VDAC_Synth_UAB_SetAgndPower
                0x00001a88       0x24 .\CortexM0p\ARM_GCC_493\Release\Talking_Clock.a(VDAC_Synth_UAB.o)
                0x00001a88                VDAC_Synth_UAB_SetAgndPower
 .text.VDAC_Synth_UAB_Run
                0x00001aac       0x14 .\CortexM0p\ARM_GCC_493\Release\Talking_Clock.a(VDAC_Synth_UAB.o)
                0x00001aac                VDAC_Synth_UAB_Run
 .text.VDAC_Synth_UAB_SetSwitch
                0x00001ac0       0xd8 .\CortexM0p\ARM_GCC_493\Release\Talking_Clock.a(VDAC_Synth_UAB.o)
                0x00001ac0                VDAC_Synth_UAB_SetSwitch
 .text.CyUAB_SetNSteps
                0x00001b98       0x1c .\CortexM0p\ARM_GCC_493\Release\Talking_Clock.a(VDAC_Synth_UAB_CyUAB.o)
                0x00001b98                CyUAB_SetNSteps
 .text.CyUAB_wordset
                0x00001bb4       0x12 .\CortexM0p\ARM_GCC_493\Release\Talking_Clock.a(VDAC_Synth_UAB_CyUAB.o)
                0x00001bb4                CyUAB_wordset
 *fill*         0x00001bc6        0x2 
 .text.VDAC_Synth_OUTBUFFER_Init
                0x00001bc8       0x2c .\CortexM0p\ARM_GCC_493\Release\Talking_Clock.a(VDAC_Synth_OUTBUFFER.o)
                0x00001bc8                VDAC_Synth_OUTBUFFER_Init
 .text.VDAC_Synth_OUTBUFFER_Enable
                0x00001bf4       0x1c .\CortexM0p\ARM_GCC_493\Release\Talking_Clock.a(VDAC_Synth_OUTBUFFER.o)
                0x00001bf4                VDAC_Synth_OUTBUFFER_Enable
 .text.RTC_LeapYear
                0x00001c10       0x24 .\CortexM0p\ARM_GCC_493\Release\Talking_Clock.a(RTC.o)
 .text.RTC_GetYear
                0x00001c34       0x2a .\CortexM0p\ARM_GCC_493\Release\Talking_Clock.a(RTC.o)
 .text.RTC_ConstructDate
                0x00001c5e       0x82 .\CortexM0p\ARM_GCC_493\Release\Talking_Clock.a(RTC.o)
 .text.RTC_GetDayOfWeek
                0x00001ce0       0x4c .\CortexM0p\ARM_GCC_493\Release\Talking_Clock.a(RTC.o)
 .text.RTC_Update
                0x00001d2c       0x34 .\CortexM0p\ARM_GCC_493\Release\Talking_Clock.a(RTC.o)
                0x00001d2c                RTC_Update
 .text.RTC_DateTimeToUnix
                0x00001d60      0x11c .\CortexM0p\ARM_GCC_493\Release\Talking_Clock.a(RTC.o)
                0x00001d60                RTC_DateTimeToUnix
 .text.RTC_SetDateAndTime
                0x00001e7c       0x58 .\CortexM0p\ARM_GCC_493\Release\Talking_Clock.a(RTC.o)
                0x00001e7c                RTC_SetDateAndTime
 .text.RTC_Init
                0x00001ed4       0x40 .\CortexM0p\ARM_GCC_493\Release\Talking_Clock.a(RTC.o)
                0x00001ed4                RTC_Init
 .text.RTC_Start
                0x00001f14       0x20 .\CortexM0p\ARM_GCC_493\Release\Talking_Clock.a(RTC.o)
                0x00001f14                RTC_Start
 .text.RTC_DaysInMonth
                0x00001f34       0x20 .\CortexM0p\ARM_GCC_493\Release\Talking_Clock.a(RTC.o)
                0x00001f34                RTC_DaysInMonth
 .text.RTC_UnixToDateTime
                0x00001f54      0x1ac .\CortexM0p\ARM_GCC_493\Release\Talking_Clock.a(RTC.o)
                0x00001f54                RTC_UnixToDateTime
 .text.RTC_GetDateAndTime
                0x00002100       0x24 .\CortexM0p\ARM_GCC_493\Release\Talking_Clock.a(RTC.o)
                0x00002100                RTC_GetDateAndTime
 .text.CapSense_Initialize
                0x00002124       0x24 .\CortexM0p\ARM_GCC_493\Release\Talking_Clock.a(CapSense_Control.o)
                0x00002124                CapSense_Initialize
 .text.CapSense_Start
                0x00002148       0x46 .\CortexM0p\ARM_GCC_493\Release\Talking_Clock.a(CapSense_Control.o)
                0x00002148                CapSense_Start
 *fill*         0x0000218e        0x2 
 .text.CapSense_ProcessAllWidgets
                0x00002190       0x2c .\CortexM0p\ARM_GCC_493\Release\Talking_Clock.a(CapSense_Control.o)
                0x00002190                CapSense_ProcessAllWidgets
 .text.CapSense_DpInitialize
                0x000021bc       0x3c .\CortexM0p\ARM_GCC_493\Release\Talking_Clock.a(CapSense_Processing.o)
                0x000021bc                CapSense_DpInitialize
 .text.CapSense_DpUpdateThresholds
                0x000021f8       0x30 .\CortexM0p\ARM_GCC_493\Release\Talking_Clock.a(CapSense_Processing.o)
                0x000021f8                CapSense_DpUpdateThresholds
 .text.CapSense_DpUpdateDifferences
                0x00002228       0x14 .\CortexM0p\ARM_GCC_493\Release\Talking_Clock.a(CapSense_Processing.o)
                0x00002228                CapSense_DpUpdateDifferences
 .text.CapSense_DpProcessCsdWidgetRawCounts
                0x0000223c       0x80 .\CortexM0p\ARM_GCC_493\Release\Talking_Clock.a(CapSense_Processing.o)
                0x0000223c                CapSense_DpProcessCsdWidgetRawCounts
 .text.CapSense_DpProcessProximity
                0x000022bc       0x70 .\CortexM0p\ARM_GCC_493\Release\Talking_Clock.a(CapSense_Processing.o)
                0x000022bc                CapSense_DpProcessProximity
 .text.CapSense_DpProcessCsdWidgetStatus
                0x0000232c       0x40 .\CortexM0p\ARM_GCC_493\Release\Talking_Clock.a(CapSense_Processing.o)
                0x0000232c                CapSense_DpProcessCsdWidgetStatus
 .text.CapSense_DsInitialize
                0x0000236c       0x44 .\CortexM0p\ARM_GCC_493\Release\Talking_Clock.a(CapSense_Structure.o)
                0x0000236c                CapSense_DsInitialize
 .text.CapSense_IsAnyWidgetActive
                0x000023b0        0xc .\CortexM0p\ARM_GCC_493\Release\Talking_Clock.a(CapSense_Structure.o)
                0x000023b0                CapSense_IsAnyWidgetActive
 .text.CapSense_TuInitialize
                0x000023bc       0x14 .\CortexM0p\ARM_GCC_493\Release\Talking_Clock.a(CapSense_Tuner.o)
                0x000023bc                CapSense_TuInitialize
 .text.CapSense_FtInitialize
                0x000023d0       0x40 .\CortexM0p\ARM_GCC_493\Release\Talking_Clock.a(CapSense_Filter.o)
                0x000023d0                CapSense_FtInitialize
 .text.CapSense_FtUpdateBaseline
                0x00002410       0x72 .\CortexM0p\ARM_GCC_493\Release\Talking_Clock.a(CapSense_Filter.o)
                0x00002410                CapSense_FtUpdateBaseline
 .text.CapSense_FtInitializeBaseline
                0x00002482       0x14 .\CortexM0p\ARM_GCC_493\Release\Talking_Clock.a(CapSense_Filter.o)
                0x00002482                CapSense_FtInitializeBaseline
 *fill*         0x00002496        0x2 
 .text.CapSense_InitializeSensorBaseline
                0x00002498       0x1c .\CortexM0p\ARM_GCC_493\Release\Talking_Clock.a(CapSense_Filter.o)
                0x00002498                CapSense_InitializeSensorBaseline
 .text.CapSense_InitializeWidgetBaseline
                0x000024b4       0x24 .\CortexM0p\ARM_GCC_493\Release\Talking_Clock.a(CapSense_Filter.o)
                0x000024b4                CapSense_InitializeWidgetBaseline
 .text.CapSense_InitializeAllBaselines
                0x000024d8        0xa .\CortexM0p\ARM_GCC_493\Release\Talking_Clock.a(CapSense_Filter.o)
                0x000024d8                CapSense_InitializeAllBaselines
 *fill*         0x000024e2        0x2 
 .text.CapSense_IsBusy
                0x000024e4       0x10 .\CortexM0p\ARM_GCC_493\Release\Talking_Clock.a(CapSense_Sensing.o)
                0x000024e4                CapSense_IsBusy
 .text.CapSense_SetupWidget
                0x000024f4       0x2c .\CortexM0p\ARM_GCC_493\Release\Talking_Clock.a(CapSense_Sensing.o)
                0x000024f4                CapSense_SetupWidget
 .text.CapSense_Scan
                0x00002520       0x20 .\CortexM0p\ARM_GCC_493\Release\Talking_Clock.a(CapSense_Sensing.o)
                0x00002520                CapSense_Scan
 .text.CapSense_ScanAllWidgets
                0x00002540       0x2c .\CortexM0p\ARM_GCC_493\Release\Talking_Clock.a(CapSense_Sensing.o)
                0x00002540                CapSense_ScanAllWidgets
 .text.CapSense_SsPostAllWidgetsScan
                0x0000256c        0x2 .\CortexM0p\ARM_GCC_493\Release\Talking_Clock.a(CapSense_Sensing.o)
                0x0000256c                CapSense_SsPostAllWidgetsScan
 *fill*         0x0000256e        0x2 
 .text.CapSense_SsSetModClkClockDivider
                0x00002570       0x2c .\CortexM0p\ARM_GCC_493\Release\Talking_Clock.a(CapSense_Sensing.o)
                0x00002570                CapSense_SsSetModClkClockDivider
 .text.CapSense_SsSetSnsClockDivider
                0x0000259c       0x14 .\CortexM0p\ARM_GCC_493\Release\Talking_Clock.a(CapSense_Sensing.o)
                0x0000259c                CapSense_SsSetSnsClockDivider
 .text.CapSense_SsClearCSDSensors
                0x000025b0       0x28 .\CortexM0p\ARM_GCC_493\Release\Talking_Clock.a(CapSense_Sensing.o)
                0x000025b0                CapSense_SsClearCSDSensors
 .text.CapSense_SsCSDCalcPrsSize
                0x000025d8       0x22 .\CortexM0p\ARM_GCC_493\Release\Talking_Clock.a(CapSense_Sensing.o)
                0x000025d8                CapSense_SsCSDCalcPrsSize
 *fill*         0x000025fa        0x2 
 .text.CapSense_SsSetWidgetSenseClkSrc
                0x000025fc       0xc0 .\CortexM0p\ARM_GCC_493\Release\Talking_Clock.a(CapSense_Sensing.o)
 .text.CapSense_SsAutoTune
                0x000026bc      0x108 .\CortexM0p\ARM_GCC_493\Release\Talking_Clock.a(CapSense_Sensing.o)
                0x000026bc                CapSense_SsAutoTune
 .text.CapSense_SsInitializeSourceSenseClk
                0x000027c4       0x14 .\CortexM0p\ARM_GCC_493\Release\Talking_Clock.a(CapSense_Sensing.o)
                0x000027c4                CapSense_SsInitializeSourceSenseClk
 .text.CapSense_SsInitialize
                0x000027d8        0xe .\CortexM0p\ARM_GCC_493\Release\Talking_Clock.a(CapSense_Sensing.o)
                0x000027d8                CapSense_SsInitialize
 *fill*         0x000027e6        0x2 
 .text.CapSense_SsCSDInitialize
                0x000027e8      0x154 .\CortexM0p\ARM_GCC_493\Release\Talking_Clock.a(CapSense_SensingCSD_LL.o)
                0x000027e8                CapSense_SsCSDInitialize
 .text.CapSense_SsCSDSetUpIdacs
                0x0000293c       0x44 .\CortexM0p\ARM_GCC_493\Release\Talking_Clock.a(CapSense_SensingCSD_LL.o)
                0x0000293c                CapSense_SsCSDSetUpIdacs
 .text.CapSense_SsCSDGetNumberOfConversions
                0x00002980       0x64 .\CortexM0p\ARM_GCC_493\Release\Talking_Clock.a(CapSense_SensingCSD_LL.o)
                0x00002980                CapSense_SsCSDGetNumberOfConversions
 .text.CapSense_SsCSDConfigClock
                0x000029e4       0x48 .\CortexM0p\ARM_GCC_493\Release\Talking_Clock.a(CapSense_SensingCSD_LL.o)
                0x000029e4                CapSense_SsCSDConfigClock
 .text.CapSense_SsCSDCalculateScanDuration
                0x00002a2c       0x1c .\CortexM0p\ARM_GCC_493\Release\Talking_Clock.a(CapSense_SensingCSD_LL.o)
                0x00002a2c                CapSense_SsCSDCalculateScanDuration
 .text.CapSense_SsCSDStartSample
                0x00002a48      0x118 .\CortexM0p\ARM_GCC_493\Release\Talking_Clock.a(CapSense_SensingCSD_LL.o)
                0x00002a48                CapSense_SsCSDStartSample
 .text.CapSense_CSDScanExt
                0x00002b60       0x1c .\CortexM0p\ARM_GCC_493\Release\Talking_Clock.a(CapSense_SensingCSD_LL.o)
                0x00002b60                CapSense_CSDScanExt
 .text.CapSense_CSDConnectSns
                0x00002b7c       0x30 .\CortexM0p\ARM_GCC_493\Release\Talking_Clock.a(CapSense_SensingCSD_LL.o)
                0x00002b7c                CapSense_CSDConnectSns
 .text.CapSense_CSDScan
                0x00002bac       0x68 .\CortexM0p\ARM_GCC_493\Release\Talking_Clock.a(CapSense_SensingCSD_LL.o)
                0x00002bac                CapSense_CSDScan
 .text.CapSense_SsCSDConnectSensorExt
                0x00002c14       0x20 .\CortexM0p\ARM_GCC_493\Release\Talking_Clock.a(CapSense_SensingCSD_LL.o)
                0x00002c14                CapSense_SsCSDConnectSensorExt
 .text.CapSense_CSDDisconnectSns
                0x00002c34       0x3e .\CortexM0p\ARM_GCC_493\Release\Talking_Clock.a(CapSense_SensingCSD_LL.o)
                0x00002c34                CapSense_CSDDisconnectSns
 *fill*         0x00002c72        0x2 
 .text.CapSense_SsCSDElectrodeCheck
                0x00002c74       0x20 .\CortexM0p\ARM_GCC_493\Release\Talking_Clock.a(CapSense_SensingCSD_LL.o)
                0x00002c74                CapSense_SsCSDElectrodeCheck
 .text.CapSense_CSDSetupWidget
                0x00002c94       0x4c .\CortexM0p\ARM_GCC_493\Release\Talking_Clock.a(CapSense_SensingCSD_LL.o)
                0x00002c94                CapSense_CSDSetupWidget
 .text.CapSense_CSDSetupWidgetExt
                0x00002ce0       0x60 .\CortexM0p\ARM_GCC_493\Release\Talking_Clock.a(CapSense_SensingCSD_LL.o)
                0x00002ce0                CapSense_CSDSetupWidgetExt
 .text.CapSense_SsCSDSetSingleIdacMode
                0x00002d40       0x2c .\CortexM0p\ARM_GCC_493\Release\Talking_Clock.a(CapSense_SensingCSD_LL.o)
                0x00002d40                CapSense_SsCSDSetSingleIdacMode
 .text.CapSense_CSDCalibrateWidget
                0x00002d6c      0x1e4 .\CortexM0p\ARM_GCC_493\Release\Talking_Clock.a(CapSense_SensingCSD_LL.o)
                0x00002d6c                CapSense_CSDCalibrateWidget
 .text.CapSense_ISR_SetPriority
                0x00002f50       0x24 .\CortexM0p\ARM_GCC_493\Release\Talking_Clock.a(CapSense_ISR.o)
                0x00002f50                CapSense_ISR_SetPriority
 .text.CapSense_ISR_StartEx
                0x00002f74       0x28 .\CortexM0p\ARM_GCC_493\Release\Talking_Clock.a(CapSense_ISR.o)
                0x00002f74                CapSense_ISR_StartEx
 .text.Thermistor_GetResistance
                0x00002f9c       0x2c .\CortexM0p\ARM_GCC_493\Release\Talking_Clock.a(Thermistor.o)
                0x00002f9c                Thermistor_GetResistance
 .text.Thermistor_GetTemperature
                0x00002fc8       0x88 .\CortexM0p\ARM_GCC_493\Release\Talking_Clock.a(Thermistor.o)
                0x00002fc8                Thermistor_GetTemperature
 .text.PVref_Init
                0x00003050       0x1c .\CortexM0p\ARM_GCC_493\Release\Talking_Clock.a(PVref.o)
                0x00003050                PVref_Init
 .text.PVref_Enable
                0x0000306c       0x10 .\CortexM0p\ARM_GCC_493\Release\Talking_Clock.a(PVref.o)
                0x0000306c                PVref_Enable
 .text.PVref_Start
                0x0000307c       0x1c .\CortexM0p\ARM_GCC_493\Release\Talking_Clock.a(PVref.o)
                0x0000307c                PVref_Start
 .text.VrefBuffer_Init
                0x00003098       0x2c .\CortexM0p\ARM_GCC_493\Release\Talking_Clock.a(VrefBuffer.o)
                0x00003098                VrefBuffer_Init
 .text.VrefBuffer_Enable
                0x000030c4       0x1c .\CortexM0p\ARM_GCC_493\Release\Talking_Clock.a(VrefBuffer.o)
                0x000030c4                VrefBuffer_Enable
 .text.VrefBuffer_Start
                0x000030e0       0x1c .\CortexM0p\ARM_GCC_493\Release\Talking_Clock.a(VrefBuffer.o)
                0x000030e0                VrefBuffer_Start
 .text.ADC_InitConfig
                0x000030fc       0xe8 .\CortexM0p\ARM_GCC_493\Release\Talking_Clock.a(ADC.o)
                0x000030fc                ADC_InitConfig
 .text.ADC_StartConvert
                0x000031e4       0x24 .\CortexM0p\ARM_GCC_493\Release\Talking_Clock.a(ADC.o)
                0x000031e4                ADC_StartConvert
 .text.ADC_IsEndConversion
                0x00003208       0x34 .\CortexM0p\ARM_GCC_493\Release\Talking_Clock.a(ADC.o)
                0x00003208                ADC_IsEndConversion
 .text.ADC_GetResult16
                0x0000323c       0x30 .\CortexM0p\ARM_GCC_493\Release\Talking_Clock.a(ADC.o)
                0x0000323c                ADC_GetResult16
 .text.ADC_Init
                0x0000326c       0xec .\CortexM0p\ARM_GCC_493\Release\Talking_Clock.a(ADC.o)
                0x0000326c                ADC_Init
 .text.ADC_Enable
                0x00003358       0x2c .\CortexM0p\ARM_GCC_493\Release\Talking_Clock.a(ADC.o)
                0x00003358                ADC_Enable
 .text.ADC_Start
                0x00003384       0x20 .\CortexM0p\ARM_GCC_493\Release\Talking_Clock.a(ADC.o)
                0x00003384                ADC_Start
 .text.ADC_ISR  0x000033a4        0xc .\CortexM0p\ARM_GCC_493\Release\Talking_Clock.a(ADC_INT.o)
                0x000033a4                ADC_ISR
 .text.ADC_intSarClock_SetFractionalDividerRegister
                0x000033b0       0x20 .\CortexM0p\ARM_GCC_493\Release\Talking_Clock.a(ADC_intSarClock.o)
                0x000033b0                ADC_intSarClock_SetFractionalDividerRegister
 .text          0x000033d0       0x20 .\CortexM0p\ARM_GCC_493\Release\Talking_Clock.a(CyBootAsmGnu.o)
                0x000033d0                CyDelayCycles
                0x000033e2                CyEnterCriticalSection
                0x000033ea                CyExitCriticalSection
 .text.CySysFlashSetWaitCycles
                0x000033f0       0x44 .\CortexM0p\ARM_GCC_493\Release\Talking_Clock.a(CyFlash.o)
                0x000033f0                CySysFlashSetWaitCycles
 .text.CySysPmSleep
                0x00003434       0x1c .\CortexM0p\ARM_GCC_493\Release\Talking_Clock.a(cyPm.o)
                0x00003434                CySysPmSleep
 .text.UART_SPI_UART_ISR
                0x00003450       0xe0 .\CortexM0p\ARM_GCC_493\Release\Talking_Clock.a(UART_SPI_UART_INT.o)
                0x00003450                UART_SPI_UART_ISR
 .text.CapSense_SsCSDPostScan
                0x00003530       0x48 .\CortexM0p\ARM_GCC_493\Release\Talking_Clock.a(CapSense_INT.o)
 .text.CapSense_CSDPostSingleScan
                0x00003578       0x2c .\CortexM0p\ARM_GCC_493\Release\Talking_Clock.a(CapSense_INT.o)
                0x00003578                CapSense_CSDPostSingleScan
 .text.CapSense_CSDPostMultiScan
                0x000035a4       0xc0 .\CortexM0p\ARM_GCC_493\Release\Talking_Clock.a(CapSense_INT.o)
                0x000035a4                CapSense_CSDPostMultiScan
 .text.SmartSense_TunePrescalers
                0x00003664       0x68 C:\Program Files (x86)\Cypress\PSoC Creator\4.0\PSoC Creator\psoc\content\cycomponentlibrary\CyComponentLibrary.cylib\CapSense_P4_v3_10\PSoC4\Library\Capsense_P4Library_GCCp.a(CapSense_SmartSense_LL_v3_10.o)
                0x00003664                SmartSense_TunePrescalers
 .text.SmartSense_TuneSensitivity
                0x000036cc       0x74 C:\Program Files (x86)\Cypress\PSoC Creator\4.0\PSoC Creator\psoc\content\cycomponentlibrary\CyComponentLibrary.cylib\CapSense_P4_v3_10\PSoC4\Library\Capsense_P4Library_GCCp.a(CapSense_SmartSense_LL_v3_10.o)
                0x000036cc                SmartSense_TuneSensitivity
 .text.SmartSense_UpdateThresholds
                0x00003740       0x40 C:\Program Files (x86)\Cypress\PSoC Creator\4.0\PSoC Creator\psoc\content\cycomponentlibrary\CyComponentLibrary.cylib\CapSense_P4_v3_10\PSoC4\Library\Capsense_P4Library_GCCp.a(CapSense_SmartSense_SL_v3_10.o)
                0x00003740                SmartSense_UpdateThresholds
 .text.SmartSense_InitializeNoiseEnvelope
                0x00003780       0x18 C:\Program Files (x86)\Cypress\PSoC Creator\4.0\PSoC Creator\psoc\content\cycomponentlibrary\CyComponentLibrary.cylib\CapSense_P4_v3_10\PSoC4\Library\Capsense_P4Library_GCCp.a(CapSense_SmartSense_SL_v3_10.o)
                0x00003780                SmartSense_InitializeNoiseEnvelope
 .text.SmartSense_RunNoiseEnvelope
                0x00003798       0x8e C:\Program Files (x86)\Cypress\PSoC Creator\4.0\PSoC Creator\psoc\content\cycomponentlibrary\CyComponentLibrary.cylib\CapSense_P4_v3_10\PSoC4\Library\Capsense_P4Library_GCCp.a(CapSense_SmartSense_SL_v3_10.o)
                0x00003798                SmartSense_RunNoiseEnvelope
 *fill*         0x00003826        0x2 
 .text          0x00003828       0x14 c:/program files (x86)/cypress/psoc creator/4.0/psoc creator/import/gnu/arm/4.9.3/bin/../lib/gcc/arm-none-eabi/4.9.3/armv6-m\libgcc.a(_thumb1_case_uqi.o)
                0x00003828                __gnu_thumb1_case_uqi
 .text          0x0000383c      0x120 c:/program files (x86)/cypress/psoc creator/4.0/psoc creator/import/gnu/arm/4.9.3/bin/../lib/gcc/arm-none-eabi/4.9.3/armv6-m\libgcc.a(_udivsi3.o)
                0x0000383c                __aeabi_uidiv
                0x0000383c                __udivsi3
                0x00003948                __aeabi_uidivmod
 .text          0x0000395c      0x1e0 c:/program files (x86)/cypress/psoc creator/4.0/psoc creator/import/gnu/arm/4.9.3/bin/../lib/gcc/arm-none-eabi/4.9.3/armv6-m\libgcc.a(_divsi3.o)
                0x0000395c                __divsi3
                0x0000395c                __aeabi_idiv
                0x00003b28                __aeabi_idivmod
 .text          0x00003b3c        0x4 c:/program files (x86)/cypress/psoc creator/4.0/psoc creator/import/gnu/arm/4.9.3/bin/../lib/gcc/arm-none-eabi/4.9.3/armv6-m\libgcc.a(_dvmd_tls.o)
                0x00003b3c                __aeabi_idiv0
                0x00003b3c                __aeabi_ldiv0
 .text          0x00003b40       0x40 c:/program files (x86)/cypress/psoc creator/4.0/psoc creator/import/gnu/arm/4.9.3/bin/../lib/gcc/arm-none-eabi/4.9.3/armv6-m\libgcc.a(_aeabi_uldivmod.o)
                0x00003b40                __aeabi_uldivmod
 .text          0x00003b80       0x54 c:/program files (x86)/cypress/psoc creator/4.0/psoc creator/import/gnu/arm/4.9.3/bin/../lib/gcc/arm-none-eabi/4.9.3/armv6-m\libgcc.a(_muldi3.o)
                0x00003b80                __muldi3
                0x00003b80                __aeabi_lmul
 .text          0x00003bd4       0x6c c:/program files (x86)/cypress/psoc creator/4.0/psoc creator/import/gnu/arm/4.9.3/bin/../lib/gcc/arm-none-eabi/4.9.3/armv6-m\libgcc.a(bpabi.o)
                0x00003bd4                __gnu_ldivmod_helper
                0x00003c0c                __gnu_uldivmod_helper
 .text          0x00003c40       0x3c c:/program files (x86)/cypress/psoc creator/4.0/psoc creator/import/gnu/arm/4.9.3/bin/../lib/gcc/arm-none-eabi/4.9.3/armv6-m\libgcc.a(_clzsi2.o)
                0x00003c40                __clzsi2
 .text          0x00003c7c      0x1f0 c:/program files (x86)/cypress/psoc creator/4.0/psoc creator/import/gnu/arm/4.9.3/bin/../lib/gcc/arm-none-eabi/4.9.3/armv6-m\libgcc.a(_divdi3.o)
                0x00003c7c                __divdi3
 .text          0x00003e6c      0x158 c:/program files (x86)/cypress/psoc creator/4.0/psoc creator/import/gnu/arm/4.9.3/bin/../lib/gcc/arm-none-eabi/4.9.3/armv6-m\libgcc.a(_udivdi3.o)
                0x00003e6c                __udivdi3
 .text          0x00003fc4       0x18 c:/program files (x86)/cypress/psoc creator/4.0/psoc creator/import/gnu/arm/4.9.3/bin/../lib/gcc/arm-none-eabi/4.9.3/armv6-m\libgcc.a(_clzdi2.o)
                0x00003fc4                __clzdi2
 .text.__errno  0x00003fdc        0xc c:/program files (x86)/cypress/psoc creator/4.0/psoc creator/import/gnu/arm/4.9.3/bin/../lib/gcc/arm-none-eabi/4.9.3/../../../../arm-none-eabi/lib/armv6-m\libg_nano.a(lib_a-errno.o)
                0x00003fdc                __errno
 .text.__libc_init_array
                0x00003fe8       0x4c c:/program files (x86)/cypress/psoc creator/4.0/psoc creator/import/gnu/arm/4.9.3/bin/../lib/gcc/arm-none-eabi/4.9.3/../../../../arm-none-eabi/lib/armv6-m\libg_nano.a(lib_a-init.o)
                0x00003fe8                __libc_init_array
 .text.memcpy   0x00004034       0x12 c:/program files (x86)/cypress/psoc creator/4.0/psoc creator/import/gnu/arm/4.9.3/bin/../lib/gcc/arm-none-eabi/4.9.3/../../../../arm-none-eabi/lib/armv6-m\libg_nano.a(lib_a-memcpy.o)
                0x00004034                memcpy
 .text.memset   0x00004046       0x10 c:/program files (x86)/cypress/psoc creator/4.0/psoc creator/import/gnu/arm/4.9.3/bin/../lib/gcc/arm-none-eabi/4.9.3/../../../../arm-none-eabi/lib/armv6-m\libg_nano.a(lib_a-memset.o)
                0x00004046                memset
 *(.plt)
 *(.gnu.warning)
 *(.glue_7t)
 .glue_7t       0x00000000        0x0 linker stubs
 *(.glue_7)
 .glue_7        0x00000000        0x0 linker stubs
 *(.vfp11_veneer)
 .vfp11_veneer  0x00000000        0x0 linker stubs
 *(.bootloader)
 *(.ARM.extab* .gnu.linkonce.armextab.*)
 *(.gcc_except_table)

.v4_bx          0x00004058        0x0
 .v4_bx         0x00000000        0x0 linker stubs

.iplt           0x00004058        0x0
 .iplt          0x00000000        0x0 c:/program files (x86)/cypress/psoc creator/4.0/psoc creator/import/gnu/arm/4.9.3/bin/../lib/gcc/arm-none-eabi/4.9.3/armv6-m/crtbegin.o

.eh_frame_hdr
 *(.eh_frame_hdr)

.eh_frame       0x00004058        0x4
 *(.eh_frame)
 .eh_frame      0x00004058        0x0 c:/program files (x86)/cypress/psoc creator/4.0/psoc creator/import/gnu/arm/4.9.3/bin/../lib/gcc/arm-none-eabi/4.9.3/armv6-m/crtbegin.o
 .eh_frame      0x00004058        0x4 c:/program files (x86)/cypress/psoc creator/4.0/psoc creator/import/gnu/arm/4.9.3/bin/../lib/gcc/arm-none-eabi/4.9.3/armv6-m/crtend.o
                0x0000405c                PROVIDE (__exidx_start, .)

.ARM.exidx      0x0000405c        0x8
 *(.ARM.exidx* .gnu.linkonce.armexidx.*)
 .ARM.exidx     0x0000405c        0x8 c:/program files (x86)/cypress/psoc creator/4.0/psoc creator/import/gnu/arm/4.9.3/bin/../lib/gcc/arm-none-eabi/4.9.3/armv6-m\libgcc.a(_divdi3.o)
 .ARM.exidx     0x00004064        0x0 c:/program files (x86)/cypress/psoc creator/4.0/psoc creator/import/gnu/arm/4.9.3/bin/../lib/gcc/arm-none-eabi/4.9.3/armv6-m\libgcc.a(_udivdi3.o)
                                  0x8 (size before relaxing)
                0x00004064                __exidx_end = .

.rodata         0x00004064     0x2ef4
 *(.rodata .rodata.* .gnu.linkonce.r.*)
 .rodata        0x00004064        0x3 .\CortexM0p\ARM_GCC_493\Release\main.o
 .rodata.str1.1
                0x00004067      0x138 .\CortexM0p\ARM_GCC_493\Release\main.o
                                0x15d (size before relaxing)
 *fill*         0x0000419f        0x1 
 .rodata        0x000041a0      0x16c .\CortexM0p\ARM_GCC_493\Release\lpc_synth.o
                0x000041cc                gp_buffer_addr
 .rodata        0x0000430c       0x10 .\CortexM0p\ARM_GCC_493\Release\iprintf.o
 .rodata        0x0000431c     0x1158 .\CortexM0p\ARM_GCC_493\Release\custom_synth.o
 .rodata        0x00005474       0x17 .\CortexM0p\ARM_GCC_493\Release\Talking_Clock.a(CyLib.o)
                0x00005474                cyImoFreqMhz2DpllOffset
 *fill*         0x0000548b        0x1 
 .rodata        0x0000548c       0x24 .\CortexM0p\ARM_GCC_493\Release\Talking_Clock.a(RTC.o)
                0x0000548c                RTC_daysBeforeMonthTbl
                0x000054a4                RTC_daysInMonthTbl
 .rodata        0x000054b0       0x50 .\CortexM0p\ARM_GCC_493\Release\Talking_Clock.a(CapSense_Structure.o)
                0x000054c4                CapSense_dsFlash
                0x000054e4                CapSense_ioList
 .rodata        0x00005500        0x5 .\CortexM0p\ARM_GCC_493\Release\Talking_Clock.a(CapSense_Sensing.o)
                0x00005504                CapSense_scanFreqIndex
 *fill*         0x00005505        0x3 
 .rodata        0x00005508     0x19cc .\CortexM0p\ARM_GCC_493\Release\Talking_Clock.a(Thermistor.o)
 .rodata        0x00006ed4        0x8 .\CortexM0p\ARM_GCC_493\Release\Talking_Clock.a(ADC.o)
 .rodata        0x00006edc       0x40 .\CortexM0p\ARM_GCC_493\Release\Talking_Clock.a(ADC_INIT.o)
                0x00006edc                ADC_InputsPlacement
                0x00006ee4                ADC_allConfigs
 .rodata.str1.1
                0x00006f1c        0x2 c:/program files (x86)/cypress/psoc creator/4.0/psoc creator/import/gnu/arm/4.9.3/bin/../lib/gcc/arm-none-eabi/4.9.3/../../../../arm-none-eabi/lib/armv6-m\libg_nano.a(lib_a-impure.o)
                0x00006f20                . = ALIGN (0x4)
 *fill*         0x00006f1e        0x2 
 *(.init)
 .init          0x00006f20        0x4 c:/program files (x86)/cypress/psoc creator/4.0/psoc creator/import/gnu/arm/4.9.3/bin/../lib/gcc/arm-none-eabi/4.9.3/armv6-m/crti.o
                0x00006f20                _init
 .init          0x00006f24        0x8 c:/program files (x86)/cypress/psoc creator/4.0/psoc creator/import/gnu/arm/4.9.3/bin/../lib/gcc/arm-none-eabi/4.9.3/armv6-m/crtn.o
                0x00006f2c                . = ALIGN (0x4)
                0x00006f2c                __preinit_array_start = .
 *(.preinit_array)
                0x00006f2c                __preinit_array_end = .
                0x00006f2c                . = ALIGN (0x4)
                0x00006f2c                __init_array_start = .
 *(SORT(.init_array.*))
 *(.init_array)
 .init_array    0x00006f2c        0x4 c:/program files (x86)/cypress/psoc creator/4.0/psoc creator/import/gnu/arm/4.9.3/bin/../lib/gcc/arm-none-eabi/4.9.3/armv6-m/crtbegin.o
 .init_array    0x00006f30        0x4 .\CortexM0p\ARM_GCC_493\Release\Cm0plusStart.o
                0x00006f34                __init_array_end = .
                0x00006f34                . = ALIGN (0x4)
 *(.fini)
 .fini          0x00006f34        0x4 c:/program files (x86)/cypress/psoc creator/4.0/psoc creator/import/gnu/arm/4.9.3/bin/../lib/gcc/arm-none-eabi/4.9.3/armv6-m/crti.o
                0x00006f34                _fini
 .fini          0x00006f38        0x8 c:/program files (x86)/cypress/psoc creator/4.0/psoc creator/import/gnu/arm/4.9.3/bin/../lib/gcc/arm-none-eabi/4.9.3/armv6-m/crtn.o
                0x00006f40                . = ALIGN (0x4)
                0x00006f40                __fini_array_start = .
 *(.fini_array)
 .fini_array    0x00006f40        0x4 c:/program files (x86)/cypress/psoc creator/4.0/psoc creator/import/gnu/arm/4.9.3/bin/../lib/gcc/arm-none-eabi/4.9.3/armv6-m/crtbegin.o
 *(SORT(.fini_array.*))
                0x00006f44                __fini_array_end = .
                0x00006f44                . = ALIGN (0x4)
 *crtbegin.o(.ctors)
 *(EXCLUDE_FILE(*crtend.o) .ctors)
 *(SORT(.ctors.*))
 *crtend.o(.ctors)
                0x00006f44                . = ALIGN (0x4)
 *crtbegin.o(.dtors)
 *(EXCLUDE_FILE(*crtend.o) .dtors)
 *(SORT(.dtors.*))
 *crtend.o(.dtors)
                0x00006f44                . = ALIGN (0x4)
                0x00006f44                __cy_regions = .
                0x00006f44        0x4 LONG 0x6f58 __cy_region_init_ram
                0x00006f48        0x4 LONG 0x200000b0 __cy_region_start_data
                0x00006f4c        0x4 LONG 0x130 __cy_region_init_size_ram
                0x00006f50        0x4 LONG 0x2c0 __cy_region_zero_size_ram
                0x00006f54                __cy_regions_end = .
                0x00006f58                . = ALIGN (0x8)
 *fill*         0x00006f54        0x4 
                0x00006f58                _etext = .

.cy_checksum_exclude
                0x00006f58        0x0
 *(.cy_checksum_exclude)

.ramvectors     0x20000000       0xa4
                0x20000000                __cy_region_start_ram = .
 *(.ramvectors)
 .ramvectors    0x20000000       0xa4 .\CortexM0p\ARM_GCC_493\Release\Cm0plusStart.o
                0x20000000                CyRamVectors

.noinit         0x200000a8        0x4
 *(.noinit)
 .noinit        0x200000a8        0x4 .\CortexM0p\ARM_GCC_493\Release\Cm0plusStart.o

.data           0x200000b0      0x130 load address 0x00006f58
                0x200000b0                __cy_region_start_data = .
 *(.jcr)
 .jcr           0x200000b0        0x0 c:/program files (x86)/cypress/psoc creator/4.0/psoc creator/import/gnu/arm/4.9.3/bin/../lib/gcc/arm-none-eabi/4.9.3/armv6-m/crtbegin.o
 .jcr           0x200000b0        0x4 c:/program files (x86)/cypress/psoc creator/4.0/psoc creator/import/gnu/arm/4.9.3/bin/../lib/gcc/arm-none-eabi/4.9.3/armv6-m/crtend.o
 *(.got.plt)
 *(.got)
 *(.shdata)
 *(.data .data.* .gnu.linkonce.d.*)
 .data          0x200000b4        0x2 .\CortexM0p\ARM_GCC_493\Release\lpc_synth.o
 *fill*         0x200000b6        0x2 
 .data          0x200000b8       0x14 .\CortexM0p\ARM_GCC_493\Release\Talking_Clock.a(CyLib.o)
                0x200000b8                CySysClkPumpConfig
                0x200000bc                cydelay32kMs
                0x200000c0                cydelayFreqKhz
                0x200000c4                cydelayFreqMhz
                0x200000c8                cydelayFreqHz
 .data          0x200000cc       0x24 .\CortexM0p\ARM_GCC_493\Release\Talking_Clock.a(CyDMA.o)
 .data          0x200000f0        0x4 .\CortexM0p\ARM_GCC_493\Release\Talking_Clock.a(CyLFClk.o)
 .data          0x200000f4       0x84 .\CortexM0p\ARM_GCC_493\Release\Talking_Clock.a(VDAC_Synth_UAB.o)
                0x200000f4                VDAC_Synth_UAB_config
                0x20000100                VDAC_Synth_UAB_initPairs
                0x20000170                VDAC_Synth_UAB_waveConfig
 .data          0x20000178        0x4 .\CortexM0p\ARM_GCC_493\Release\Talking_Clock.a(CapSense_SensingCSD_LL.o)
                0x20000178                CapSense_configCsd
 .data.impure_data
                0x2000017c       0x60 c:/program files (x86)/cypress/psoc creator/4.0/psoc creator/import/gnu/arm/4.9.3/bin/../lib/gcc/arm-none-eabi/4.9.3/../../../../arm-none-eabi/lib/armv6-m\libg_nano.a(lib_a-impure.o)
 .data._impure_ptr
                0x200001dc        0x4 c:/program files (x86)/cypress/psoc creator/4.0/psoc creator/import/gnu/arm/4.9.3/bin/../lib/gcc/arm-none-eabi/4.9.3/../../../../arm-none-eabi/lib/armv6-m\libg_nano.a(lib_a-impure.o)
                0x200001dc                _impure_ptr
                0x200001e0                . = ALIGN (0x8)
 *(.ram)
                0x200001e0                _edata = .

.igot.plt       0x200001e0        0x0 load address 0x00007088
 .igot.plt      0x00000000        0x0 c:/program files (x86)/cypress/psoc creator/4.0/psoc creator/import/gnu/arm/4.9.3/bin/../lib/gcc/arm-none-eabi/4.9.3/armv6-m/crtbegin.o

.bss            0x200001e0      0x2c0 load address 0x00007088
                0x200001e0                PROVIDE (__bss_start__, .)
 *(.shbss)
 *(.bss .bss.* .gnu.linkonce.b.*)
 .bss           0x200001e0       0x1c c:/program files (x86)/cypress/psoc creator/4.0/psoc creator/import/gnu/arm/4.9.3/bin/../lib/gcc/arm-none-eabi/4.9.3/armv6-m/crtbegin.o
 .bss           0x200001fc        0x1 .\CortexM0p\ARM_GCC_493\Release\main.o
 *fill*         0x200001fd        0x3 
 .bss           0x20000200       0x8c .\CortexM0p\ARM_GCC_493\Release\lpc_synth.o
 .bss           0x2000028c        0x6 .\CortexM0p\ARM_GCC_493\Release\temperature.o
 .bss           0x20000292        0x1 .\CortexM0p\ARM_GCC_493\Release\Talking_Clock.a(CyDMA.o)
 *fill*         0x20000293        0x1 
 .bss           0x20000294       0x18 .\CortexM0p\ARM_GCC_493\Release\Talking_Clock.a(CyLFClk.o)
 .bss           0x200002ac        0xc .\CortexM0p\ARM_GCC_493\Release\Talking_Clock.a(UART.o)
                0x200002ac                UART_initVar
                0x200002b0                UART_customIntrHandler
                0x200002b4                UART_IntrTxMask
 .bss           0x200002b8        0x1 .\CortexM0p\ARM_GCC_493\Release\Talking_Clock.a(DMA_Synth.o)
                0x200002b8                DMA_Synth_initVar
 .bss           0x200002b9        0x1 .\CortexM0p\ARM_GCC_493\Release\Talking_Clock.a(Timer_Synth.o)
                0x200002b9                Timer_Synth_initVar
 .bss           0x200002ba        0x1 .\CortexM0p\ARM_GCC_493\Release\Talking_Clock.a(VDAC_Synth.o)
                0x200002ba                VDAC_Synth_initVar
 *fill*         0x200002bb        0x1 
 .bss           0x200002bc        0x8 .\CortexM0p\ARM_GCC_493\Release\Talking_Clock.a(VDAC_Synth_OUTBUFFER.o)
                0x200002c0                VDAC_Synth_OUTBUFFER_initVar
 .bss           0x200002c4       0x10 .\CortexM0p\ARM_GCC_493\Release\Talking_Clock.a(RTC.o)
 .bss           0x200002d4        0x1 .\CortexM0p\ARM_GCC_493\Release\Talking_Clock.a(CapSense_Control.o)
 *fill*         0x200002d5        0x1 
 .bss           0x200002d6        0xe .\CortexM0p\ARM_GCC_493\Release\Talking_Clock.a(CapSense_Structure.o)
 .bss           0x200002e4        0x4 .\CortexM0p\ARM_GCC_493\Release\Talking_Clock.a(CapSense_Tuner.o)
 .bss           0x200002e8        0x4 .\CortexM0p\ARM_GCC_493\Release\Talking_Clock.a(CapSense_Sensing.o)
                0x200002e8                CapSense_requestScanAllWidget
                0x200002e9                CapSense_prescalersTuningDone
                0x200002ea                CapSense_sensorIndex
                0x200002eb                CapSense_widgetIndex
 .bss           0x200002ec        0x1 .\CortexM0p\ARM_GCC_493\Release\Talking_Clock.a(CapSense_SensingCSD_LL.o)
 .bss           0x200002ed        0x1 .\CortexM0p\ARM_GCC_493\Release\Talking_Clock.a(PVref.o)
                0x200002ed                PVref_initVar
 *fill*         0x200002ee        0x2 
 .bss           0x200002f0        0x8 .\CortexM0p\ARM_GCC_493\Release\Talking_Clock.a(VrefBuffer.o)
                0x200002f4                VrefBuffer_initVar
 .bss           0x200002f8        0x8 .\CortexM0p\ARM_GCC_493\Release\Talking_Clock.a(ADC.o)
                0x200002fc                ADC_initVar
                0x200002fd                ADC_selected
 *(COMMON)
 COMMON         0x20000300        0x6 .\CortexM0p\ARM_GCC_493\Release\lpc_synth.o
                0x20000300                gp_buffer
                0x20000304                g_elem_idx
                0x20000305                g_buffer_sel
 *fill*         0x20000306        0x2 
 COMMON         0x20000308      0x114 .\CortexM0p\ARM_GCC_493\Release\Talking_Clock.a(UART_SPI_UART.o)
                0x20000308                UART_txBufferTail
                0x2000030c                UART_txBufferHead
                0x20000310                UART_rxBufferTail
                0x20000314                UART_txBufferInternal
                0x20000394                UART_rxBufferInternal
                0x20000415                UART_rxBufferOverflow
                0x20000418                UART_rxBufferHead
 *fill*         0x2000041c        0x4 
 COMMON         0x20000420       0x28 .\CortexM0p\ARM_GCC_493\Release\Talking_Clock.a(RTC.o)
                0x20000420                RTC_initVar
                0x20000424                RTC_currentTimeDate
                0x20000434                RTC_alarmCurStatus
                0x20000438                RTC_dstStatus
                0x20000440                RTC_unixTime
 COMMON         0x20000448       0x40 .\CortexM0p\ARM_GCC_493\Release\Talking_Clock.a(CapSense_Structure.o)
                0x20000448                CapSense_dsRam
 COMMON         0x20000488        0x8 .\CortexM0p\ARM_GCC_493\Release\Talking_Clock.a(CapSense_Sensing.o)
                0x20000488                CapSense_curRamSnsPtr
                0x2000048c                CapSense_curSnsIOPtr
 COMMON         0x20000490        0xc .\CortexM0p\ARM_GCC_493\Release\Talking_Clock.a(ADC.o)
                0x20000490                ADC_countsPer10Volt
                0x20000498                ADC_offset
                0x200004a0                . = ALIGN (0x8)
 *fill*         0x2000049c        0x4 
 *(.ram.b)
                0x200004a0                _end = .
                0x200004a0                __end = .
                0x200004a0                PROVIDE (end, .)
                0x200004a0                PROVIDE (__bss_end__, .)
                0x00006f58                __cy_region_init_ram = LOADADDR (.data)
                0x00000130                __cy_region_init_size_ram = (_edata - ADDR (.data))
                0x000002c0                __cy_region_zero_size_ram = (_end - _edata)

.heap           0x200004a0       0x80 load address 0x00007088
                0x200004a0                . = _end
                0x20000520                . = (. + 0x80)
 *fill*         0x200004a0       0x80 
                0x20000520                __cy_heap_limit = .

.stack          0x20000c00      0x400
                0x20000c00                __cy_stack_limit = .
                0x20001000                . = (. + 0x400)
 *fill*         0x20000c00      0x400 
                0x00000001                ASSERT ((__cy_stack_limit >= __cy_heap_limit), region RAM overflowed with stack)
                0x00000000                cy_checksum_exclude_size = (CY_APPL_LOADABLE == 0x1)?SIZEOF (.cy_checksum_exclude):0x0
                0x00000001                ASSERT ((cy_checksum_exclude_size <= CY_CHECKSUM_EXCLUDE_SIZE), CY_BOOT: Section .cy_checksum_exclude size exceedes specified limit.)
                0x00007fc0                cyloadermeta_start = (cy_project_type_bootloader || cy_project_type_app_for_stack_and_copier)?(0x8000 - CY_METADATA_SIZE):0xf0000000

.cyloadermeta
 *(.cyloadermeta)
                0x00007fc0                cyloadablemeta_start = cy_project_type_app_for_stack_and_copier?((0x8000 - CY_FLASH_ROW_SIZE) - CY_METADATA_SIZE):((0x8000 - (CY_FLASH_ROW_SIZE * (CY_APPL_NUM - 0x1))) - CY_METADATA_SIZE)

.cyloadablemeta
 *(.cyloadablemeta)

.cyflashprotect
                0x90400000       0x20
 *(.cyflashprotect)
 .cyflashprotect
                0x90400000       0x20 .\CortexM0p\ARM_GCC_493\Release\cymetadata.o
                0x90400000                cy_meta_flashprotect

.cymeta         0x90500000        0xc
 *(.cymeta)
 .cymeta        0x90500000        0xc .\CortexM0p\ARM_GCC_493\Release\cymetadata.o
                0x90500000                cy_metadata

.cychipprotect  0x90600000        0x1
 *(.cychipprotect)
 .cychipprotect
                0x90600000        0x1 .\CortexM0p\ARM_GCC_493\Release\cymetadata.o
                0x90600000                cy_meta_chipprotect

.rel.dyn        0x00007088        0x0 load address 0x90600004
 .rel.iplt      0x00000000        0x0 c:/program files (x86)/cypress/psoc creator/4.0/psoc creator/import/gnu/arm/4.9.3/bin/../lib/gcc/arm-none-eabi/4.9.3/armv6-m/crtbegin.o

.stab
 *(.stab)

.stabstr
 *(.stabstr)

.debug
 *(.debug)

.line
 *(.line)

.debug_srcinfo
 *(.debug_srcinfo)

.debug_sfnames
 *(.debug_sfnames)

.debug_aranges  0x00000000     0x1418
 *(.debug_aranges)
 .debug_aranges
                0x00000000       0x28 .\CortexM0p\ARM_GCC_493\Release\main.o
 .debug_aranges
                0x00000028       0x48 .\CortexM0p\ARM_GCC_493\Release\lpc_synth.o
 .debug_aranges
                0x00000070       0x20 .\CortexM0p\ARM_GCC_493\Release\iprintf.o
 .debug_aranges
                0x00000090       0x28 .\CortexM0p\ARM_GCC_493\Release\temperature.o
 .debug_aranges
                0x000000b8       0x30 .\CortexM0p\ARM_GCC_493\Release\custom_synth.o
 .debug_aranges
                0x000000e8       0x18 .\CortexM0p\ARM_GCC_493\Release\cymetadata.o
 .debug_aranges
                0x00000100       0x48 .\CortexM0p\ARM_GCC_493\Release\Cm0plusStart.o
 .debug_aranges
                0x00000148       0x28 .\CortexM0p\ARM_GCC_493\Release\Talking_Clock.a(cyfitter_cfg.o)
 .debug_aranges
                0x00000170      0x1f8 .\CortexM0p\ARM_GCC_493\Release\Talking_Clock.a(CyLib.o)
 .debug_aranges
                0x00000368      0x198 .\CortexM0p\ARM_GCC_493\Release\Talking_Clock.a(CyDMA.o)
 .debug_aranges
                0x00000500      0x1a8 .\CortexM0p\ARM_GCC_493\Release\Talking_Clock.a(CyLFClk.o)
 .debug_aranges
                0x000006a8       0x50 .\CortexM0p\ARM_GCC_493\Release\Talking_Clock.a(UART.o)
 .debug_aranges
                0x000006f8       0x60 .\CortexM0p\ARM_GCC_493\Release\Talking_Clock.a(UART_SPI_UART.o)
 .debug_aranges
                0x00000758       0x88 .\CortexM0p\ARM_GCC_493\Release\Talking_Clock.a(UART_UART.o)
 .debug_aranges
                0x000007e0       0x28 .\CortexM0p\ARM_GCC_493\Release\Talking_Clock.a(DMA_Synth.o)
 .debug_aranges
                0x00000808      0x158 .\CortexM0p\ARM_GCC_493\Release\Talking_Clock.a(Timer_Synth.o)
 .debug_aranges
                0x00000960       0x78 .\CortexM0p\ARM_GCC_493\Release\Talking_Clock.a(VDAC_Synth.o)
 .debug_aranges
                0x000009d8      0x198 .\CortexM0p\ARM_GCC_493\Release\Talking_Clock.a(VDAC_Synth_UAB.o)
 .debug_aranges
                0x00000b70       0x38 .\CortexM0p\ARM_GCC_493\Release\Talking_Clock.a(VDAC_Synth_UAB_CyUAB.o)
 .debug_aranges
                0x00000ba8       0x48 .\CortexM0p\ARM_GCC_493\Release\Talking_Clock.a(VDAC_Synth_OUTBUFFER.o)
 .debug_aranges
                0x00000bf0       0xe0 .\CortexM0p\ARM_GCC_493\Release\Talking_Clock.a(RTC.o)
 .debug_aranges
                0x00000cd0       0x68 .\CortexM0p\ARM_GCC_493\Release\Talking_Clock.a(CapSense_Control.o)
 .debug_aranges
                0x00000d38       0x50 .\CortexM0p\ARM_GCC_493\Release\Talking_Clock.a(CapSense_Processing.o)
 .debug_aranges
                0x00000d88       0x58 .\CortexM0p\ARM_GCC_493\Release\Talking_Clock.a(CapSense_Structure.o)
 .debug_aranges
                0x00000de0       0x28 .\CortexM0p\ARM_GCC_493\Release\Talking_Clock.a(CapSense_Tuner.o)
 .debug_aranges
                0x00000e08       0x80 .\CortexM0p\ARM_GCC_493\Release\Talking_Clock.a(CapSense_Filter.o)
 .debug_aranges
                0x00000e88       0xb0 .\CortexM0p\ARM_GCC_493\Release\Talking_Clock.a(CapSense_Sensing.o)
 .debug_aranges
                0x00000f38       0xa8 .\CortexM0p\ARM_GCC_493\Release\Talking_Clock.a(CapSense_SensingCSD_LL.o)
 .debug_aranges
                0x00000fe0       0x80 .\CortexM0p\ARM_GCC_493\Release\Talking_Clock.a(CapSense_ISR.o)
 .debug_aranges
                0x00001060       0x28 .\CortexM0p\ARM_GCC_493\Release\Talking_Clock.a(Thermistor.o)
 .debug_aranges
                0x00001088       0x48 .\CortexM0p\ARM_GCC_493\Release\Talking_Clock.a(PVref.o)
 .debug_aranges
                0x000010d0       0x48 .\CortexM0p\ARM_GCC_493\Release\Talking_Clock.a(VrefBuffer.o)
 .debug_aranges
                0x00001118       0xe8 .\CortexM0p\ARM_GCC_493\Release\Talking_Clock.a(ADC.o)
 .debug_aranges
                0x00001200       0x18 .\CortexM0p\ARM_GCC_493\Release\Talking_Clock.a(ADC_INIT.o)
 .debug_aranges
                0x00001218       0x20 .\CortexM0p\ARM_GCC_493\Release\Talking_Clock.a(ADC_INT.o)
 .debug_aranges
                0x00001238       0x40 .\CortexM0p\ARM_GCC_493\Release\Talking_Clock.a(ADC_intSarClock.o)
 .debug_aranges
                0x00001278       0x80 .\CortexM0p\ARM_GCC_493\Release\Talking_Clock.a(ADC_IRQ.o)
 .debug_aranges
                0x000012f8       0x20 .\CortexM0p\ARM_GCC_493\Release\Talking_Clock.a(CyBootAsmGnu.o)
 .debug_aranges
                0x00001318       0x28 .\CortexM0p\ARM_GCC_493\Release\Talking_Clock.a(CyFlash.o)
 .debug_aranges
                0x00001340       0x30 .\CortexM0p\ARM_GCC_493\Release\Talking_Clock.a(cyPm.o)
 .debug_aranges
                0x00001370       0x20 .\CortexM0p\ARM_GCC_493\Release\Talking_Clock.a(UART_SPI_UART_INT.o)
 .debug_aranges
                0x00001390       0x30 .\CortexM0p\ARM_GCC_493\Release\Talking_Clock.a(CapSense_INT.o)
 .debug_aranges
                0x000013c0       0x28 C:\Program Files (x86)\Cypress\PSoC Creator\4.0\PSoC Creator\psoc\content\cycomponentlibrary\CyComponentLibrary.cylib\CapSense_P4_v3_10\PSoC4\Library\Capsense_P4Library_GCCp.a(CapSense_SmartSense_LL_v3_10.o)
 .debug_aranges
                0x000013e8       0x30 C:\Program Files (x86)\Cypress\PSoC Creator\4.0\PSoC Creator\psoc\content\cycomponentlibrary\CyComponentLibrary.cylib\CapSense_P4_v3_10\PSoC4\Library\Capsense_P4Library_GCCp.a(CapSense_SmartSense_SL_v3_10.o)

.debug_pubnames
 *(.debug_pubnames)

.debug_info     0x00000000    0x1251f
 *(.debug_info .gnu.linkonce.wi.*)
 .debug_info    0x00000000      0xcab .\CortexM0p\ARM_GCC_493\Release\main.o
 .debug_info    0x00000cab      0xc65 .\CortexM0p\ARM_GCC_493\Release\lpc_synth.o
 .debug_info    0x00001910      0x2ac .\CortexM0p\ARM_GCC_493\Release\iprintf.o
 .debug_info    0x00001bbc      0x240 .\CortexM0p\ARM_GCC_493\Release\temperature.o
 .debug_info    0x00001dfc      0xa97 .\CortexM0p\ARM_GCC_493\Release\custom_synth.o
 .debug_info    0x00002893       0xfe .\CortexM0p\ARM_GCC_493\Release\cymetadata.o
 .debug_info    0x00002991      0x399 .\CortexM0p\ARM_GCC_493\Release\Cm0plusStart.o
 .debug_info    0x00002d2a      0x1e7 .\CortexM0p\ARM_GCC_493\Release\Talking_Clock.a(cyfitter_cfg.o)
 .debug_info    0x00002f11      0xebc .\CortexM0p\ARM_GCC_493\Release\Talking_Clock.a(CyLib.o)
 .debug_info    0x00003dcd      0xd25 .\CortexM0p\ARM_GCC_493\Release\Talking_Clock.a(CyDMA.o)
 .debug_info    0x00004af2      0xcb7 .\CortexM0p\ARM_GCC_493\Release\Talking_Clock.a(CyLFClk.o)
 .debug_info    0x000057a9      0x2f1 .\CortexM0p\ARM_GCC_493\Release\Talking_Clock.a(UART.o)
 .debug_info    0x00005a9a      0x3a4 .\CortexM0p\ARM_GCC_493\Release\Talking_Clock.a(UART_SPI_UART.o)
 .debug_info    0x00005e3e      0x48a .\CortexM0p\ARM_GCC_493\Release\Talking_Clock.a(UART_UART.o)
 .debug_info    0x000062c8      0x36f .\CortexM0p\ARM_GCC_493\Release\Talking_Clock.a(DMA_Synth.o)
 .debug_info    0x00006637      0x935 .\CortexM0p\ARM_GCC_493\Release\Talking_Clock.a(Timer_Synth.o)
 .debug_info    0x00006f6c      0xa49 .\CortexM0p\ARM_GCC_493\Release\Talking_Clock.a(VDAC_Synth.o)
 .debug_info    0x000079b5     0x1853 .\CortexM0p\ARM_GCC_493\Release\Talking_Clock.a(VDAC_Synth_UAB.o)
 .debug_info    0x00009208      0x2f0 .\CortexM0p\ARM_GCC_493\Release\Talking_Clock.a(VDAC_Synth_UAB_CyUAB.o)
 .debug_info    0x000094f8      0x17e .\CortexM0p\ARM_GCC_493\Release\Talking_Clock.a(VDAC_Synth_OUTBUFFER.o)
 .debug_info    0x00009676      0xf59 .\CortexM0p\ARM_GCC_493\Release\Talking_Clock.a(RTC.o)
 .debug_info    0x0000a5cf      0xa7a .\CortexM0p\ARM_GCC_493\Release\Talking_Clock.a(CapSense_Control.o)
 .debug_info    0x0000b049      0xbca .\CortexM0p\ARM_GCC_493\Release\Talking_Clock.a(CapSense_Processing.o)
 .debug_info    0x0000bc13      0xac1 .\CortexM0p\ARM_GCC_493\Release\Talking_Clock.a(CapSense_Structure.o)
 .debug_info    0x0000c6d4      0x639 .\CortexM0p\ARM_GCC_493\Release\Talking_Clock.a(CapSense_Tuner.o)
 .debug_info    0x0000cd0d      0xae1 .\CortexM0p\ARM_GCC_493\Release\Talking_Clock.a(CapSense_Filter.o)
 .debug_info    0x0000d7ee     0x106b .\CortexM0p\ARM_GCC_493\Release\Talking_Clock.a(CapSense_Sensing.o)
 .debug_info    0x0000e859     0x106b .\CortexM0p\ARM_GCC_493\Release\Talking_Clock.a(CapSense_SensingCSD_LL.o)
 .debug_info    0x0000f8c4      0x350 .\CortexM0p\ARM_GCC_493\Release\Talking_Clock.a(CapSense_ISR.o)
 .debug_info    0x0000fc14      0x19a .\CortexM0p\ARM_GCC_493\Release\Talking_Clock.a(Thermistor.o)
 .debug_info    0x0000fdae      0x160 .\CortexM0p\ARM_GCC_493\Release\Talking_Clock.a(PVref.o)
 .debug_info    0x0000ff0e      0x17e .\CortexM0p\ARM_GCC_493\Release\Talking_Clock.a(VrefBuffer.o)
 .debug_info    0x0001008c      0xa19 .\CortexM0p\ARM_GCC_493\Release\Talking_Clock.a(ADC.o)
 .debug_info    0x00010aa5      0x1ac .\CortexM0p\ARM_GCC_493\Release\Talking_Clock.a(ADC_INIT.o)
 .debug_info    0x00010c51       0xc4 .\CortexM0p\ARM_GCC_493\Release\Talking_Clock.a(ADC_INT.o)
 .debug_info    0x00010d15      0x166 .\CortexM0p\ARM_GCC_493\Release\Talking_Clock.a(ADC_intSarClock.o)
 .debug_info    0x00010e7b      0x350 .\CortexM0p\ARM_GCC_493\Release\Talking_Clock.a(ADC_IRQ.o)
 .debug_info    0x000111cb       0x7a .\CortexM0p\ARM_GCC_493\Release\Talking_Clock.a(CyBootAsmGnu.o)
 .debug_info    0x00011245      0x370 .\CortexM0p\ARM_GCC_493\Release\Talking_Clock.a(CyFlash.o)
 .debug_info    0x000115b5      0x17b .\CortexM0p\ARM_GCC_493\Release\Talking_Clock.a(cyPm.o)
 .debug_info    0x00011730      0x17f .\CortexM0p\ARM_GCC_493\Release\Talking_Clock.a(UART_SPI_UART_INT.o)
 .debug_info    0x000118af      0x7cb .\CortexM0p\ARM_GCC_493\Release\Talking_Clock.a(CapSense_INT.o)
 .debug_info    0x0001207a      0x24c C:\Program Files (x86)\Cypress\PSoC Creator\4.0\PSoC Creator\psoc\content\cycomponentlibrary\CyComponentLibrary.cylib\CapSense_P4_v3_10\PSoC4\Library\Capsense_P4Library_GCCp.a(CapSense_SmartSense_LL_v3_10.o)
 .debug_info    0x000122c6      0x259 C:\Program Files (x86)\Cypress\PSoC Creator\4.0\PSoC Creator\psoc\content\cycomponentlibrary\CyComponentLibrary.cylib\CapSense_P4_v3_10\PSoC4\Library\Capsense_P4Library_GCCp.a(CapSense_SmartSense_SL_v3_10.o)

.debug_abbrev   0x00000000     0x494c
 *(.debug_abbrev)
 .debug_abbrev  0x00000000      0x298 .\CortexM0p\ARM_GCC_493\Release\main.o
 .debug_abbrev  0x00000298      0x2ab .\CortexM0p\ARM_GCC_493\Release\lpc_synth.o
 .debug_abbrev  0x00000543      0x130 .\CortexM0p\ARM_GCC_493\Release\iprintf.o
 .debug_abbrev  0x00000673      0x112 .\CortexM0p\ARM_GCC_493\Release\temperature.o
 .debug_abbrev  0x00000785      0x1d3 .\CortexM0p\ARM_GCC_493\Release\custom_synth.o
 .debug_abbrev  0x00000958       0x5d .\CortexM0p\ARM_GCC_493\Release\cymetadata.o
 .debug_abbrev  0x000009b5      0x1df .\CortexM0p\ARM_GCC_493\Release\Cm0plusStart.o
 .debug_abbrev  0x00000b94      0x119 .\CortexM0p\ARM_GCC_493\Release\Talking_Clock.a(cyfitter_cfg.o)
 .debug_abbrev  0x00000cad      0x33b .\CortexM0p\ARM_GCC_493\Release\Talking_Clock.a(CyLib.o)
 .debug_abbrev  0x00000fe8      0x239 .\CortexM0p\ARM_GCC_493\Release\Talking_Clock.a(CyDMA.o)
 .debug_abbrev  0x00001221      0x2fc .\CortexM0p\ARM_GCC_493\Release\Talking_Clock.a(CyLFClk.o)
 .debug_abbrev  0x0000151d      0x17d .\CortexM0p\ARM_GCC_493\Release\Talking_Clock.a(UART.o)
 .debug_abbrev  0x0000169a      0x1e3 .\CortexM0p\ARM_GCC_493\Release\Talking_Clock.a(UART_SPI_UART.o)
 .debug_abbrev  0x0000187d      0x17d .\CortexM0p\ARM_GCC_493\Release\Talking_Clock.a(UART_UART.o)
 .debug_abbrev  0x000019fa      0x18b .\CortexM0p\ARM_GCC_493\Release\Talking_Clock.a(DMA_Synth.o)
 .debug_abbrev  0x00001b85      0x193 .\CortexM0p\ARM_GCC_493\Release\Talking_Clock.a(Timer_Synth.o)
 .debug_abbrev  0x00001d18      0x1b3 .\CortexM0p\ARM_GCC_493\Release\Talking_Clock.a(VDAC_Synth.o)
 .debug_abbrev  0x00001ecb      0x222 .\CortexM0p\ARM_GCC_493\Release\Talking_Clock.a(VDAC_Synth_UAB.o)
 .debug_abbrev  0x000020ed      0x10e .\CortexM0p\ARM_GCC_493\Release\Talking_Clock.a(VDAC_Synth_UAB_CyUAB.o)
 .debug_abbrev  0x000021fb       0xc8 .\CortexM0p\ARM_GCC_493\Release\Talking_Clock.a(VDAC_Synth_OUTBUFFER.o)
 .debug_abbrev  0x000022c3      0x3a0 .\CortexM0p\ARM_GCC_493\Release\Talking_Clock.a(RTC.o)
 .debug_abbrev  0x00002663      0x264 .\CortexM0p\ARM_GCC_493\Release\Talking_Clock.a(CapSense_Control.o)
 .debug_abbrev  0x000028c7      0x217 .\CortexM0p\ARM_GCC_493\Release\Talking_Clock.a(CapSense_Processing.o)
 .debug_abbrev  0x00002ade      0x239 .\CortexM0p\ARM_GCC_493\Release\Talking_Clock.a(CapSense_Structure.o)
 .debug_abbrev  0x00002d17      0x17e .\CortexM0p\ARM_GCC_493\Release\Talking_Clock.a(CapSense_Tuner.o)
 .debug_abbrev  0x00002e95      0x2f3 .\CortexM0p\ARM_GCC_493\Release\Talking_Clock.a(CapSense_Filter.o)
 .debug_abbrev  0x00003188      0x33f .\CortexM0p\ARM_GCC_493\Release\Talking_Clock.a(CapSense_Sensing.o)
 .debug_abbrev  0x000034c7      0x2ca .\CortexM0p\ARM_GCC_493\Release\Talking_Clock.a(CapSense_SensingCSD_LL.o)
 .debug_abbrev  0x00003791      0x24d .\CortexM0p\ARM_GCC_493\Release\Talking_Clock.a(CapSense_ISR.o)
 .debug_abbrev  0x000039de       0xc4 .\CortexM0p\ARM_GCC_493\Release\Talking_Clock.a(Thermistor.o)
 .debug_abbrev  0x00003aa2       0x9b .\CortexM0p\ARM_GCC_493\Release\Talking_Clock.a(PVref.o)
 .debug_abbrev  0x00003b3d       0xc8 .\CortexM0p\ARM_GCC_493\Release\Talking_Clock.a(VrefBuffer.o)
 .debug_abbrev  0x00003c05      0x29c .\CortexM0p\ARM_GCC_493\Release\Talking_Clock.a(ADC.o)
 .debug_abbrev  0x00003ea1       0x86 .\CortexM0p\ARM_GCC_493\Release\Talking_Clock.a(ADC_INIT.o)
 .debug_abbrev  0x00003f27       0x65 .\CortexM0p\ARM_GCC_493\Release\Talking_Clock.a(ADC_INT.o)
 .debug_abbrev  0x00003f8c       0xb7 .\CortexM0p\ARM_GCC_493\Release\Talking_Clock.a(ADC_intSarClock.o)
 .debug_abbrev  0x00004043      0x24d .\CortexM0p\ARM_GCC_493\Release\Talking_Clock.a(ADC_IRQ.o)
 .debug_abbrev  0x00004290       0x14 .\CortexM0p\ARM_GCC_493\Release\Talking_Clock.a(CyBootAsmGnu.o)
 .debug_abbrev  0x000042a4      0x1c6 .\CortexM0p\ARM_GCC_493\Release\Talking_Clock.a(CyFlash.o)
 .debug_abbrev  0x0000446a       0xc6 .\CortexM0p\ARM_GCC_493\Release\Talking_Clock.a(cyPm.o)
 .debug_abbrev  0x00004530       0x9a .\CortexM0p\ARM_GCC_493\Release\Talking_Clock.a(UART_SPI_UART_INT.o)
 .debug_abbrev  0x000045ca      0x1c0 .\CortexM0p\ARM_GCC_493\Release\Talking_Clock.a(CapSense_INT.o)
 .debug_abbrev  0x0000478a      0x112 C:\Program Files (x86)\Cypress\PSoC Creator\4.0\PSoC Creator\psoc\content\cycomponentlibrary\CyComponentLibrary.cylib\CapSense_P4_v3_10\PSoC4\Library\Capsense_P4Library_GCCp.a(CapSense_SmartSense_LL_v3_10.o)
 .debug_abbrev  0x0000489c       0xb0 C:\Program Files (x86)\Cypress\PSoC Creator\4.0\PSoC Creator\psoc\content\cycomponentlibrary\CyComponentLibrary.cylib\CapSense_P4_v3_10\PSoC4\Library\Capsense_P4Library_GCCp.a(CapSense_SmartSense_SL_v3_10.o)

.debug_line     0x00000000     0x5e3e
 *(.debug_line)
 .debug_line    0x00000000      0x3b9 .\CortexM0p\ARM_GCC_493\Release\main.o
 .debug_line    0x000003b9      0x348 .\CortexM0p\ARM_GCC_493\Release\lpc_synth.o
 .debug_line    0x00000701      0x1f9 .\CortexM0p\ARM_GCC_493\Release\iprintf.o
 .debug_line    0x000008fa      0x1b9 .\CortexM0p\ARM_GCC_493\Release\temperature.o
 .debug_line    0x00000ab3      0x226 .\CortexM0p\ARM_GCC_493\Release\custom_synth.o
 .debug_line    0x00000cd9       0x51 .\CortexM0p\ARM_GCC_493\Release\cymetadata.o
 .debug_line    0x00000d2a      0x252 .\CortexM0p\ARM_GCC_493\Release\Cm0plusStart.o
 .debug_line    0x00000f7c      0x122 .\CortexM0p\ARM_GCC_493\Release\Talking_Clock.a(cyfitter_cfg.o)
 .debug_line    0x0000109e      0x662 .\CortexM0p\ARM_GCC_493\Release\Talking_Clock.a(CyLib.o)
 .debug_line    0x00001700      0x439 .\CortexM0p\ARM_GCC_493\Release\Talking_Clock.a(CyDMA.o)
 .debug_line    0x00001b39      0x68e .\CortexM0p\ARM_GCC_493\Release\Talking_Clock.a(CyLFClk.o)
 .debug_line    0x000021c7      0x137 .\CortexM0p\ARM_GCC_493\Release\Talking_Clock.a(UART.o)
 .debug_line    0x000022fe      0x173 .\CortexM0p\ARM_GCC_493\Release\Talking_Clock.a(UART_SPI_UART.o)
 .debug_line    0x00002471      0x213 .\CortexM0p\ARM_GCC_493\Release\Talking_Clock.a(UART_UART.o)
 .debug_line    0x00002684       0xb6 .\CortexM0p\ARM_GCC_493\Release\Talking_Clock.a(DMA_Synth.o)
 .debug_line    0x0000273a      0x3e9 .\CortexM0p\ARM_GCC_493\Release\Talking_Clock.a(Timer_Synth.o)
 .debug_line    0x00002b23      0x1a5 .\CortexM0p\ARM_GCC_493\Release\Talking_Clock.a(VDAC_Synth.o)
 .debug_line    0x00002cc8      0x612 .\CortexM0p\ARM_GCC_493\Release\Talking_Clock.a(VDAC_Synth_UAB.o)
 .debug_line    0x000032da      0x183 .\CortexM0p\ARM_GCC_493\Release\Talking_Clock.a(VDAC_Synth_UAB_CyUAB.o)
 .debug_line    0x0000345d       0xde .\CortexM0p\ARM_GCC_493\Release\Talking_Clock.a(VDAC_Synth_OUTBUFFER.o)
 .debug_line    0x0000353b      0x557 .\CortexM0p\ARM_GCC_493\Release\Talking_Clock.a(RTC.o)
 .debug_line    0x00003a92      0x230 .\CortexM0p\ARM_GCC_493\Release\Talking_Clock.a(CapSense_Control.o)
 .debug_line    0x00003cc2      0x322 .\CortexM0p\ARM_GCC_493\Release\Talking_Clock.a(CapSense_Processing.o)
 .debug_line    0x00003fe4      0x1cc .\CortexM0p\ARM_GCC_493\Release\Talking_Clock.a(CapSense_Structure.o)
 .debug_line    0x000041b0      0x130 .\CortexM0p\ARM_GCC_493\Release\Talking_Clock.a(CapSense_Tuner.o)
 .debug_line    0x000042e0      0x22f .\CortexM0p\ARM_GCC_493\Release\Talking_Clock.a(CapSense_Filter.o)
 .debug_line    0x0000450f      0x3e3 .\CortexM0p\ARM_GCC_493\Release\Talking_Clock.a(CapSense_Sensing.o)
 .debug_line    0x000048f2      0x4b1 .\CortexM0p\ARM_GCC_493\Release\Talking_Clock.a(CapSense_SensingCSD_LL.o)
 .debug_line    0x00004da3      0x1a4 .\CortexM0p\ARM_GCC_493\Release\Talking_Clock.a(CapSense_ISR.o)
 .debug_line    0x00004f47       0xbe .\CortexM0p\ARM_GCC_493\Release\Talking_Clock.a(Thermistor.o)
 .debug_line    0x00005005       0xc8 .\CortexM0p\ARM_GCC_493\Release\Talking_Clock.a(PVref.o)
 .debug_line    0x000050cd       0xd4 .\CortexM0p\ARM_GCC_493\Release\Talking_Clock.a(VrefBuffer.o)
 .debug_line    0x000051a1      0x387 .\CortexM0p\ARM_GCC_493\Release\Talking_Clock.a(ADC.o)
 .debug_line    0x00005528       0x58 .\CortexM0p\ARM_GCC_493\Release\Talking_Clock.a(ADC_INIT.o)
 .debug_line    0x00005580       0x68 .\CortexM0p\ARM_GCC_493\Release\Talking_Clock.a(ADC_INT.o)
 .debug_line    0x000055e8       0xd5 .\CortexM0p\ARM_GCC_493\Release\Talking_Clock.a(ADC_intSarClock.o)
 .debug_line    0x000056bd      0x1a1 .\CortexM0p\ARM_GCC_493\Release\Talking_Clock.a(ADC_IRQ.o)
 .debug_line    0x0000585e       0x68 .\CortexM0p\ARM_GCC_493\Release\Talking_Clock.a(CyBootAsmGnu.o)
 .debug_line    0x000058c6      0x124 .\CortexM0p\ARM_GCC_493\Release\Talking_Clock.a(CyFlash.o)
 .debug_line    0x000059ea       0x9d .\CortexM0p\ARM_GCC_493\Release\Talking_Clock.a(cyPm.o)
 .debug_line    0x00005a87       0xb6 .\CortexM0p\ARM_GCC_493\Release\Talking_Clock.a(UART_SPI_UART_INT.o)
 .debug_line    0x00005b3d      0x16b .\CortexM0p\ARM_GCC_493\Release\Talking_Clock.a(CapSense_INT.o)
 .debug_line    0x00005ca8       0xb2 C:\Program Files (x86)\Cypress\PSoC Creator\4.0\PSoC Creator\psoc\content\cycomponentlibrary\CyComponentLibrary.cylib\CapSense_P4_v3_10\PSoC4\Library\Capsense_P4Library_GCCp.a(CapSense_SmartSense_LL_v3_10.o)
 .debug_line    0x00005d5a       0xe4 C:\Program Files (x86)\Cypress\PSoC Creator\4.0\PSoC Creator\psoc\content\cycomponentlibrary\CyComponentLibrary.cylib\CapSense_P4_v3_10\PSoC4\Library\Capsense_P4Library_GCCp.a(CapSense_SmartSense_SL_v3_10.o)

.debug_frame    0x00000000     0x3394
 *(.debug_frame)
 .debug_frame   0x00000000       0x60 .\CortexM0p\ARM_GCC_493\Release\main.o
 .debug_frame   0x00000060       0xe8 .\CortexM0p\ARM_GCC_493\Release\lpc_synth.o
 .debug_frame   0x00000148       0x38 .\CortexM0p\ARM_GCC_493\Release\iprintf.o
 .debug_frame   0x00000180       0x4c .\CortexM0p\ARM_GCC_493\Release\temperature.o
 .debug_frame   0x000001cc       0x74 .\CortexM0p\ARM_GCC_493\Release\custom_synth.o
 .debug_frame   0x00000240       0xbc .\CortexM0p\ARM_GCC_493\Release\Cm0plusStart.o
 .debug_frame   0x000002fc       0x48 .\CortexM0p\ARM_GCC_493\Release\Talking_Clock.a(cyfitter_cfg.o)
 .debug_frame   0x00000344      0x4c4 .\CortexM0p\ARM_GCC_493\Release\Talking_Clock.a(CyLib.o)
 .debug_frame   0x00000808      0x344 .\CortexM0p\ARM_GCC_493\Release\Talking_Clock.a(CyDMA.o)
 .debug_frame   0x00000b4c      0x41c .\CortexM0p\ARM_GCC_493\Release\Talking_Clock.a(CyLFClk.o)
 .debug_frame   0x00000f68       0xb0 .\CortexM0p\ARM_GCC_493\Release\Talking_Clock.a(UART.o)
 .debug_frame   0x00001018       0xd4 .\CortexM0p\ARM_GCC_493\Release\Talking_Clock.a(UART_SPI_UART.o)
 .debug_frame   0x000010ec      0x134 .\CortexM0p\ARM_GCC_493\Release\Talking_Clock.a(UART_UART.o)
 .debug_frame   0x00001220       0x40 .\CortexM0p\ARM_GCC_493\Release\Talking_Clock.a(DMA_Synth.o)
 .debug_frame   0x00001260      0x384 .\CortexM0p\ARM_GCC_493\Release\Talking_Clock.a(Timer_Synth.o)
 .debug_frame   0x000015e4      0x13c .\CortexM0p\ARM_GCC_493\Release\Talking_Clock.a(VDAC_Synth.o)
 .debug_frame   0x00001720      0x48c .\CortexM0p\ARM_GCC_493\Release\Talking_Clock.a(VDAC_Synth_UAB.o)
 .debug_frame   0x00001bac       0x74 .\CortexM0p\ARM_GCC_493\Release\Talking_Clock.a(VDAC_Synth_UAB_CyUAB.o)
 .debug_frame   0x00001c20       0x7c .\CortexM0p\ARM_GCC_493\Release\Talking_Clock.a(VDAC_Synth_OUTBUFFER.o)
 .debug_frame   0x00001c9c      0x32c .\CortexM0p\ARM_GCC_493\Release\Talking_Clock.a(RTC.o)
 .debug_frame   0x00001fc8      0x12c .\CortexM0p\ARM_GCC_493\Release\Talking_Clock.a(CapSense_Control.o)
 .debug_frame   0x000020f4      0x100 .\CortexM0p\ARM_GCC_493\Release\Talking_Clock.a(CapSense_Processing.o)
 .debug_frame   0x000021f4       0xc8 .\CortexM0p\ARM_GCC_493\Release\Talking_Clock.a(CapSense_Structure.o)
 .debug_frame   0x000022bc       0x4c .\CortexM0p\ARM_GCC_493\Release\Talking_Clock.a(CapSense_Tuner.o)
 .debug_frame   0x00002308      0x174 .\CortexM0p\ARM_GCC_493\Release\Talking_Clock.a(CapSense_Filter.o)
 .debug_frame   0x0000247c      0x204 .\CortexM0p\ARM_GCC_493\Release\Talking_Clock.a(CapSense_Sensing.o)
 .debug_frame   0x00002680      0x230 .\CortexM0p\ARM_GCC_493\Release\Talking_Clock.a(CapSense_SensingCSD_LL.o)
 .debug_frame   0x000028b0      0x104 .\CortexM0p\ARM_GCC_493\Release\Talking_Clock.a(CapSense_ISR.o)
 .debug_frame   0x000029b4       0x4c .\CortexM0p\ARM_GCC_493\Release\Talking_Clock.a(Thermistor.o)
 .debug_frame   0x00002a00       0x7c .\CortexM0p\ARM_GCC_493\Release\Talking_Clock.a(PVref.o)
 .debug_frame   0x00002a7c       0x7c .\CortexM0p\ARM_GCC_493\Release\Talking_Clock.a(VrefBuffer.o)
 .debug_frame   0x00002af8      0x28c .\CortexM0p\ARM_GCC_493\Release\Talking_Clock.a(ADC.o)
 .debug_frame   0x00002d84       0x20 .\CortexM0p\ARM_GCC_493\Release\Talking_Clock.a(ADC_INT.o)
 .debug_frame   0x00002da4       0x6c .\CortexM0p\ARM_GCC_493\Release\Talking_Clock.a(ADC_intSarClock.o)
 .debug_frame   0x00002e10      0x104 .\CortexM0p\ARM_GCC_493\Release\Talking_Clock.a(ADC_IRQ.o)
 .debug_frame   0x00002f14       0x54 .\CortexM0p\ARM_GCC_493\Release\Talking_Clock.a(CyFlash.o)
 .debug_frame   0x00002f68       0x58 .\CortexM0p\ARM_GCC_493\Release\Talking_Clock.a(cyPm.o)
 .debug_frame   0x00002fc0       0x2c .\CortexM0p\ARM_GCC_493\Release\Talking_Clock.a(UART_SPI_UART_INT.o)
 .debug_frame   0x00002fec       0x64 .\CortexM0p\ARM_GCC_493\Release\Talking_Clock.a(CapSense_INT.o)
 .debug_frame   0x00003050       0x50 C:\Program Files (x86)\Cypress\PSoC Creator\4.0\PSoC Creator\psoc\content\cycomponentlibrary\CyComponentLibrary.cylib\CapSense_P4_v3_10\PSoC4\Library\Capsense_P4Library_GCCp.a(CapSense_SmartSense_LL_v3_10.o)
 .debug_frame   0x000030a0       0x58 C:\Program Files (x86)\Cypress\PSoC Creator\4.0\PSoC Creator\psoc\content\cycomponentlibrary\CyComponentLibrary.cylib\CapSense_P4_v3_10\PSoC4\Library\Capsense_P4Library_GCCp.a(CapSense_SmartSense_SL_v3_10.o)
 .debug_frame   0x000030f8       0x20 c:/program files (x86)/cypress/psoc creator/4.0/psoc creator/import/gnu/arm/4.9.3/bin/../lib/gcc/arm-none-eabi/4.9.3/armv6-m\libgcc.a(_udivsi3.o)
 .debug_frame   0x00003118       0x20 c:/program files (x86)/cypress/psoc creator/4.0/psoc creator/import/gnu/arm/4.9.3/bin/../lib/gcc/arm-none-eabi/4.9.3/armv6-m\libgcc.a(_divsi3.o)
 .debug_frame   0x00003138       0x34 c:/program files (x86)/cypress/psoc creator/4.0/psoc creator/import/gnu/arm/4.9.3/bin/../lib/gcc/arm-none-eabi/4.9.3/armv6-m\libgcc.a(_muldi3.o)
 .debug_frame   0x0000316c       0x50 c:/program files (x86)/cypress/psoc creator/4.0/psoc creator/import/gnu/arm/4.9.3/bin/../lib/gcc/arm-none-eabi/4.9.3/armv6-m\libgcc.a(bpabi.o)
 .debug_frame   0x000031bc       0x3c c:/program files (x86)/cypress/psoc creator/4.0/psoc creator/import/gnu/arm/4.9.3/bin/../lib/gcc/arm-none-eabi/4.9.3/armv6-m\libgcc.a(divsf3.o)
 .debug_frame   0x000031f8       0x3c c:/program files (x86)/cypress/psoc creator/4.0/psoc creator/import/gnu/arm/4.9.3/bin/../lib/gcc/arm-none-eabi/4.9.3/armv6-m\libgcc.a(mulsf3.o)
 .debug_frame   0x00003234       0x2c c:/program files (x86)/cypress/psoc creator/4.0/psoc creator/import/gnu/arm/4.9.3/bin/../lib/gcc/arm-none-eabi/4.9.3/armv6-m\libgcc.a(floatsisf.o)
 .debug_frame   0x00003260       0x3c c:/program files (x86)/cypress/psoc creator/4.0/psoc creator/import/gnu/arm/4.9.3/bin/../lib/gcc/arm-none-eabi/4.9.3/armv6-m\libgcc.a(_divdi3.o)
 .debug_frame   0x0000329c       0x3c c:/program files (x86)/cypress/psoc creator/4.0/psoc creator/import/gnu/arm/4.9.3/bin/../lib/gcc/arm-none-eabi/4.9.3/armv6-m\libgcc.a(_udivdi3.o)
 .debug_frame   0x000032d8       0x20 c:/program files (x86)/cypress/psoc creator/4.0/psoc creator/import/gnu/arm/4.9.3/bin/../lib/gcc/arm-none-eabi/4.9.3/../../../../arm-none-eabi/lib/armv6-m\libg_nano.a(lib_a-errno.o)
 .debug_frame   0x000032f8       0x28 c:/program files (x86)/cypress/psoc creator/4.0/psoc creator/import/gnu/arm/4.9.3/bin/../lib/gcc/arm-none-eabi/4.9.3/../../../../arm-none-eabi/lib/armv6-m\libg_nano.a(lib_a-exit.o)
 .debug_frame   0x00003320       0x2c c:/program files (x86)/cypress/psoc creator/4.0/psoc creator/import/gnu/arm/4.9.3/bin/../lib/gcc/arm-none-eabi/4.9.3/../../../../arm-none-eabi/lib/armv6-m\libg_nano.a(lib_a-init.o)
 .debug_frame   0x0000334c       0x28 c:/program files (x86)/cypress/psoc creator/4.0/psoc creator/import/gnu/arm/4.9.3/bin/../lib/gcc/arm-none-eabi/4.9.3/../../../../arm-none-eabi/lib/armv6-m\libg_nano.a(lib_a-memcpy.o)
 .debug_frame   0x00003374       0x20 c:/program files (x86)/cypress/psoc creator/4.0/psoc creator/import/gnu/arm/4.9.3/bin/../lib/gcc/arm-none-eabi/4.9.3/../../../../arm-none-eabi/lib/armv6-m\libg_nano.a(lib_a-memset.o)

.debug_str      0x00000000     0x7c35
 *(.debug_str)
 .debug_str     0x00000000      0x47d .\CortexM0p\ARM_GCC_493\Release\main.o
                                0x500 (size before relaxing)
 .debug_str     0x0000047d      0x3e3 .\CortexM0p\ARM_GCC_493\Release\lpc_synth.o
                                0x5c2 (size before relaxing)
 .debug_str     0x00000860       0x48 .\CortexM0p\ARM_GCC_493\Release\iprintf.o
                                0x20b (size before relaxing)
 .debug_str     0x000008a8       0xe8 .\CortexM0p\ARM_GCC_493\Release\temperature.o
                                0x294 (size before relaxing)
 .debug_str     0x00000990      0x186 .\CortexM0p\ARM_GCC_493\Release\custom_synth.o
                                0x406 (size before relaxing)
 .debug_str     0x00000b16       0x59 .\CortexM0p\ARM_GCC_493\Release\cymetadata.o
                                0x1bc (size before relaxing)
 .debug_str     0x00000b6f      0x15d .\CortexM0p\ARM_GCC_493\Release\Cm0plusStart.o
                                0x2f1 (size before relaxing)
 .debug_str     0x00000ccc       0xa4 .\CortexM0p\ARM_GCC_493\Release\Talking_Clock.a(cyfitter_cfg.o)
                                0x23a (size before relaxing)
 .debug_str     0x00000d70      0x6bb .\CortexM0p\ARM_GCC_493\Release\Talking_Clock.a(CyLib.o)
                                0x8af (size before relaxing)
 .debug_str     0x0000142b      0x551 .\CortexM0p\ARM_GCC_493\Release\Talking_Clock.a(CyDMA.o)
                                0x7cd (size before relaxing)
 .debug_str     0x0000197c      0x627 .\CortexM0p\ARM_GCC_493\Release\Talking_Clock.a(CyLFClk.o)
                                0x874 (size before relaxing)
 .debug_str     0x00001fa3      0x145 .\CortexM0p\ARM_GCC_493\Release\Talking_Clock.a(UART.o)
                                0x2f2 (size before relaxing)
 .debug_str     0x000020e8      0x1b7 .\CortexM0p\ARM_GCC_493\Release\Talking_Clock.a(UART_SPI_UART.o)
                                0x363 (size before relaxing)
 .debug_str     0x0000229f      0x135 .\CortexM0p\ARM_GCC_493\Release\Talking_Clock.a(UART_UART.o)
                                0x41a (size before relaxing)
 .debug_str     0x000023d4       0x44 .\CortexM0p\ARM_GCC_493\Release\Talking_Clock.a(DMA_Synth.o)
                                0x2f7 (size before relaxing)
 .debug_str     0x00002418      0x488 .\CortexM0p\ARM_GCC_493\Release\Talking_Clock.a(Timer_Synth.o)
                                0x68f (size before relaxing)
 .debug_str     0x000028a0      0xf8f .\CortexM0p\ARM_GCC_493\Release\Talking_Clock.a(VDAC_Synth.o)
                               0x1151 (size before relaxing)
 .debug_str     0x0000382f     0x1c4a .\CortexM0p\ARM_GCC_493\Release\Talking_Clock.a(VDAC_Synth_UAB.o)
                               0x2a29 (size before relaxing)
 .debug_str     0x00005479       0xd7 .\CortexM0p\ARM_GCC_493\Release\Talking_Clock.a(VDAC_Synth_UAB_CyUAB.o)
                                0x367 (size before relaxing)
 .debug_str     0x00005550       0xb9 .\CortexM0p\ARM_GCC_493\Release\Talking_Clock.a(VDAC_Synth_OUTBUFFER.o)
                                0x28b (size before relaxing)
 .debug_str     0x00005609      0x371 .\CortexM0p\ARM_GCC_493\Release\Talking_Clock.a(RTC.o)
                                0x619 (size before relaxing)
 .debug_str     0x0000597a      0x71e .\CortexM0p\ARM_GCC_493\Release\Talking_Clock.a(CapSense_Control.o)
                                0x939 (size before relaxing)
 .debug_str     0x00006098      0x1fe .\CortexM0p\ARM_GCC_493\Release\Talking_Clock.a(CapSense_Processing.o)
                                0x8ad (size before relaxing)
 .debug_str     0x00006296      0x1df .\CortexM0p\ARM_GCC_493\Release\Talking_Clock.a(CapSense_Structure.o)
                                0x802 (size before relaxing)
 .debug_str     0x00006475      0x11b .\CortexM0p\ARM_GCC_493\Release\Talking_Clock.a(CapSense_Tuner.o)
                                0x661 (size before relaxing)
 .debug_str     0x00006590      0x1ef .\CortexM0p\ARM_GCC_493\Release\Talking_Clock.a(CapSense_Filter.o)
                                0x7d3 (size before relaxing)
 .debug_str     0x0000677f      0x540 .\CortexM0p\ARM_GCC_493\Release\Talking_Clock.a(CapSense_Sensing.o)
                                0xbb1 (size before relaxing)
 .debug_str     0x00006cbf      0x31c .\CortexM0p\ARM_GCC_493\Release\Talking_Clock.a(CapSense_SensingCSD_LL.o)
                                0xb28 (size before relaxing)
 .debug_str     0x00006fdb      0x142 .\CortexM0p\ARM_GCC_493\Release\Talking_Clock.a(CapSense_ISR.o)
                                0x32e (size before relaxing)
 .debug_str     0x0000711d       0x61 .\CortexM0p\ARM_GCC_493\Release\Talking_Clock.a(Thermistor.o)
                                0x210 (size before relaxing)
 .debug_str     0x0000717e       0x76 .\CortexM0p\ARM_GCC_493\Release\Talking_Clock.a(PVref.o)
                                0x1f6 (size before relaxing)
 .debug_str     0x000071f4       0xad .\CortexM0p\ARM_GCC_493\Release\Talking_Clock.a(VrefBuffer.o)
                                0x231 (size before relaxing)
 .debug_str     0x000072a1      0x3f7 .\CortexM0p\ARM_GCC_493\Release\Talking_Clock.a(ADC.o)
                                0x61b (size before relaxing)
 .debug_str     0x00007698       0x22 .\CortexM0p\ARM_GCC_493\Release\Talking_Clock.a(ADC_INIT.o)
                                0x260 (size before relaxing)
 .debug_str     0x000076ba       0x35 .\CortexM0p\ARM_GCC_493\Release\Talking_Clock.a(ADC_INT.o)
                                0x19f (size before relaxing)
 .debug_str     0x000076ef       0xcf .\CortexM0p\ARM_GCC_493\Release\Talking_Clock.a(ADC_intSarClock.o)
                                0x275 (size before relaxing)
 .debug_str     0x000077be       0xf2 .\CortexM0p\ARM_GCC_493\Release\Talking_Clock.a(ADC_IRQ.o)
                                0x2e8 (size before relaxing)
 .debug_str     0x000078b0      0x105 .\CortexM0p\ARM_GCC_493\Release\Talking_Clock.a(CyFlash.o)
                                0x2e5 (size before relaxing)
 .debug_str     0x000079b5       0x5f .\CortexM0p\ARM_GCC_493\Release\Talking_Clock.a(cyPm.o)
                                0x21f (size before relaxing)
 .debug_str     0x00007a14       0x3d .\CortexM0p\ARM_GCC_493\Release\Talking_Clock.a(UART_SPI_UART_INT.o)
                                0x26b (size before relaxing)
 .debug_str     0x00007a51       0xa4 .\CortexM0p\ARM_GCC_493\Release\Talking_Clock.a(CapSense_INT.o)
                                0x6ff (size before relaxing)
 .debug_str     0x00007af5       0xcd C:\Program Files (x86)\Cypress\PSoC Creator\4.0\PSoC Creator\psoc\content\cycomponentlibrary\CyComponentLibrary.cylib\CapSense_P4_v3_10\PSoC4\Library\Capsense_P4Library_GCCp.a(CapSense_SmartSense_LL_v3_10.o)
                                0x2b2 (size before relaxing)
 .debug_str     0x00007bc2       0x73 C:\Program Files (x86)\Cypress\PSoC Creator\4.0\PSoC Creator\psoc\content\cycomponentlibrary\CyComponentLibrary.cylib\CapSense_P4_v3_10\PSoC4\Library\Capsense_P4Library_GCCp.a(CapSense_SmartSense_SL_v3_10.o)
                                0x30e (size before relaxing)

.debug_loc      0x00000000     0x88f6
 *(.debug_loc)
 .debug_loc     0x00000000      0x707 .\CortexM0p\ARM_GCC_493\Release\main.o
 .debug_loc     0x00000707      0x31e .\CortexM0p\ARM_GCC_493\Release\lpc_synth.o
 .debug_loc     0x00000a25      0x23e .\CortexM0p\ARM_GCC_493\Release\iprintf.o
 .debug_loc     0x00000c63       0x39 .\CortexM0p\ARM_GCC_493\Release\temperature.o
 .debug_loc     0x00000c9c      0x14d .\CortexM0p\ARM_GCC_493\Release\custom_synth.o
 .debug_loc     0x00000de9      0x1e9 .\CortexM0p\ARM_GCC_493\Release\Cm0plusStart.o
 .debug_loc     0x00000fd2       0x1e .\CortexM0p\ARM_GCC_493\Release\Talking_Clock.a(cyfitter_cfg.o)
 .debug_loc     0x00000ff0      0x81f .\CortexM0p\ARM_GCC_493\Release\Talking_Clock.a(CyLib.o)